[60.281s] Invoking command in '/home/rokey/p3/cobot_ws/build/parking_robot_system': AMENT_PREFIX_PATH=/home/rokey/p3/cobot_ws/install/parking_robot_interfaces:${AMENT_PREFIX_PATH} CMAKE_PREFIX_PATH=/home/rokey/p3/cobot_ws/install/parking_robot_interfaces LD_LIBRARY_PATH=/home/rokey/p3/cobot_ws/install/parking_robot_interfaces/lib:${LD_LIBRARY_PATH} PYTHONPATH=/home/rokey/p3/cobot_ws/build/parking_robot_system/prefix_override:/usr/lib/python3/dist-packages/colcon_core/task/python/colcon_distutils_commands:/home/rokey/p3/cobot_ws/install/parking_robot_system/lib/python3.10/site-packages:/home/rokey/p3/cobot_ws/install/parking_robot_interfaces/local/lib/python3.10/dist-packages:${PYTHONPATH} /usr/bin/python3 -W ignore:setup.py install is deprecated -W ignore:easy_install command is deprecated setup.py develop --editable --build-directory /home/rokey/p3/cobot_ws/build/parking_robot_system/build --no-deps symlink_data
[60.365s] /usr/lib/python3/dist-packages/setuptools/dist.py:723: UserWarning: Usage of dash-separated 'script-dir' will not be supported in future versions. Please use the underscore name 'script_dir' instead
[60.365s]   warnings.warn(
[60.378s] running develop
[60.430s] running egg_info
[60.431s] creating parking_robot_system.egg-info
[60.431s] writing parking_robot_system.egg-info/PKG-INFO
[60.431s] writing dependency_links to parking_robot_system.egg-info/dependency_links.txt
[60.431s] writing entry points to parking_robot_system.egg-info/entry_points.txt
[60.431s] writing requirements to parking_robot_system.egg-info/requires.txt
[60.431s] writing top-level names to parking_robot_system.egg-info/top_level.txt
[60.431s] writing manifest file 'parking_robot_system.egg-info/SOURCES.txt'
[60.431s] reading manifest file 'parking_robot_system.egg-info/SOURCES.txt'
[60.432s] writing manifest file 'parking_robot_system.egg-info/SOURCES.txt'
[60.432s] running build_ext
[60.433s] Creating /home/rokey/p3/cobot_ws/install/parking_robot_system/lib/python3.10/site-packages/parking-robot-system.egg-link (link to .)
[60.433s] Installing align_action_server script to /home/rokey/p3/cobot_ws/install/parking_robot_system/lib/parking_robot_system
[60.433s] Installing lift_action_server script to /home/rokey/p3/cobot_ws/install/parking_robot_system/lib/parking_robot_system
[60.433s] Installing navigate_action_server script to /home/rokey/p3/cobot_ws/install/parking_robot_system/lib/parking_robot_system
[60.433s] Installing parking_slot_manager script to /home/rokey/p3/cobot_ws/install/parking_robot_system/lib/parking_robot_system
[60.433s] Installing robot_task_orchestrator script to /home/rokey/p3/cobot_ws/install/parking_robot_system/lib/parking_robot_system
[60.433s] Installing safety_monitor script to /home/rokey/p3/cobot_ws/install/parking_robot_system/lib/parking_robot_system
[60.433s] Installing task_dispatcher script to /home/rokey/p3/cobot_ws/install/parking_robot_system/lib/parking_robot_system
[60.433s] Installing user_request_gateway script to /home/rokey/p3/cobot_ws/install/parking_robot_system/lib/parking_robot_system
[60.433s] Installing vehicle_detection_node script to /home/rokey/p3/cobot_ws/install/parking_robot_system/lib/parking_robot_system
[60.433s] 
[60.433s] Installed /home/rokey/p3/cobot_ws/build/parking_robot_system
[60.433s] running symlink_data
[60.433s] creating /home/rokey/p3/cobot_ws/install/parking_robot_system/share/ament_index
[60.433s] creating /home/rokey/p3/cobot_ws/install/parking_robot_system/share/ament_index/resource_index
[60.433s] creating /home/rokey/p3/cobot_ws/install/parking_robot_system/share/ament_index/resource_index/packages
[60.433s] symbolically linking /home/rokey/p3/cobot_ws/build/parking_robot_system/resource/parking_robot_system -> /home/rokey/p3/cobot_ws/install/parking_robot_system/share/ament_index/resource_index/packages
[60.433s] symbolically linking /home/rokey/p3/cobot_ws/build/parking_robot_system/package.xml -> /home/rokey/p3/cobot_ws/install/parking_robot_system/share/parking_robot_system
[60.433s] creating /home/rokey/p3/cobot_ws/install/parking_robot_system/share/parking_robot_system/launch
[60.433s] symbolically linking /home/rokey/p3/cobot_ws/build/parking_robot_system/launch/parking_robot_system.launch.py -> /home/rokey/p3/cobot_ws/install/parking_robot_system/share/parking_robot_system/launch
[90.072s] Invoked command in '/home/rokey/p3/cobot_ws/build/parking_robot_system' returned '0': AMENT_PREFIX_PATH=/home/rokey/p3/cobot_ws/install/parking_robot_interfaces:${AMENT_PREFIX_PATH} CMAKE_PREFIX_PATH=/home/rokey/p3/cobot_ws/install/parking_robot_interfaces LD_LIBRARY_PATH=/home/rokey/p3/cobot_ws/install/parking_robot_interfaces/lib:${LD_LIBRARY_PATH} PYTHONPATH=/home/rokey/p3/cobot_ws/build/parking_robot_system/prefix_override:/usr/lib/python3/dist-packages/colcon_core/task/python/colcon_distutils_commands:/home/rokey/p3/cobot_ws/install/parking_robot_system/lib/python3.10/site-packages:/home/rokey/p3/cobot_ws/install/parking_robot_interfaces/local/lib/python3.10/dist-packages:${PYTHONPATH} /usr/bin/python3 -W ignore:setup.py install is deprecated -W ignore:easy_install command is deprecated setup.py develop --editable --build-directory /home/rokey/p3/cobot_ws/build/parking_robot_system/build --no-deps symlink_data
