[0.054s] DEBUG:colcon:Command line arguments: ['/usr/bin/colcon', 'build', '--packages-select', 'parkbot_aruco', '--symlink-install']
[0.054s] DEBUG:colcon:Parsed command line arguments: Namespace(log_base=None, log_level=None, verb_name='build', build_base='build', install_base='install', merge_install=False, symlink_install=True, test_result_base=None, continue_on_error=False, executor='parallel', parallel_workers=24, event_handlers=None, ignore_user_meta=False, metas=['./colcon.meta'], base_paths=['.'], packages_ignore=None, packages_ignore_regex=None, paths=None, packages_up_to=None, packages_up_to_regex=None, packages_above=None, packages_above_and_dependencies=None, packages_above_depth=None, packages_select_by_dep=None, packages_skip_by_dep=None, packages_skip_up_to=None, packages_select_build_failed=False, packages_skip_build_finished=False, packages_select_test_failures=False, packages_skip_test_passed=False, packages_select=['parkbot_aruco'], packages_skip=None, packages_select_regex=None, packages_skip_regex=None, packages_start=None, packages_end=None, allow_overriding=[], cmake_args=None, cmake_target=None, cmake_target_skip_unavailable=False, cmake_clean_cache=False, cmake_clean_first=False, cmake_force_configure=False, ament_cmake_args=None, catkin_cmake_args=None, catkin_skip_building_tests=False, verb_parser=<colcon_defaults.argument_parser.defaults.DefaultArgumentsDecorator object at 0x70649fe13d60>, verb_extension=<colcon_core.verb.build.BuildVerb object at 0x70649ff713f0>, main=<bound method BuildVerb.main of <colcon_core.verb.build.BuildVerb object at 0x70649ff713f0>>)
[0.139s] Level 1:colcon.colcon_core.package_discovery:discover_packages(colcon_meta) check parameters
[0.139s] Level 1:colcon.colcon_core.package_discovery:discover_packages(recursive) check parameters
[0.139s] Level 1:colcon.colcon_core.package_discovery:discover_packages(ignore) check parameters
[0.139s] Level 1:colcon.colcon_core.package_discovery:discover_packages(path) check parameters
[0.139s] Level 1:colcon.colcon_core.package_discovery:discover_packages(colcon_meta) discover
[0.139s] Level 1:colcon.colcon_core.package_discovery:discover_packages(recursive) discover
[0.139s] INFO:colcon.colcon_core.package_discovery:Crawling recursively for packages in '/home/rokey/p3/cobot_ws'
[0.139s] Level 1:colcon.colcon_core.package_identification:_identify(.) by extensions ['ignore', 'ignore_ament_install']
[0.139s] Level 1:colcon.colcon_core.package_identification:_identify(.) by extension 'ignore'
[0.139s] Level 1:colcon.colcon_core.package_identification:_identify(.) by extension 'ignore_ament_install'
[0.139s] Level 1:colcon.colcon_core.package_identification:_identify(.) by extensions ['colcon_pkg']
[0.139s] Level 1:colcon.colcon_core.package_identification:_identify(.) by extension 'colcon_pkg'
[0.139s] Level 1:colcon.colcon_core.package_identification:_identify(.) by extensions ['colcon_meta']
[0.139s] Level 1:colcon.colcon_core.package_identification:_identify(.) by extension 'colcon_meta'
[0.139s] Level 1:colcon.colcon_core.package_identification:_identify(.) by extensions ['ros']
[0.139s] Level 1:colcon.colcon_core.package_identification:_identify(.) by extension 'ros'
[0.144s] Level 1:colcon.colcon_core.package_identification:_identify(.) by extensions ['cmake', 'python']
[0.144s] Level 1:colcon.colcon_core.package_identification:_identify(.) by extension 'cmake'
[0.144s] Level 1:colcon.colcon_core.package_identification:_identify(.) by extension 'python'
[0.144s] Level 1:colcon.colcon_core.package_identification:_identify(.) by extensions ['python_setup_py']
[0.144s] Level 1:colcon.colcon_core.package_identification:_identify(.) by extension 'python_setup_py'
[0.144s] Level 1:colcon.colcon_core.package_identification:_identify(build) by extensions ['ignore', 'ignore_ament_install']
[0.144s] Level 1:colcon.colcon_core.package_identification:_identify(build) by extension 'ignore'
[0.144s] Level 1:colcon.colcon_core.package_identification:_identify(build) ignored
[0.144s] Level 1:colcon.colcon_core.package_identification:_identify(data) by extensions ['ignore', 'ignore_ament_install']
[0.144s] Level 1:colcon.colcon_core.package_identification:_identify(data) by extension 'ignore'
[0.144s] Level 1:colcon.colcon_core.package_identification:_identify(data) by extension 'ignore_ament_install'
[0.144s] Level 1:colcon.colcon_core.package_identification:_identify(data) by extensions ['colcon_pkg']
[0.145s] Level 1:colcon.colcon_core.package_identification:_identify(data) by extension 'colcon_pkg'
[0.145s] Level 1:colcon.colcon_core.package_identification:_identify(data) by extensions ['colcon_meta']
[0.145s] Level 1:colcon.colcon_core.package_identification:_identify(data) by extension 'colcon_meta'
[0.145s] Level 1:colcon.colcon_core.package_identification:_identify(data) by extensions ['ros']
[0.145s] Level 1:colcon.colcon_core.package_identification:_identify(data) by extension 'ros'
[0.145s] Level 1:colcon.colcon_core.package_identification:_identify(data) by extensions ['cmake', 'python']
[0.145s] Level 1:colcon.colcon_core.package_identification:_identify(data) by extension 'cmake'
[0.145s] Level 1:colcon.colcon_core.package_identification:_identify(data) by extension 'python'
[0.145s] Level 1:colcon.colcon_core.package_identification:_identify(data) by extensions ['python_setup_py']
[0.145s] Level 1:colcon.colcon_core.package_identification:_identify(data) by extension 'python_setup_py'
[0.145s] Level 1:colcon.colcon_core.package_identification:_identify(data/stream_store) by extensions ['ignore', 'ignore_ament_install']
[0.145s] Level 1:colcon.colcon_core.package_identification:_identify(data/stream_store) by extension 'ignore'
[0.145s] Level 1:colcon.colcon_core.package_identification:_identify(data/stream_store) by extension 'ignore_ament_install'
[0.145s] Level 1:colcon.colcon_core.package_identification:_identify(data/stream_store) by extensions ['colcon_pkg']
[0.145s] Level 1:colcon.colcon_core.package_identification:_identify(data/stream_store) by extension 'colcon_pkg'
[0.145s] Level 1:colcon.colcon_core.package_identification:_identify(data/stream_store) by extensions ['colcon_meta']
[0.145s] Level 1:colcon.colcon_core.package_identification:_identify(data/stream_store) by extension 'colcon_meta'
[0.145s] Level 1:colcon.colcon_core.package_identification:_identify(data/stream_store) by extensions ['ros']
[0.145s] Level 1:colcon.colcon_core.package_identification:_identify(data/stream_store) by extension 'ros'
[0.145s] Level 1:colcon.colcon_core.package_identification:_identify(data/stream_store) by extensions ['cmake', 'python']
[0.145s] Level 1:colcon.colcon_core.package_identification:_identify(data/stream_store) by extension 'cmake'
[0.145s] Level 1:colcon.colcon_core.package_identification:_identify(data/stream_store) by extension 'python'
[0.145s] Level 1:colcon.colcon_core.package_identification:_identify(data/stream_store) by extensions ['python_setup_py']
[0.145s] Level 1:colcon.colcon_core.package_identification:_identify(data/stream_store) by extension 'python_setup_py'
[0.145s] Level 1:colcon.colcon_core.package_identification:_identify(docs) by extensions ['ignore', 'ignore_ament_install']
[0.145s] Level 1:colcon.colcon_core.package_identification:_identify(docs) by extension 'ignore'
[0.145s] Level 1:colcon.colcon_core.package_identification:_identify(docs) by extension 'ignore_ament_install'
[0.145s] Level 1:colcon.colcon_core.package_identification:_identify(docs) by extensions ['colcon_pkg']
[0.145s] Level 1:colcon.colcon_core.package_identification:_identify(docs) by extension 'colcon_pkg'
[0.145s] Level 1:colcon.colcon_core.package_identification:_identify(docs) by extensions ['colcon_meta']
[0.145s] Level 1:colcon.colcon_core.package_identification:_identify(docs) by extension 'colcon_meta'
[0.145s] Level 1:colcon.colcon_core.package_identification:_identify(docs) by extensions ['ros']
[0.145s] Level 1:colcon.colcon_core.package_identification:_identify(docs) by extension 'ros'
[0.145s] Level 1:colcon.colcon_core.package_identification:_identify(docs) by extensions ['cmake', 'python']
[0.145s] Level 1:colcon.colcon_core.package_identification:_identify(docs) by extension 'cmake'
[0.145s] Level 1:colcon.colcon_core.package_identification:_identify(docs) by extension 'python'
[0.145s] Level 1:colcon.colcon_core.package_identification:_identify(docs) by extensions ['python_setup_py']
[0.145s] Level 1:colcon.colcon_core.package_identification:_identify(docs) by extension 'python_setup_py'
[0.145s] Level 1:colcon.colcon_core.package_identification:_identify(docs/concepts) by extensions ['ignore', 'ignore_ament_install']
[0.145s] Level 1:colcon.colcon_core.package_identification:_identify(docs/concepts) by extension 'ignore'
[0.145s] Level 1:colcon.colcon_core.package_identification:_identify(docs/concepts) by extension 'ignore_ament_install'
[0.145s] Level 1:colcon.colcon_core.package_identification:_identify(docs/concepts) by extensions ['colcon_pkg']
[0.145s] Level 1:colcon.colcon_core.package_identification:_identify(docs/concepts) by extension 'colcon_pkg'
[0.145s] Level 1:colcon.colcon_core.package_identification:_identify(docs/concepts) by extensions ['colcon_meta']
[0.145s] Level 1:colcon.colcon_core.package_identification:_identify(docs/concepts) by extension 'colcon_meta'
[0.145s] Level 1:colcon.colcon_core.package_identification:_identify(docs/concepts) by extensions ['ros']
[0.145s] Level 1:colcon.colcon_core.package_identification:_identify(docs/concepts) by extension 'ros'
[0.145s] Level 1:colcon.colcon_core.package_identification:_identify(docs/concepts) by extensions ['cmake', 'python']
[0.145s] Level 1:colcon.colcon_core.package_identification:_identify(docs/concepts) by extension 'cmake'
[0.145s] Level 1:colcon.colcon_core.package_identification:_identify(docs/concepts) by extension 'python'
[0.145s] Level 1:colcon.colcon_core.package_identification:_identify(docs/concepts) by extensions ['python_setup_py']
[0.145s] Level 1:colcon.colcon_core.package_identification:_identify(docs/concepts) by extension 'python_setup_py'
[0.145s] Level 1:colcon.colcon_core.package_identification:_identify(docs/superpowers) by extensions ['ignore', 'ignore_ament_install']
[0.145s] Level 1:colcon.colcon_core.package_identification:_identify(docs/superpowers) by extension 'ignore'
[0.145s] Level 1:colcon.colcon_core.package_identification:_identify(docs/superpowers) by extension 'ignore_ament_install'
[0.145s] Level 1:colcon.colcon_core.package_identification:_identify(docs/superpowers) by extensions ['colcon_pkg']
[0.145s] Level 1:colcon.colcon_core.package_identification:_identify(docs/superpowers) by extension 'colcon_pkg'
[0.145s] Level 1:colcon.colcon_core.package_identification:_identify(docs/superpowers) by extensions ['colcon_meta']
[0.145s] Level 1:colcon.colcon_core.package_identification:_identify(docs/superpowers) by extension 'colcon_meta'
[0.146s] Level 1:colcon.colcon_core.package_identification:_identify(docs/superpowers) by extensions ['ros']
[0.146s] Level 1:colcon.colcon_core.package_identification:_identify(docs/superpowers) by extension 'ros'
[0.146s] Level 1:colcon.colcon_core.package_identification:_identify(docs/superpowers) by extensions ['cmake', 'python']
[0.146s] Level 1:colcon.colcon_core.package_identification:_identify(docs/superpowers) by extension 'cmake'
[0.146s] Level 1:colcon.colcon_core.package_identification:_identify(docs/superpowers) by extension 'python'
[0.146s] Level 1:colcon.colcon_core.package_identification:_identify(docs/superpowers) by extensions ['python_setup_py']
[0.146s] Level 1:colcon.colcon_core.package_identification:_identify(docs/superpowers) by extension 'python_setup_py'
[0.146s] Level 1:colcon.colcon_core.package_identification:_identify(docs/superpowers/plans) by extensions ['ignore', 'ignore_ament_install']
[0.146s] Level 1:colcon.colcon_core.package_identification:_identify(docs/superpowers/plans) by extension 'ignore'
[0.146s] Level 1:colcon.colcon_core.package_identification:_identify(docs/superpowers/plans) by extension 'ignore_ament_install'
[0.146s] Level 1:colcon.colcon_core.package_identification:_identify(docs/superpowers/plans) by extensions ['colcon_pkg']
[0.146s] Level 1:colcon.colcon_core.package_identification:_identify(docs/superpowers/plans) by extension 'colcon_pkg'
[0.146s] Level 1:colcon.colcon_core.package_identification:_identify(docs/superpowers/plans) by extensions ['colcon_meta']
[0.146s] Level 1:colcon.colcon_core.package_identification:_identify(docs/superpowers/plans) by extension 'colcon_meta'
[0.146s] Level 1:colcon.colcon_core.package_identification:_identify(docs/superpowers/plans) by extensions ['ros']
[0.146s] Level 1:colcon.colcon_core.package_identification:_identify(docs/superpowers/plans) by extension 'ros'
[0.146s] Level 1:colcon.colcon_core.package_identification:_identify(docs/superpowers/plans) by extensions ['cmake', 'python']
[0.146s] Level 1:colcon.colcon_core.package_identification:_identify(docs/superpowers/plans) by extension 'cmake'
[0.146s] Level 1:colcon.colcon_core.package_identification:_identify(docs/superpowers/plans) by extension 'python'
[0.146s] Level 1:colcon.colcon_core.package_identification:_identify(docs/superpowers/plans) by extensions ['python_setup_py']
[0.146s] Level 1:colcon.colcon_core.package_identification:_identify(docs/superpowers/plans) by extension 'python_setup_py'
[0.146s] Level 1:colcon.colcon_core.package_identification:_identify(docs/superpowers/specs) by extensions ['ignore', 'ignore_ament_install']
[0.146s] Level 1:colcon.colcon_core.package_identification:_identify(docs/superpowers/specs) by extension 'ignore'
[0.146s] Level 1:colcon.colcon_core.package_identification:_identify(docs/superpowers/specs) by extension 'ignore_ament_install'
[0.146s] Level 1:colcon.colcon_core.package_identification:_identify(docs/superpowers/specs) by extensions ['colcon_pkg']
[0.146s] Level 1:colcon.colcon_core.package_identification:_identify(docs/superpowers/specs) by extension 'colcon_pkg'
[0.146s] Level 1:colcon.colcon_core.package_identification:_identify(docs/superpowers/specs) by extensions ['colcon_meta']
[0.146s] Level 1:colcon.colcon_core.package_identification:_identify(docs/superpowers/specs) by extension 'colcon_meta'
[0.146s] Level 1:colcon.colcon_core.package_identification:_identify(docs/superpowers/specs) by extensions ['ros']
[0.146s] Level 1:colcon.colcon_core.package_identification:_identify(docs/superpowers/specs) by extension 'ros'
[0.146s] Level 1:colcon.colcon_core.package_identification:_identify(docs/superpowers/specs) by extensions ['cmake', 'python']
[0.146s] Level 1:colcon.colcon_core.package_identification:_identify(docs/superpowers/specs) by extension 'cmake'
[0.146s] Level 1:colcon.colcon_core.package_identification:_identify(docs/superpowers/specs) by extension 'python'
[0.146s] Level 1:colcon.colcon_core.package_identification:_identify(docs/superpowers/specs) by extensions ['python_setup_py']
[0.146s] Level 1:colcon.colcon_core.package_identification:_identify(docs/superpowers/specs) by extension 'python_setup_py'
[0.146s] Level 1:colcon.colcon_core.package_identification:_identify(install) by extensions ['ignore', 'ignore_ament_install']
[0.146s] Level 1:colcon.colcon_core.package_identification:_identify(install) by extension 'ignore'
[0.146s] Level 1:colcon.colcon_core.package_identification:_identify(install) ignored
[0.146s] Level 1:colcon.colcon_core.package_identification:_identify(isaacpjt) by extensions ['ignore', 'ignore_ament_install']
[0.146s] Level 1:colcon.colcon_core.package_identification:_identify(isaacpjt) by extension 'ignore'
[0.146s] Level 1:colcon.colcon_core.package_identification:_identify(isaacpjt) by extension 'ignore_ament_install'
[0.146s] Level 1:colcon.colcon_core.package_identification:_identify(isaacpjt) by extensions ['colcon_pkg']
[0.146s] Level 1:colcon.colcon_core.package_identification:_identify(isaacpjt) by extension 'colcon_pkg'
[0.146s] Level 1:colcon.colcon_core.package_identification:_identify(isaacpjt) by extensions ['colcon_meta']
[0.146s] Level 1:colcon.colcon_core.package_identification:_identify(isaacpjt) by extension 'colcon_meta'
[0.146s] Level 1:colcon.colcon_core.package_identification:_identify(isaacpjt) by extensions ['ros']
[0.146s] Level 1:colcon.colcon_core.package_identification:_identify(isaacpjt) by extension 'ros'
[0.146s] Level 1:colcon.colcon_core.package_identification:_identify(isaacpjt) by extensions ['cmake', 'python']
[0.146s] Level 1:colcon.colcon_core.package_identification:_identify(isaacpjt) by extension 'cmake'
[0.146s] Level 1:colcon.colcon_core.package_identification:_identify(isaacpjt) by extension 'python'
[0.146s] Level 1:colcon.colcon_core.package_identification:_identify(isaacpjt) by extensions ['python_setup_py']
[0.146s] Level 1:colcon.colcon_core.package_identification:_identify(isaacpjt) by extension 'python_setup_py'
[0.146s] Level 1:colcon.colcon_core.package_identification:_identify(isaacpjt/Isaac_envo) by extensions ['ignore', 'ignore_ament_install']
[0.146s] Level 1:colcon.colcon_core.package_identification:_identify(isaacpjt/Isaac_envo) by extension 'ignore'
[0.146s] Level 1:colcon.colcon_core.package_identification:_identify(isaacpjt/Isaac_envo) by extension 'ignore_ament_install'
[0.147s] Level 1:colcon.colcon_core.package_identification:_identify(isaacpjt/Isaac_envo) by extensions ['colcon_pkg']
[0.147s] Level 1:colcon.colcon_core.package_identification:_identify(isaacpjt/Isaac_envo) by extension 'colcon_pkg'
[0.147s] Level 1:colcon.colcon_core.package_identification:_identify(isaacpjt/Isaac_envo) by extensions ['colcon_meta']
[0.147s] Level 1:colcon.colcon_core.package_identification:_identify(isaacpjt/Isaac_envo) by extension 'colcon_meta'
[0.147s] Level 1:colcon.colcon_core.package_identification:_identify(isaacpjt/Isaac_envo) by extensions ['ros']
[0.147s] Level 1:colcon.colcon_core.package_identification:_identify(isaacpjt/Isaac_envo) by extension 'ros'
[0.147s] Level 1:colcon.colcon_core.package_identification:_identify(isaacpjt/Isaac_envo) by extensions ['cmake', 'python']
[0.147s] Level 1:colcon.colcon_core.package_identification:_identify(isaacpjt/Isaac_envo) by extension 'cmake'
[0.147s] Level 1:colcon.colcon_core.package_identification:_identify(isaacpjt/Isaac_envo) by extension 'python'
[0.147s] Level 1:colcon.colcon_core.package_identification:_identify(isaacpjt/Isaac_envo) by extensions ['python_setup_py']
[0.147s] Level 1:colcon.colcon_core.package_identification:_identify(isaacpjt/Isaac_envo) by extension 'python_setup_py'
[0.147s] Level 1:colcon.colcon_core.package_identification:_identify(isaacpjt/Isaac_envo/__pycache__) by extensions ['ignore', 'ignore_ament_install']
[0.147s] Level 1:colcon.colcon_core.package_identification:_identify(isaacpjt/Isaac_envo/__pycache__) by extension 'ignore'
[0.147s] Level 1:colcon.colcon_core.package_identification:_identify(isaacpjt/Isaac_envo/__pycache__) by extension 'ignore_ament_install'
[0.147s] Level 1:colcon.colcon_core.package_identification:_identify(isaacpjt/Isaac_envo/__pycache__) by extensions ['colcon_pkg']
[0.147s] Level 1:colcon.colcon_core.package_identification:_identify(isaacpjt/Isaac_envo/__pycache__) by extension 'colcon_pkg'
[0.147s] Level 1:colcon.colcon_core.package_identification:_identify(isaacpjt/Isaac_envo/__pycache__) by extensions ['colcon_meta']
[0.147s] Level 1:colcon.colcon_core.package_identification:_identify(isaacpjt/Isaac_envo/__pycache__) by extension 'colcon_meta'
[0.147s] Level 1:colcon.colcon_core.package_identification:_identify(isaacpjt/Isaac_envo/__pycache__) by extensions ['ros']
[0.147s] Level 1:colcon.colcon_core.package_identification:_identify(isaacpjt/Isaac_envo/__pycache__) by extension 'ros'
[0.147s] Level 1:colcon.colcon_core.package_identification:_identify(isaacpjt/Isaac_envo/__pycache__) by extensions ['cmake', 'python']
[0.147s] Level 1:colcon.colcon_core.package_identification:_identify(isaacpjt/Isaac_envo/__pycache__) by extension 'cmake'
[0.147s] Level 1:colcon.colcon_core.package_identification:_identify(isaacpjt/Isaac_envo/__pycache__) by extension 'python'
[0.147s] Level 1:colcon.colcon_core.package_identification:_identify(isaacpjt/Isaac_envo/__pycache__) by extensions ['python_setup_py']
[0.147s] Level 1:colcon.colcon_core.package_identification:_identify(isaacpjt/Isaac_envo/__pycache__) by extension 'python_setup_py'
[0.147s] Level 1:colcon.colcon_core.package_identification:_identify(isaacpjt/Isaac_envo/fab_preview) by extensions ['ignore', 'ignore_ament_install']
[0.147s] Level 1:colcon.colcon_core.package_identification:_identify(isaacpjt/Isaac_envo/fab_preview) by extension 'ignore'
[0.147s] Level 1:colcon.colcon_core.package_identification:_identify(isaacpjt/Isaac_envo/fab_preview) by extension 'ignore_ament_install'
[0.147s] Level 1:colcon.colcon_core.package_identification:_identify(isaacpjt/Isaac_envo/fab_preview) by extensions ['colcon_pkg']
[0.147s] Level 1:colcon.colcon_core.package_identification:_identify(isaacpjt/Isaac_envo/fab_preview) by extension 'colcon_pkg'
[0.147s] Level 1:colcon.colcon_core.package_identification:_identify(isaacpjt/Isaac_envo/fab_preview) by extensions ['colcon_meta']
[0.147s] Level 1:colcon.colcon_core.package_identification:_identify(isaacpjt/Isaac_envo/fab_preview) by extension 'colcon_meta'
[0.147s] Level 1:colcon.colcon_core.package_identification:_identify(isaacpjt/Isaac_envo/fab_preview) by extensions ['ros']
[0.147s] Level 1:colcon.colcon_core.package_identification:_identify(isaacpjt/Isaac_envo/fab_preview) by extension 'ros'
[0.147s] Level 1:colcon.colcon_core.package_identification:_identify(isaacpjt/Isaac_envo/fab_preview) by extensions ['cmake', 'python']
[0.147s] Level 1:colcon.colcon_core.package_identification:_identify(isaacpjt/Isaac_envo/fab_preview) by extension 'cmake'
[0.147s] Level 1:colcon.colcon_core.package_identification:_identify(isaacpjt/Isaac_envo/fab_preview) by extension 'python'
[0.147s] Level 1:colcon.colcon_core.package_identification:_identify(isaacpjt/Isaac_envo/fab_preview) by extensions ['python_setup_py']
[0.147s] Level 1:colcon.colcon_core.package_identification:_identify(isaacpjt/Isaac_envo/fab_preview) by extension 'python_setup_py'
[0.147s] Level 1:colcon.colcon_core.package_identification:_identify(isaacpjt/Isaac_envo/parking) by extensions ['ignore', 'ignore_ament_install']
[0.147s] Level 1:colcon.colcon_core.package_identification:_identify(isaacpjt/Isaac_envo/parking) by extension 'ignore'
[0.147s] Level 1:colcon.colcon_core.package_identification:_identify(isaacpjt/Isaac_envo/parking) by extension 'ignore_ament_install'
[0.147s] Level 1:colcon.colcon_core.package_identification:_identify(isaacpjt/Isaac_envo/parking) by extensions ['colcon_pkg']
[0.147s] Level 1:colcon.colcon_core.package_identification:_identify(isaacpjt/Isaac_envo/parking) by extension 'colcon_pkg'
[0.147s] Level 1:colcon.colcon_core.package_identification:_identify(isaacpjt/Isaac_envo/parking) by extensions ['colcon_meta']
[0.147s] Level 1:colcon.colcon_core.package_identification:_identify(isaacpjt/Isaac_envo/parking) by extension 'colcon_meta'
[0.147s] Level 1:colcon.colcon_core.package_identification:_identify(isaacpjt/Isaac_envo/parking) by extensions ['ros']
[0.147s] Level 1:colcon.colcon_core.package_identification:_identify(isaacpjt/Isaac_envo/parking) by extension 'ros'
[0.147s] Level 1:colcon.colcon_core.package_identification:_identify(isaacpjt/Isaac_envo/parking) by extensions ['cmake', 'python']
[0.147s] Level 1:colcon.colcon_core.package_identification:_identify(isaacpjt/Isaac_envo/parking) by extension 'cmake'
[0.147s] Level 1:colcon.colcon_core.package_identification:_identify(isaacpjt/Isaac_envo/parking) by extension 'python'
[0.147s] Level 1:colcon.colcon_core.package_identification:_identify(isaacpjt/Isaac_envo/parking) by extensions ['python_setup_py']
[0.147s] Level 1:colcon.colcon_core.package_identification:_identify(isaacpjt/Isaac_envo/parking) by extension 'python_setup_py'
[0.147s] Level 1:colcon.colcon_core.package_identification:_identify(isaacpjt/Isaac_envo/parking/source) by extensions ['ignore', 'ignore_ament_install']
[0.147s] Level 1:colcon.colcon_core.package_identification:_identify(isaacpjt/Isaac_envo/parking/source) by extension 'ignore'
[0.147s] Level 1:colcon.colcon_core.package_identification:_identify(isaacpjt/Isaac_envo/parking/source) by extension 'ignore_ament_install'
[0.147s] Level 1:colcon.colcon_core.package_identification:_identify(isaacpjt/Isaac_envo/parking/source) by extensions ['colcon_pkg']
[0.147s] Level 1:colcon.colcon_core.package_identification:_identify(isaacpjt/Isaac_envo/parking/source) by extension 'colcon_pkg'
[0.147s] Level 1:colcon.colcon_core.package_identification:_identify(isaacpjt/Isaac_envo/parking/source) by extensions ['colcon_meta']
[0.148s] Level 1:colcon.colcon_core.package_identification:_identify(isaacpjt/Isaac_envo/parking/source) by extension 'colcon_meta'
[0.148s] Level 1:colcon.colcon_core.package_identification:_identify(isaacpjt/Isaac_envo/parking/source) by extensions ['ros']
[0.148s] Level 1:colcon.colcon_core.package_identification:_identify(isaacpjt/Isaac_envo/parking/source) by extension 'ros'
[0.148s] Level 1:colcon.colcon_core.package_identification:_identify(isaacpjt/Isaac_envo/parking/source) by extensions ['cmake', 'python']
[0.148s] Level 1:colcon.colcon_core.package_identification:_identify(isaacpjt/Isaac_envo/parking/source) by extension 'cmake'
[0.148s] Level 1:colcon.colcon_core.package_identification:_identify(isaacpjt/Isaac_envo/parking/source) by extension 'python'
[0.148s] Level 1:colcon.colcon_core.package_identification:_identify(isaacpjt/Isaac_envo/parking/source) by extensions ['python_setup_py']
[0.148s] Level 1:colcon.colcon_core.package_identification:_identify(isaacpjt/Isaac_envo/parking/source) by extension 'python_setup_py'
[0.148s] Level 1:colcon.colcon_core.package_identification:_identify(isaacpjt/Isaac_envo/probe_reports) by extensions ['ignore', 'ignore_ament_install']
[0.148s] Level 1:colcon.colcon_core.package_identification:_identify(isaacpjt/Isaac_envo/probe_reports) by extension 'ignore'
[0.148s] Level 1:colcon.colcon_core.package_identification:_identify(isaacpjt/Isaac_envo/probe_reports) by extension 'ignore_ament_install'
[0.148s] Level 1:colcon.colcon_core.package_identification:_identify(isaacpjt/Isaac_envo/probe_reports) by extensions ['colcon_pkg']
[0.148s] Level 1:colcon.colcon_core.package_identification:_identify(isaacpjt/Isaac_envo/probe_reports) by extension 'colcon_pkg'
[0.148s] Level 1:colcon.colcon_core.package_identification:_identify(isaacpjt/Isaac_envo/probe_reports) by extensions ['colcon_meta']
[0.148s] Level 1:colcon.colcon_core.package_identification:_identify(isaacpjt/Isaac_envo/probe_reports) by extension 'colcon_meta'
[0.148s] Level 1:colcon.colcon_core.package_identification:_identify(isaacpjt/Isaac_envo/probe_reports) by extensions ['ros']
[0.148s] Level 1:colcon.colcon_core.package_identification:_identify(isaacpjt/Isaac_envo/probe_reports) by extension 'ros'
[0.148s] Level 1:colcon.colcon_core.package_identification:_identify(isaacpjt/Isaac_envo/probe_reports) by extensions ['cmake', 'python']
[0.148s] Level 1:colcon.colcon_core.package_identification:_identify(isaacpjt/Isaac_envo/probe_reports) by extension 'cmake'
[0.148s] Level 1:colcon.colcon_core.package_identification:_identify(isaacpjt/Isaac_envo/probe_reports) by extension 'python'
[0.148s] Level 1:colcon.colcon_core.package_identification:_identify(isaacpjt/Isaac_envo/probe_reports) by extensions ['python_setup_py']
[0.148s] Level 1:colcon.colcon_core.package_identification:_identify(isaacpjt/Isaac_envo/probe_reports) by extension 'python_setup_py'
[0.148s] Level 1:colcon.colcon_core.package_identification:_identify(isaacpjt/Isaac_envo/source) by extensions ['ignore', 'ignore_ament_install']
[0.148s] Level 1:colcon.colcon_core.package_identification:_identify(isaacpjt/Isaac_envo/source) by extension 'ignore'
[0.148s] Level 1:colcon.colcon_core.package_identification:_identify(isaacpjt/Isaac_envo/source) by extension 'ignore_ament_install'
[0.148s] Level 1:colcon.colcon_core.package_identification:_identify(isaacpjt/Isaac_envo/source) by extensions ['colcon_pkg']
[0.148s] Level 1:colcon.colcon_core.package_identification:_identify(isaacpjt/Isaac_envo/source) by extension 'colcon_pkg'
[0.148s] Level 1:colcon.colcon_core.package_identification:_identify(isaacpjt/Isaac_envo/source) by extensions ['colcon_meta']
[0.148s] Level 1:colcon.colcon_core.package_identification:_identify(isaacpjt/Isaac_envo/source) by extension 'colcon_meta'
[0.148s] Level 1:colcon.colcon_core.package_identification:_identify(isaacpjt/Isaac_envo/source) by extensions ['ros']
[0.148s] Level 1:colcon.colcon_core.package_identification:_identify(isaacpjt/Isaac_envo/source) by extension 'ros'
[0.148s] Level 1:colcon.colcon_core.package_identification:_identify(isaacpjt/Isaac_envo/source) by extensions ['cmake', 'python']
[0.148s] Level 1:colcon.colcon_core.package_identification:_identify(isaacpjt/Isaac_envo/source) by extension 'cmake'
[0.148s] Level 1:colcon.colcon_core.package_identification:_identify(isaacpjt/Isaac_envo/source) by extension 'python'
[0.148s] Level 1:colcon.colcon_core.package_identification:_identify(isaacpjt/Isaac_envo/source) by extensions ['python_setup_py']
[0.148s] Level 1:colcon.colcon_core.package_identification:_identify(isaacpjt/Isaac_envo/source) by extension 'python_setup_py'
[0.148s] Level 1:colcon.colcon_core.package_identification:_identify(isaacpjt/Isaac_envo/tests) by extensions ['ignore', 'ignore_ament_install']
[0.148s] Level 1:colcon.colcon_core.package_identification:_identify(isaacpjt/Isaac_envo/tests) by extension 'ignore'
[0.148s] Level 1:colcon.colcon_core.package_identification:_identify(isaacpjt/Isaac_envo/tests) by extension 'ignore_ament_install'
[0.148s] Level 1:colcon.colcon_core.package_identification:_identify(isaacpjt/Isaac_envo/tests) by extensions ['colcon_pkg']
[0.148s] Level 1:colcon.colcon_core.package_identification:_identify(isaacpjt/Isaac_envo/tests) by extension 'colcon_pkg'
[0.148s] Level 1:colcon.colcon_core.package_identification:_identify(isaacpjt/Isaac_envo/tests) by extensions ['colcon_meta']
[0.148s] Level 1:colcon.colcon_core.package_identification:_identify(isaacpjt/Isaac_envo/tests) by extension 'colcon_meta'
[0.148s] Level 1:colcon.colcon_core.package_identification:_identify(isaacpjt/Isaac_envo/tests) by extensions ['ros']
[0.148s] Level 1:colcon.colcon_core.package_identification:_identify(isaacpjt/Isaac_envo/tests) by extension 'ros'
[0.148s] Level 1:colcon.colcon_core.package_identification:_identify(isaacpjt/Isaac_envo/tests) by extensions ['cmake', 'python']
[0.148s] Level 1:colcon.colcon_core.package_identification:_identify(isaacpjt/Isaac_envo/tests) by extension 'cmake'
[0.148s] Level 1:colcon.colcon_core.package_identification:_identify(isaacpjt/Isaac_envo/tests) by extension 'python'
[0.148s] Level 1:colcon.colcon_core.package_identification:_identify(isaacpjt/Isaac_envo/tests) by extensions ['python_setup_py']
[0.148s] Level 1:colcon.colcon_core.package_identification:_identify(isaacpjt/Isaac_envo/tests) by extension 'python_setup_py'
[0.148s] Level 1:colcon.colcon_core.package_identification:_identify(isaacpjt/Isaac_envo/tests/__pycache__) by extensions ['ignore', 'ignore_ament_install']
[0.148s] Level 1:colcon.colcon_core.package_identification:_identify(isaacpjt/Isaac_envo/tests/__pycache__) by extension 'ignore'
[0.148s] Level 1:colcon.colcon_core.package_identification:_identify(isaacpjt/Isaac_envo/tests/__pycache__) by extension 'ignore_ament_install'
[0.148s] Level 1:colcon.colcon_core.package_identification:_identify(isaacpjt/Isaac_envo/tests/__pycache__) by extensions ['colcon_pkg']
[0.148s] Level 1:colcon.colcon_core.package_identification:_identify(isaacpjt/Isaac_envo/tests/__pycache__) by extension 'colcon_pkg'
[0.148s] Level 1:colcon.colcon_core.package_identification:_identify(isaacpjt/Isaac_envo/tests/__pycache__) by extensions ['colcon_meta']
[0.148s] Level 1:colcon.colcon_core.package_identification:_identify(isaacpjt/Isaac_envo/tests/__pycache__) by extension 'colcon_meta'
[0.148s] Level 1:colcon.colcon_core.package_identification:_identify(isaacpjt/Isaac_envo/tests/__pycache__) by extensions ['ros']
[0.148s] Level 1:colcon.colcon_core.package_identification:_identify(isaacpjt/Isaac_envo/tests/__pycache__) by extension 'ros'
[0.149s] Level 1:colcon.colcon_core.package_identification:_identify(isaacpjt/Isaac_envo/tests/__pycache__) by extensions ['cmake', 'python']
[0.149s] Level 1:colcon.colcon_core.package_identification:_identify(isaacpjt/Isaac_envo/tests/__pycache__) by extension 'cmake'
[0.149s] Level 1:colcon.colcon_core.package_identification:_identify(isaacpjt/Isaac_envo/tests/__pycache__) by extension 'python'
[0.149s] Level 1:colcon.colcon_core.package_identification:_identify(isaacpjt/Isaac_envo/tests/__pycache__) by extensions ['python_setup_py']
[0.149s] Level 1:colcon.colcon_core.package_identification:_identify(isaacpjt/Isaac_envo/tests/__pycache__) by extension 'python_setup_py'
[0.149s] Level 1:colcon.colcon_core.package_identification:_identify(isaacpjt/Isaac_envo/textures) by extensions ['ignore', 'ignore_ament_install']
[0.149s] Level 1:colcon.colcon_core.package_identification:_identify(isaacpjt/Isaac_envo/textures) by extension 'ignore'
[0.149s] Level 1:colcon.colcon_core.package_identification:_identify(isaacpjt/Isaac_envo/textures) by extension 'ignore_ament_install'
[0.149s] Level 1:colcon.colcon_core.package_identification:_identify(isaacpjt/Isaac_envo/textures) by extensions ['colcon_pkg']
[0.149s] Level 1:colcon.colcon_core.package_identification:_identify(isaacpjt/Isaac_envo/textures) by extension 'colcon_pkg'
[0.149s] Level 1:colcon.colcon_core.package_identification:_identify(isaacpjt/Isaac_envo/textures) by extensions ['colcon_meta']
[0.149s] Level 1:colcon.colcon_core.package_identification:_identify(isaacpjt/Isaac_envo/textures) by extension 'colcon_meta'
[0.149s] Level 1:colcon.colcon_core.package_identification:_identify(isaacpjt/Isaac_envo/textures) by extensions ['ros']
[0.149s] Level 1:colcon.colcon_core.package_identification:_identify(isaacpjt/Isaac_envo/textures) by extension 'ros'
[0.149s] Level 1:colcon.colcon_core.package_identification:_identify(isaacpjt/Isaac_envo/textures) by extensions ['cmake', 'python']
[0.149s] Level 1:colcon.colcon_core.package_identification:_identify(isaacpjt/Isaac_envo/textures) by extension 'cmake'
[0.149s] Level 1:colcon.colcon_core.package_identification:_identify(isaacpjt/Isaac_envo/textures) by extension 'python'
[0.149s] Level 1:colcon.colcon_core.package_identification:_identify(isaacpjt/Isaac_envo/textures) by extensions ['python_setup_py']
[0.149s] Level 1:colcon.colcon_core.package_identification:_identify(isaacpjt/Isaac_envo/textures) by extension 'python_setup_py'
[0.149s] Level 1:colcon.colcon_core.package_identification:_identify(isaacpjt/Isaac_envo/textures/aruco) by extensions ['ignore', 'ignore_ament_install']
[0.149s] Level 1:colcon.colcon_core.package_identification:_identify(isaacpjt/Isaac_envo/textures/aruco) by extension 'ignore'
[0.149s] Level 1:colcon.colcon_core.package_identification:_identify(isaacpjt/Isaac_envo/textures/aruco) by extension 'ignore_ament_install'
[0.149s] Level 1:colcon.colcon_core.package_identification:_identify(isaacpjt/Isaac_envo/textures/aruco) by extensions ['colcon_pkg']
[0.149s] Level 1:colcon.colcon_core.package_identification:_identify(isaacpjt/Isaac_envo/textures/aruco) by extension 'colcon_pkg'
[0.149s] Level 1:colcon.colcon_core.package_identification:_identify(isaacpjt/Isaac_envo/textures/aruco) by extensions ['colcon_meta']
[0.149s] Level 1:colcon.colcon_core.package_identification:_identify(isaacpjt/Isaac_envo/textures/aruco) by extension 'colcon_meta'
[0.149s] Level 1:colcon.colcon_core.package_identification:_identify(isaacpjt/Isaac_envo/textures/aruco) by extensions ['ros']
[0.149s] Level 1:colcon.colcon_core.package_identification:_identify(isaacpjt/Isaac_envo/textures/aruco) by extension 'ros'
[0.149s] Level 1:colcon.colcon_core.package_identification:_identify(isaacpjt/Isaac_envo/textures/aruco) by extensions ['cmake', 'python']
[0.149s] Level 1:colcon.colcon_core.package_identification:_identify(isaacpjt/Isaac_envo/textures/aruco) by extension 'cmake'
[0.149s] Level 1:colcon.colcon_core.package_identification:_identify(isaacpjt/Isaac_envo/textures/aruco) by extension 'python'
[0.149s] Level 1:colcon.colcon_core.package_identification:_identify(isaacpjt/Isaac_envo/textures/aruco) by extensions ['python_setup_py']
[0.149s] Level 1:colcon.colcon_core.package_identification:_identify(isaacpjt/Isaac_envo/textures/aruco) by extension 'python_setup_py'
[0.149s] Level 1:colcon.colcon_core.package_identification:_identify(isaacpjt/basic) by extensions ['ignore', 'ignore_ament_install']
[0.149s] Level 1:colcon.colcon_core.package_identification:_identify(isaacpjt/basic) by extension 'ignore'
[0.149s] Level 1:colcon.colcon_core.package_identification:_identify(isaacpjt/basic) by extension 'ignore_ament_install'
[0.149s] Level 1:colcon.colcon_core.package_identification:_identify(isaacpjt/basic) by extensions ['colcon_pkg']
[0.149s] Level 1:colcon.colcon_core.package_identification:_identify(isaacpjt/basic) by extension 'colcon_pkg'
[0.149s] Level 1:colcon.colcon_core.package_identification:_identify(isaacpjt/basic) by extensions ['colcon_meta']
[0.149s] Level 1:colcon.colcon_core.package_identification:_identify(isaacpjt/basic) by extension 'colcon_meta'
[0.149s] Level 1:colcon.colcon_core.package_identification:_identify(isaacpjt/basic) by extensions ['ros']
[0.149s] Level 1:colcon.colcon_core.package_identification:_identify(isaacpjt/basic) by extension 'ros'
[0.149s] Level 1:colcon.colcon_core.package_identification:_identify(isaacpjt/basic) by extensions ['cmake', 'python']
[0.149s] Level 1:colcon.colcon_core.package_identification:_identify(isaacpjt/basic) by extension 'cmake'
[0.149s] Level 1:colcon.colcon_core.package_identification:_identify(isaacpjt/basic) by extension 'python'
[0.149s] Level 1:colcon.colcon_core.package_identification:_identify(isaacpjt/basic) by extensions ['python_setup_py']
[0.149s] Level 1:colcon.colcon_core.package_identification:_identify(isaacpjt/basic) by extension 'python_setup_py'
[0.149s] Level 1:colcon.colcon_core.package_identification:_identify(isaacpjt/hwia_parking_robot_final_caster_package) by extensions ['ignore', 'ignore_ament_install']
[0.149s] Level 1:colcon.colcon_core.package_identification:_identify(isaacpjt/hwia_parking_robot_final_caster_package) by extension 'ignore'
[0.149s] Level 1:colcon.colcon_core.package_identification:_identify(isaacpjt/hwia_parking_robot_final_caster_package) by extension 'ignore_ament_install'
[0.149s] Level 1:colcon.colcon_core.package_identification:_identify(isaacpjt/hwia_parking_robot_final_caster_package) by extensions ['colcon_pkg']
[0.149s] Level 1:colcon.colcon_core.package_identification:_identify(isaacpjt/hwia_parking_robot_final_caster_package) by extension 'colcon_pkg'
[0.149s] Level 1:colcon.colcon_core.package_identification:_identify(isaacpjt/hwia_parking_robot_final_caster_package) by extensions ['colcon_meta']
[0.149s] Level 1:colcon.colcon_core.package_identification:_identify(isaacpjt/hwia_parking_robot_final_caster_package) by extension 'colcon_meta'
[0.149s] Level 1:colcon.colcon_core.package_identification:_identify(isaacpjt/hwia_parking_robot_final_caster_package) by extensions ['ros']
[0.149s] Level 1:colcon.colcon_core.package_identification:_identify(isaacpjt/hwia_parking_robot_final_caster_package) by extension 'ros'
[0.150s] Level 1:colcon.colcon_core.package_identification:_identify(isaacpjt/hwia_parking_robot_final_caster_package) by extensions ['cmake', 'python']
[0.150s] Level 1:colcon.colcon_core.package_identification:_identify(isaacpjt/hwia_parking_robot_final_caster_package) by extension 'cmake'
[0.150s] Level 1:colcon.colcon_core.package_identification:_identify(isaacpjt/hwia_parking_robot_final_caster_package) by extension 'python'
[0.150s] Level 1:colcon.colcon_core.package_identification:_identify(isaacpjt/hwia_parking_robot_final_caster_package) by extensions ['python_setup_py']
[0.150s] Level 1:colcon.colcon_core.package_identification:_identify(isaacpjt/hwia_parking_robot_final_caster_package) by extension 'python_setup_py'
[0.150s] Level 1:colcon.colcon_core.package_identification:_identify(isaacpjt/hwia_parking_robot_final_caster_package/configuration) by extensions ['ignore', 'ignore_ament_install']
[0.150s] Level 1:colcon.colcon_core.package_identification:_identify(isaacpjt/hwia_parking_robot_final_caster_package/configuration) by extension 'ignore'
[0.150s] Level 1:colcon.colcon_core.package_identification:_identify(isaacpjt/hwia_parking_robot_final_caster_package/configuration) by extension 'ignore_ament_install'
[0.150s] Level 1:colcon.colcon_core.package_identification:_identify(isaacpjt/hwia_parking_robot_final_caster_package/configuration) by extensions ['colcon_pkg']
[0.150s] Level 1:colcon.colcon_core.package_identification:_identify(isaacpjt/hwia_parking_robot_final_caster_package/configuration) by extension 'colcon_pkg'
[0.150s] Level 1:colcon.colcon_core.package_identification:_identify(isaacpjt/hwia_parking_robot_final_caster_package/configuration) by extensions ['colcon_meta']
[0.150s] Level 1:colcon.colcon_core.package_identification:_identify(isaacpjt/hwia_parking_robot_final_caster_package/configuration) by extension 'colcon_meta'
[0.150s] Level 1:colcon.colcon_core.package_identification:_identify(isaacpjt/hwia_parking_robot_final_caster_package/configuration) by extensions ['ros']
[0.150s] Level 1:colcon.colcon_core.package_identification:_identify(isaacpjt/hwia_parking_robot_final_caster_package/configuration) by extension 'ros'
[0.150s] Level 1:colcon.colcon_core.package_identification:_identify(isaacpjt/hwia_parking_robot_final_caster_package/configuration) by extensions ['cmake', 'python']
[0.150s] Level 1:colcon.colcon_core.package_identification:_identify(isaacpjt/hwia_parking_robot_final_caster_package/configuration) by extension 'cmake'
[0.150s] Level 1:colcon.colcon_core.package_identification:_identify(isaacpjt/hwia_parking_robot_final_caster_package/configuration) by extension 'python'
[0.150s] Level 1:colcon.colcon_core.package_identification:_identify(isaacpjt/hwia_parking_robot_final_caster_package/configuration) by extensions ['python_setup_py']
[0.150s] Level 1:colcon.colcon_core.package_identification:_identify(isaacpjt/hwia_parking_robot_final_caster_package/configuration) by extension 'python_setup_py'
[0.150s] Level 1:colcon.colcon_core.package_identification:_identify(log) by extensions ['ignore', 'ignore_ament_install']
[0.150s] Level 1:colcon.colcon_core.package_identification:_identify(log) by extension 'ignore'
[0.150s] Level 1:colcon.colcon_core.package_identification:_identify(log) ignored
[0.150s] Level 1:colcon.colcon_core.package_identification:_identify(parking_control_mvp) by extensions ['ignore', 'ignore_ament_install']
[0.150s] Level 1:colcon.colcon_core.package_identification:_identify(parking_control_mvp) by extension 'ignore'
[0.150s] Level 1:colcon.colcon_core.package_identification:_identify(parking_control_mvp) by extension 'ignore_ament_install'
[0.150s] Level 1:colcon.colcon_core.package_identification:_identify(parking_control_mvp) by extensions ['colcon_pkg']
[0.150s] Level 1:colcon.colcon_core.package_identification:_identify(parking_control_mvp) by extension 'colcon_pkg'
[0.150s] Level 1:colcon.colcon_core.package_identification:_identify(parking_control_mvp) by extensions ['colcon_meta']
[0.150s] Level 1:colcon.colcon_core.package_identification:_identify(parking_control_mvp) by extension 'colcon_meta'
[0.150s] Level 1:colcon.colcon_core.package_identification:_identify(parking_control_mvp) by extensions ['ros']
[0.150s] Level 1:colcon.colcon_core.package_identification:_identify(parking_control_mvp) by extension 'ros'
[0.150s] Level 1:colcon.colcon_core.package_identification:_identify(parking_control_mvp) by extensions ['cmake', 'python']
[0.150s] Level 1:colcon.colcon_core.package_identification:_identify(parking_control_mvp) by extension 'cmake'
[0.150s] Level 1:colcon.colcon_core.package_identification:_identify(parking_control_mvp) by extension 'python'
[0.150s] Level 1:colcon.colcon_core.package_identification:_identify(parking_control_mvp) by extensions ['python_setup_py']
[0.150s] Level 1:colcon.colcon_core.package_identification:_identify(parking_control_mvp) by extension 'python_setup_py'
[0.150s] Level 1:colcon.colcon_core.package_identification:_identify(parking_control_mvp/core) by extensions ['ignore', 'ignore_ament_install']
[0.150s] Level 1:colcon.colcon_core.package_identification:_identify(parking_control_mvp/core) by extension 'ignore'
[0.150s] Level 1:colcon.colcon_core.package_identification:_identify(parking_control_mvp/core) by extension 'ignore_ament_install'
[0.150s] Level 1:colcon.colcon_core.package_identification:_identify(parking_control_mvp/core) by extensions ['colcon_pkg']
[0.150s] Level 1:colcon.colcon_core.package_identification:_identify(parking_control_mvp/core) by extension 'colcon_pkg'
[0.150s] Level 1:colcon.colcon_core.package_identification:_identify(parking_control_mvp/core) by extensions ['colcon_meta']
[0.150s] Level 1:colcon.colcon_core.package_identification:_identify(parking_control_mvp/core) by extension 'colcon_meta'
[0.150s] Level 1:colcon.colcon_core.package_identification:_identify(parking_control_mvp/core) by extensions ['ros']
[0.150s] Level 1:colcon.colcon_core.package_identification:_identify(parking_control_mvp/core) by extension 'ros'
[0.150s] Level 1:colcon.colcon_core.package_identification:_identify(parking_control_mvp/core) by extensions ['cmake', 'python']
[0.150s] Level 1:colcon.colcon_core.package_identification:_identify(parking_control_mvp/core) by extension 'cmake'
[0.150s] Level 1:colcon.colcon_core.package_identification:_identify(parking_control_mvp/core) by extension 'python'
[0.150s] Level 1:colcon.colcon_core.package_identification:_identify(parking_control_mvp/core) by extensions ['python_setup_py']
[0.150s] Level 1:colcon.colcon_core.package_identification:_identify(parking_control_mvp/core) by extension 'python_setup_py'
[0.150s] Level 1:colcon.colcon_core.package_identification:_identify(parking_control_mvp/sources) by extensions ['ignore', 'ignore_ament_install']
[0.150s] Level 1:colcon.colcon_core.package_identification:_identify(parking_control_mvp/sources) by extension 'ignore'
[0.150s] Level 1:colcon.colcon_core.package_identification:_identify(parking_control_mvp/sources) by extension 'ignore_ament_install'
[0.150s] Level 1:colcon.colcon_core.package_identification:_identify(parking_control_mvp/sources) by extensions ['colcon_pkg']
[0.150s] Level 1:colcon.colcon_core.package_identification:_identify(parking_control_mvp/sources) by extension 'colcon_pkg'
[0.150s] Level 1:colcon.colcon_core.package_identification:_identify(parking_control_mvp/sources) by extensions ['colcon_meta']
[0.150s] Level 1:colcon.colcon_core.package_identification:_identify(parking_control_mvp/sources) by extension 'colcon_meta'
[0.151s] Level 1:colcon.colcon_core.package_identification:_identify(parking_control_mvp/sources) by extensions ['ros']
[0.151s] Level 1:colcon.colcon_core.package_identification:_identify(parking_control_mvp/sources) by extension 'ros'
[0.151s] Level 1:colcon.colcon_core.package_identification:_identify(parking_control_mvp/sources) by extensions ['cmake', 'python']
[0.151s] Level 1:colcon.colcon_core.package_identification:_identify(parking_control_mvp/sources) by extension 'cmake'
[0.151s] Level 1:colcon.colcon_core.package_identification:_identify(parking_control_mvp/sources) by extension 'python'
[0.151s] Level 1:colcon.colcon_core.package_identification:_identify(parking_control_mvp/sources) by extensions ['python_setup_py']
[0.151s] Level 1:colcon.colcon_core.package_identification:_identify(parking_control_mvp/sources) by extension 'python_setup_py'
[0.151s] Level 1:colcon.colcon_core.package_identification:_identify(parking_control_mvp/static) by extensions ['ignore', 'ignore_ament_install']
[0.151s] Level 1:colcon.colcon_core.package_identification:_identify(parking_control_mvp/static) by extension 'ignore'
[0.151s] Level 1:colcon.colcon_core.package_identification:_identify(parking_control_mvp/static) by extension 'ignore_ament_install'
[0.151s] Level 1:colcon.colcon_core.package_identification:_identify(parking_control_mvp/static) by extensions ['colcon_pkg']
[0.151s] Level 1:colcon.colcon_core.package_identification:_identify(parking_control_mvp/static) by extension 'colcon_pkg'
[0.151s] Level 1:colcon.colcon_core.package_identification:_identify(parking_control_mvp/static) by extensions ['colcon_meta']
[0.151s] Level 1:colcon.colcon_core.package_identification:_identify(parking_control_mvp/static) by extension 'colcon_meta'
[0.151s] Level 1:colcon.colcon_core.package_identification:_identify(parking_control_mvp/static) by extensions ['ros']
[0.151s] Level 1:colcon.colcon_core.package_identification:_identify(parking_control_mvp/static) by extension 'ros'
[0.151s] Level 1:colcon.colcon_core.package_identification:_identify(parking_control_mvp/static) by extensions ['cmake', 'python']
[0.151s] Level 1:colcon.colcon_core.package_identification:_identify(parking_control_mvp/static) by extension 'cmake'
[0.151s] Level 1:colcon.colcon_core.package_identification:_identify(parking_control_mvp/static) by extension 'python'
[0.151s] Level 1:colcon.colcon_core.package_identification:_identify(parking_control_mvp/static) by extensions ['python_setup_py']
[0.151s] Level 1:colcon.colcon_core.package_identification:_identify(parking_control_mvp/static) by extension 'python_setup_py'
[0.151s] Level 1:colcon.colcon_core.package_identification:_identify(src) by extensions ['ignore', 'ignore_ament_install']
[0.151s] Level 1:colcon.colcon_core.package_identification:_identify(src) by extension 'ignore'
[0.151s] Level 1:colcon.colcon_core.package_identification:_identify(src) by extension 'ignore_ament_install'
[0.151s] Level 1:colcon.colcon_core.package_identification:_identify(src) by extensions ['colcon_pkg']
[0.151s] Level 1:colcon.colcon_core.package_identification:_identify(src) by extension 'colcon_pkg'
[0.151s] Level 1:colcon.colcon_core.package_identification:_identify(src) by extensions ['colcon_meta']
[0.151s] Level 1:colcon.colcon_core.package_identification:_identify(src) by extension 'colcon_meta'
[0.151s] Level 1:colcon.colcon_core.package_identification:_identify(src) by extensions ['ros']
[0.151s] Level 1:colcon.colcon_core.package_identification:_identify(src) by extension 'ros'
[0.151s] Level 1:colcon.colcon_core.package_identification:_identify(src) by extensions ['cmake', 'python']
[0.151s] Level 1:colcon.colcon_core.package_identification:_identify(src) by extension 'cmake'
[0.151s] Level 1:colcon.colcon_core.package_identification:_identify(src) by extension 'python'
[0.151s] Level 1:colcon.colcon_core.package_identification:_identify(src) by extensions ['python_setup_py']
[0.151s] Level 1:colcon.colcon_core.package_identification:_identify(src) by extension 'python_setup_py'
[0.151s] Level 1:colcon.colcon_core.package_identification:_identify(src/parkbot_aruco) by extensions ['ignore', 'ignore_ament_install']
[0.151s] Level 1:colcon.colcon_core.package_identification:_identify(src/parkbot_aruco) by extension 'ignore'
[0.151s] Level 1:colcon.colcon_core.package_identification:_identify(src/parkbot_aruco) by extension 'ignore_ament_install'
[0.151s] Level 1:colcon.colcon_core.package_identification:_identify(src/parkbot_aruco) by extensions ['colcon_pkg']
[0.151s] Level 1:colcon.colcon_core.package_identification:_identify(src/parkbot_aruco) by extension 'colcon_pkg'
[0.151s] Level 1:colcon.colcon_core.package_identification:_identify(src/parkbot_aruco) by extensions ['colcon_meta']
[0.151s] Level 1:colcon.colcon_core.package_identification:_identify(src/parkbot_aruco) by extension 'colcon_meta'
[0.151s] Level 1:colcon.colcon_core.package_identification:_identify(src/parkbot_aruco) by extensions ['ros']
[0.151s] Level 1:colcon.colcon_core.package_identification:_identify(src/parkbot_aruco) by extension 'ros'
[0.153s] DEBUG:colcon.colcon_core.package_identification:Package 'src/parkbot_aruco' with type 'ros.ament_python' and name 'parkbot_aruco'
[0.153s] Level 1:colcon.colcon_core.package_identification:_identify(src/parkbot_motion) by extensions ['ignore', 'ignore_ament_install']
[0.153s] Level 1:colcon.colcon_core.package_identification:_identify(src/parkbot_motion) by extension 'ignore'
[0.153s] Level 1:colcon.colcon_core.package_identification:_identify(src/parkbot_motion) by extension 'ignore_ament_install'
[0.153s] Level 1:colcon.colcon_core.package_identification:_identify(src/parkbot_motion) by extensions ['colcon_pkg']
[0.153s] Level 1:colcon.colcon_core.package_identification:_identify(src/parkbot_motion) by extension 'colcon_pkg'
[0.154s] Level 1:colcon.colcon_core.package_identification:_identify(src/parkbot_motion) by extensions ['colcon_meta']
[0.154s] Level 1:colcon.colcon_core.package_identification:_identify(src/parkbot_motion) by extension 'colcon_meta'
[0.154s] Level 1:colcon.colcon_core.package_identification:_identify(src/parkbot_motion) by extensions ['ros']
[0.154s] Level 1:colcon.colcon_core.package_identification:_identify(src/parkbot_motion) by extension 'ros'
[0.154s] DEBUG:colcon.colcon_core.package_identification:Package 'src/parkbot_motion' with type 'ros.ament_python' and name 'parkbot_motion'
[0.154s] Level 1:colcon.colcon_core.package_identification:_identify(src/parking_robot_interfaces) by extensions ['ignore', 'ignore_ament_install']
[0.154s] Level 1:colcon.colcon_core.package_identification:_identify(src/parking_robot_interfaces) by extension 'ignore'
[0.154s] Level 1:colcon.colcon_core.package_identification:_identify(src/parking_robot_interfaces) by extension 'ignore_ament_install'
[0.154s] Level 1:colcon.colcon_core.package_identification:_identify(src/parking_robot_interfaces) by extensions ['colcon_pkg']
[0.154s] Level 1:colcon.colcon_core.package_identification:_identify(src/parking_robot_interfaces) by extension 'colcon_pkg'
[0.154s] Level 1:colcon.colcon_core.package_identification:_identify(src/parking_robot_interfaces) by extensions ['colcon_meta']
[0.154s] Level 1:colcon.colcon_core.package_identification:_identify(src/parking_robot_interfaces) by extension 'colcon_meta'
[0.154s] Level 1:colcon.colcon_core.package_identification:_identify(src/parking_robot_interfaces) by extensions ['ros']
[0.154s] Level 1:colcon.colcon_core.package_identification:_identify(src/parking_robot_interfaces) by extension 'ros'
[0.154s] DEBUG:colcon.colcon_core.package_identification:Package 'src/parking_robot_interfaces' with type 'ros.ament_cmake' and name 'parking_robot_interfaces'
[0.154s] Level 1:colcon.colcon_core.package_discovery:discover_packages(recursive) using defaults
[0.154s] Level 1:colcon.colcon_core.package_discovery:discover_packages(ignore) discover
[0.154s] Level 1:colcon.colcon_core.package_discovery:discover_packages(ignore) using defaults
[0.154s] Level 1:colcon.colcon_core.package_discovery:discover_packages(path) discover
[0.154s] Level 1:colcon.colcon_core.package_discovery:discover_packages(path) using defaults
[0.170s] INFO:colcon.colcon_core.package_selection:Skipping not selected package 'parking_robot_interfaces' in 'src/parking_robot_interfaces'
[0.170s] INFO:colcon.colcon_core.package_selection:Skipping not selected package 'parkbot_motion' in 'src/parkbot_motion'
[0.170s] Level 1:colcon.colcon_core.package_discovery:discover_packages(prefix_path) check parameters
[0.170s] Level 1:colcon.colcon_core.package_discovery:discover_packages(prefix_path) discover
[0.171s] DEBUG:colcon.colcon_installed_package_information.package_discovery:Found 274 installed packages in /opt/ros/humble
[0.172s] Level 1:colcon.colcon_core.package_discovery:discover_packages(prefix_path) using defaults
[0.186s] Level 5:colcon.colcon_core.verb:set package 'parkbot_aruco' build argument 'cmake_args' from command line to 'None'
[0.186s] Level 5:colcon.colcon_core.verb:set package 'parkbot_aruco' build argument 'cmake_target' from command line to 'None'
[0.186s] Level 5:colcon.colcon_core.verb:set package 'parkbot_aruco' build argument 'cmake_target_skip_unavailable' from command line to 'False'
[0.186s] Level 5:colcon.colcon_core.verb:set package 'parkbot_aruco' build argument 'cmake_clean_cache' from command line to 'False'
[0.186s] Level 5:colcon.colcon_core.verb:set package 'parkbot_aruco' build argument 'cmake_clean_first' from command line to 'False'
[0.186s] Level 5:colcon.colcon_core.verb:set package 'parkbot_aruco' build argument 'cmake_force_configure' from command line to 'False'
[0.186s] Level 5:colcon.colcon_core.verb:set package 'parkbot_aruco' build argument 'ament_cmake_args' from command line to 'None'
[0.186s] Level 5:colcon.colcon_core.verb:set package 'parkbot_aruco' build argument 'catkin_cmake_args' from command line to 'None'
[0.186s] Level 5:colcon.colcon_core.verb:set package 'parkbot_aruco' build argument 'catkin_skip_building_tests' from command line to 'False'
[0.186s] DEBUG:colcon.colcon_core.verb:Building package 'parkbot_aruco' with the following arguments: {'ament_cmake_args': None, 'build_base': '/home/rokey/p3/cobot_ws/build/parkbot_aruco', 'catkin_cmake_args': None, 'catkin_skip_building_tests': False, 'cmake_args': None, 'cmake_clean_cache': False, 'cmake_clean_first': False, 'cmake_force_configure': False, 'cmake_target': None, 'cmake_target_skip_unavailable': False, 'install_base': '/home/rokey/p3/cobot_ws/install/parkbot_aruco', 'merge_install': False, 'path': '/home/rokey/p3/cobot_ws/src/parkbot_aruco', 'symlink_install': True, 'test_result_base': None}
[0.186s] INFO:colcon.colcon_core.executor:Executing jobs using 'parallel' executor
[0.187s] DEBUG:colcon.colcon_parallel_executor.executor.parallel:run_until_complete
[0.187s] INFO:colcon.colcon_ros.task.ament_python.build:Building ROS package in '/home/rokey/p3/cobot_ws/src/parkbot_aruco' with build type 'ament_python'
[0.187s] Level 1:colcon.colcon_core.shell:create_environment_hook('parkbot_aruco', 'ament_prefix_path')
[0.189s] INFO:colcon.colcon_core.plugin_system:Skipping extension 'colcon_core.shell.bat': Not used on non-Windows systems
[0.189s] INFO:colcon.colcon_core.shell:Creating environment hook '/home/rokey/p3/cobot_ws/install/parkbot_aruco/share/parkbot_aruco/hook/ament_prefix_path.ps1'
[0.189s] INFO:colcon.colcon_core.shell:Creating environment descriptor '/home/rokey/p3/cobot_ws/install/parkbot_aruco/share/parkbot_aruco/hook/ament_prefix_path.dsv'
[0.189s] INFO:colcon.colcon_core.shell:Creating environment hook '/home/rokey/p3/cobot_ws/install/parkbot_aruco/share/parkbot_aruco/hook/ament_prefix_path.sh'
[0.190s] INFO:colcon.colcon_core.shell:Skip shell extension 'powershell' for command environment: Not usable outside of PowerShell
[0.190s] DEBUG:colcon.colcon_core.shell:Skip shell extension 'dsv' for command environment
[0.291s] INFO:colcon.colcon_core.task.python.build:Building Python package in '/home/rokey/p3/cobot_ws/src/parkbot_aruco'
[0.291s] INFO:colcon.colcon_core.shell:Skip shell extension 'powershell' for command environment: Not usable outside of PowerShell
[0.291s] DEBUG:colcon.colcon_core.shell:Skip shell extension 'dsv' for command environment
[0.430s] DEBUG:colcon.colcon_core.task.python.build:Available setuptools commands: bdist, setopt, clean, upload, build, sdist, install_lib, build_py, register, rotate, build_clib, install_headers, saveopts, upload_docs, develop, dist_info, install_egg_info, egg_info, test, install_data, install, symlink_data, alias, easy_install, bdist_egg, check, bdist_dumb, build_ext, build_scripts, bdist_rpm, install_scripts, bdist_wheel
[0.533s] DEBUG:colcon.colcon_core.task.python.build:Available setuptools 'develop' options: --exclude-scripts, --no-find-links, --find-links, --build-directory, --egg-path, --always-copy, --script-dir, --always-unzip, --multi-version, --upgrade, --local-snapshots-ok, --site-dirs, --zip-ok, --verbose, --dry-run, --editable, --user, --install-dir, --no-deps, --no-user-cfg, --force-installation-into-system-dir, --help, --quiet, --version, --uninstall, --index-url, --allow-hosts, --optimize, --prefix, --record, --install-layout
[0.534s] DEBUG:colcon.colcon_core.task.python.build:While undoing a previous installation files outside the Python library path are being ignored: /home/rokey/p3/cobot_ws/install/parkbot_aruco/share/ament_index/resource_index/packages/parkbot_aruco
[0.534s] DEBUG:colcon.colcon_core.task.python.build:While undoing a previous installation files outside the Python library path are being ignored: /home/rokey/p3/cobot_ws/install/parkbot_aruco/share/parkbot_aruco/package.xml
[0.534s] DEBUG:colcon.colcon_core.task.python.build:While undoing a previous installation files outside the Python library path are being ignored: /home/rokey/p3/cobot_ws/install/parkbot_aruco/share/parkbot_aruco/data/marker_map.json
[0.534s] DEBUG:colcon.colcon_core.task.python.build:While undoing a previous installation files outside the Python library path are being ignored: /home/rokey/p3/cobot_ws/install/parkbot_aruco/share/parkbot_aruco/data/marker_map_v4.json
[0.534s] DEBUG:colcon.colcon_core.task.python.build:While undoing a previous installation files outside the Python library path are being ignored: /home/rokey/p3/cobot_ws/install/parkbot_aruco/lib/parkbot_aruco/aruco_detector
[0.534s] DEBUG:colcon.colcon_core.task.python.build:While undoing a previous installation files outside the Python library path are being ignored: /home/rokey/p3/cobot_ws/install/parkbot_aruco/lib/parkbot_aruco/marker_localizer_node
[0.536s] DEBUG:colcon.colcon_core.event_handler.log_command:Invoking command in '/home/rokey/p3/cobot_ws/build/parkbot_aruco': PYTHONPATH=/home/rokey/p3/cobot_ws/build/parkbot_aruco/prefix_override:/usr/lib/python3/dist-packages/colcon_core/task/python/colcon_distutils_commands:/home/rokey/p3/cobot_ws/install/parkbot_aruco/lib/python3.10/site-packages:${PYTHONPATH} /usr/bin/python3 -W ignore:setup.py install is deprecated -W ignore:easy_install command is deprecated setup.py develop --editable --build-directory /home/rokey/p3/cobot_ws/build/parkbot_aruco/build --no-deps symlink_data --force
[0.700s] Level 1:colcon.colcon_core.shell:create_environment_hook('parkbot_aruco', 'pythonpath_develop')
[0.700s] INFO:colcon.colcon_core.shell:Creating environment hook '/home/rokey/p3/cobot_ws/build/parkbot_aruco/share/parkbot_aruco/hook/pythonpath_develop.ps1'
[0.701s] DEBUG:colcon.colcon_core.event_handler.log_command:Invoked command in '/home/rokey/p3/cobot_ws/build/parkbot_aruco' returned '0': PYTHONPATH=/home/rokey/p3/cobot_ws/build/parkbot_aruco/prefix_override:/usr/lib/python3/dist-packages/colcon_core/task/python/colcon_distutils_commands:/home/rokey/p3/cobot_ws/install/parkbot_aruco/lib/python3.10/site-packages:${PYTHONPATH} /usr/bin/python3 -W ignore:setup.py install is deprecated -W ignore:easy_install command is deprecated setup.py develop --editable --build-directory /home/rokey/p3/cobot_ws/build/parkbot_aruco/build --no-deps symlink_data --force
[0.701s] INFO:colcon.colcon_core.shell:Creating environment descriptor '/home/rokey/p3/cobot_ws/build/parkbot_aruco/share/parkbot_aruco/hook/pythonpath_develop.dsv'
[0.701s] INFO:colcon.colcon_core.shell:Creating environment hook '/home/rokey/p3/cobot_ws/build/parkbot_aruco/share/parkbot_aruco/hook/pythonpath_develop.sh'
[0.703s] Level 1:colcon.colcon_core.environment:checking '/home/rokey/p3/cobot_ws/install/parkbot_aruco' for CMake module files
[0.704s] Level 1:colcon.colcon_core.environment:checking '/home/rokey/p3/cobot_ws/install/parkbot_aruco' for CMake config files
[0.704s] Level 1:colcon.colcon_core.environment:checking '/home/rokey/p3/cobot_ws/install/parkbot_aruco/lib'
[0.704s] Level 1:colcon.colcon_core.environment:checking '/home/rokey/p3/cobot_ws/install/parkbot_aruco/bin'
[0.704s] Level 1:colcon.colcon_core.environment:checking '/home/rokey/p3/cobot_ws/install/parkbot_aruco/lib/pkgconfig/parkbot_aruco.pc'
[0.704s] Level 1:colcon.colcon_core.environment:checking '/home/rokey/p3/cobot_ws/install/parkbot_aruco/lib/python3.10/site-packages'
[0.704s] Level 1:colcon.colcon_core.shell:create_environment_hook('parkbot_aruco', 'pythonpath')
[0.704s] INFO:colcon.colcon_core.shell:Creating environment hook '/home/rokey/p3/cobot_ws/install/parkbot_aruco/share/parkbot_aruco/hook/pythonpath.ps1'
[0.704s] INFO:colcon.colcon_core.shell:Creating environment descriptor '/home/rokey/p3/cobot_ws/install/parkbot_aruco/share/parkbot_aruco/hook/pythonpath.dsv'
[0.704s] INFO:colcon.colcon_core.shell:Creating environment hook '/home/rokey/p3/cobot_ws/install/parkbot_aruco/share/parkbot_aruco/hook/pythonpath.sh'
[0.705s] Level 1:colcon.colcon_core.environment:checking '/home/rokey/p3/cobot_ws/install/parkbot_aruco/bin'
[0.705s] Level 1:colcon.colcon_core.environment:create_environment_scripts_only(parkbot_aruco)
[0.705s] INFO:colcon.colcon_core.shell:Creating package script '/home/rokey/p3/cobot_ws/install/parkbot_aruco/share/parkbot_aruco/package.ps1'
[0.705s] INFO:colcon.colcon_core.shell:Creating package descriptor '/home/rokey/p3/cobot_ws/install/parkbot_aruco/share/parkbot_aruco/package.dsv'
[0.706s] INFO:colcon.colcon_core.shell:Creating package script '/home/rokey/p3/cobot_ws/install/parkbot_aruco/share/parkbot_aruco/package.sh'
[0.706s] INFO:colcon.colcon_core.shell:Creating package script '/home/rokey/p3/cobot_ws/install/parkbot_aruco/share/parkbot_aruco/package.bash'
[0.706s] INFO:colcon.colcon_core.shell:Creating package script '/home/rokey/p3/cobot_ws/install/parkbot_aruco/share/parkbot_aruco/package.zsh'
[0.707s] Level 1:colcon.colcon_core.environment:create_file_with_runtime_dependencies(/home/rokey/p3/cobot_ws/install/parkbot_aruco/share/colcon-core/packages/parkbot_aruco)
[0.707s] DEBUG:colcon.colcon_parallel_executor.executor.parallel:closing loop
[0.707s] DEBUG:colcon.colcon_parallel_executor.executor.parallel:loop closed
[0.707s] DEBUG:colcon.colcon_parallel_executor.executor.parallel:run_until_complete finished with '0'
[0.707s] DEBUG:colcon.colcon_core.event_reactor:joining thread
[0.709s] INFO:colcon.colcon_core.plugin_system:Skipping extension 'colcon_notification.desktop_notification.terminal_notifier': Not used on non-Darwin systems
[0.709s] INFO:colcon.colcon_core.plugin_system:Skipping extension 'colcon_notification.desktop_notification.win32': Not used on non-Windows systems
[0.709s] INFO:colcon.colcon_notification.desktop_notification:Sending desktop notification using 'notify2'
[0.717s] DEBUG:colcon.colcon_core.event_reactor:joined thread
[0.717s] INFO:colcon.colcon_core.shell:Creating prefix script '/home/rokey/p3/cobot_ws/install/local_setup.ps1'
[0.717s] INFO:colcon.colcon_core.shell:Creating prefix util module '/home/rokey/p3/cobot_ws/install/_local_setup_util_ps1.py'
[0.718s] INFO:colcon.colcon_core.shell:Creating prefix chain script '/home/rokey/p3/cobot_ws/install/setup.ps1'
[0.718s] INFO:colcon.colcon_core.shell:Creating prefix script '/home/rokey/p3/cobot_ws/install/local_setup.sh'
[0.718s] INFO:colcon.colcon_core.shell:Creating prefix util module '/home/rokey/p3/cobot_ws/install/_local_setup_util_sh.py'
[0.719s] INFO:colcon.colcon_core.shell:Creating prefix chain script '/home/rokey/p3/cobot_ws/install/setup.sh'
[0.719s] INFO:colcon.colcon_core.shell:Creating prefix script '/home/rokey/p3/cobot_ws/install/local_setup.bash'
[0.719s] INFO:colcon.colcon_core.shell:Creating prefix chain script '/home/rokey/p3/cobot_ws/install/setup.bash'
[0.720s] INFO:colcon.colcon_core.shell:Creating prefix script '/home/rokey/p3/cobot_ws/install/local_setup.zsh'
[0.720s] INFO:colcon.colcon_core.shell:Creating prefix chain script '/home/rokey/p3/cobot_ws/install/setup.zsh'
