[0.352s] Invoking command in '/home/rokey/p3/cobot_ws/build/parkbot_motion': AMENT_PREFIX_PATH=/home/rokey/p3/cobot_ws/install/parking_robot_interfaces:${AMENT_PREFIX_PATH} CMAKE_PREFIX_PATH=/home/rokey/p3/cobot_ws/install/parking_robot_interfaces LD_LIBRARY_PATH=/home/rokey/p3/cobot_ws/install/parking_robot_interfaces/lib:${LD_LIBRARY_PATH} PYTHONPATH=/home/rokey/p3/cobot_ws/build/parkbot_motion/prefix_override:/usr/lib/python3/dist-packages/colcon_core/task/python/colcon_distutils_commands:/home/rokey/p3/cobot_ws/install/parkbot_motion/lib/python3.10/site-packages:/home/rokey/p3/cobot_ws/install/parking_robot_interfaces/local/lib/python3.10/dist-packages:${PYTHONPATH} /usr/bin/python3 -W ignore:setup.py install is deprecated -W ignore:easy_install command is deprecated setup.py develop --editable --build-directory /home/rokey/p3/cobot_ws/build/parkbot_motion/build --no-deps symlink_data
[0.451s] running develop
[0.502s] running egg_info
[0.502s] writing parkbot_motion.egg-info/PKG-INFO
[0.502s] writing dependency_links to parkbot_motion.egg-info/dependency_links.txt
[0.502s] writing entry points to parkbot_motion.egg-info/entry_points.txt
[0.502s] writing requirements to parkbot_motion.egg-info/requires.txt
[0.502s] writing top-level names to parkbot_motion.egg-info/top_level.txt
[0.503s] reading manifest file 'parkbot_motion.egg-info/SOURCES.txt'
[0.504s] writing manifest file 'parkbot_motion.egg-info/SOURCES.txt'
[0.504s] running build_ext
[0.504s] Creating /home/rokey/p3/cobot_ws/install/parkbot_motion/lib/python3.10/site-packages/parkbot-motion.egg-link (link to .)
[0.505s] Installing axle_detector_node script to /home/rokey/p3/cobot_ws/install/parkbot_motion/lib/parkbot_motion
[0.505s] Installing carry_action_server script to /home/rokey/p3/cobot_ws/install/parkbot_motion/lib/parkbot_motion
[0.505s] Installing ingress_node script to /home/rokey/p3/cobot_ws/install/parkbot_motion/lib/parkbot_motion
[0.505s] Installing lift_action_server script to /home/rokey/p3/cobot_ws/install/parkbot_motion/lib/parkbot_motion
[0.505s] Installing pickup_orchestrator_node script to /home/rokey/p3/cobot_ws/install/parkbot_motion/lib/parkbot_motion
[0.505s] Installing pose_controller_node script to /home/rokey/p3/cobot_ws/install/parkbot_motion/lib/parkbot_motion
[0.505s] 
[0.505s] Installed /home/rokey/p3/cobot_ws/build/parkbot_motion
[0.505s] running symlink_data
[0.519s] Invoked command in '/home/rokey/p3/cobot_ws/build/parkbot_motion' returned '0': AMENT_PREFIX_PATH=/home/rokey/p3/cobot_ws/install/parking_robot_interfaces:${AMENT_PREFIX_PATH} CMAKE_PREFIX_PATH=/home/rokey/p3/cobot_ws/install/parking_robot_interfaces LD_LIBRARY_PATH=/home/rokey/p3/cobot_ws/install/parking_robot_interfaces/lib:${LD_LIBRARY_PATH} PYTHONPATH=/home/rokey/p3/cobot_ws/build/parkbot_motion/prefix_override:/usr/lib/python3/dist-packages/colcon_core/task/python/colcon_distutils_commands:/home/rokey/p3/cobot_ws/install/parkbot_motion/lib/python3.10/site-packages:/home/rokey/p3/cobot_ws/install/parking_robot_interfaces/local/lib/python3.10/dist-packages:${PYTHONPATH} /usr/bin/python3 -W ignore:setup.py install is deprecated -W ignore:easy_install command is deprecated setup.py develop --editable --build-directory /home/rokey/p3/cobot_ws/build/parkbot_motion/build --no-deps symlink_data
