[0.263s] Invoking command in '/home/rokey/p3/cobot_ws/src/parkbot_motion': PYTHONPATH=/home/rokey/p3/cobot_ws/build/parkbot_motion/prefix_override:/usr/lib/python3/dist-packages/colcon_core/task/python/colcon_distutils_commands:/home/rokey/p3/cobot_ws/install/parkbot_motion/lib/python3.10/site-packages:${PYTHONPATH} /usr/bin/python3 -W ignore:setup.py install is deprecated -W ignore:easy_install command is deprecated setup.py egg_info --egg-base ../../build/parkbot_motion build --build-base /home/rokey/p3/cobot_ws/build/parkbot_motion/build install --record /home/rokey/p3/cobot_ws/build/parkbot_motion/install.log --install-scripts $base/lib/parkbot_motion --single-version-externally-managed install_data
[0.357s] running egg_info
[0.357s] writing ../../build/parkbot_motion/parkbot_motion.egg-info/PKG-INFO
[0.357s] writing dependency_links to ../../build/parkbot_motion/parkbot_motion.egg-info/dependency_links.txt
[0.357s] writing entry points to ../../build/parkbot_motion/parkbot_motion.egg-info/entry_points.txt
[0.357s] writing requirements to ../../build/parkbot_motion/parkbot_motion.egg-info/requires.txt
[0.357s] writing top-level names to ../../build/parkbot_motion/parkbot_motion.egg-info/top_level.txt
[0.358s] reading manifest file '../../build/parkbot_motion/parkbot_motion.egg-info/SOURCES.txt'
[0.359s] writing manifest file '../../build/parkbot_motion/parkbot_motion.egg-info/SOURCES.txt'
[0.359s] running build
[0.359s] running build_py
[0.359s] running install
[0.359s] running install_lib
[0.360s] running install_data
[0.360s] running install_egg_info
[0.360s] removing '/home/rokey/p3/cobot_ws/install/parkbot_motion/lib/python3.10/site-packages/parkbot_motion-0.1.0-py3.10.egg-info' (and everything under it)
[0.362s] Copying ../../build/parkbot_motion/parkbot_motion.egg-info to /home/rokey/p3/cobot_ws/install/parkbot_motion/lib/python3.10/site-packages/parkbot_motion-0.1.0-py3.10.egg-info
[0.362s] running install_scripts
[0.372s] Installing axle_detector_node script to /home/rokey/p3/cobot_ws/install/parkbot_motion/lib/parkbot_motion
[0.372s] Installing carry_action_server script to /home/rokey/p3/cobot_ws/install/parkbot_motion/lib/parkbot_motion
[0.372s] Installing ingress_node script to /home/rokey/p3/cobot_ws/install/parkbot_motion/lib/parkbot_motion
[0.372s] Installing lift_action_server script to /home/rokey/p3/cobot_ws/install/parkbot_motion/lib/parkbot_motion
[0.372s] Installing pickup_orchestrator_node script to /home/rokey/p3/cobot_ws/install/parkbot_motion/lib/parkbot_motion
[0.372s] Installing pose_controller_node script to /home/rokey/p3/cobot_ws/install/parkbot_motion/lib/parkbot_motion
[0.372s] writing list of installed files to '/home/rokey/p3/cobot_ws/build/parkbot_motion/install.log'
[0.383s] Invoked command in '/home/rokey/p3/cobot_ws/src/parkbot_motion' returned '0': PYTHONPATH=/home/rokey/p3/cobot_ws/build/parkbot_motion/prefix_override:/usr/lib/python3/dist-packages/colcon_core/task/python/colcon_distutils_commands:/home/rokey/p3/cobot_ws/install/parkbot_motion/lib/python3.10/site-packages:${PYTHONPATH} /usr/bin/python3 -W ignore:setup.py install is deprecated -W ignore:easy_install command is deprecated setup.py egg_info --egg-base ../../build/parkbot_motion build --build-base /home/rokey/p3/cobot_ws/build/parkbot_motion/build install --record /home/rokey/p3/cobot_ws/build/parkbot_motion/install.log --install-scripts $base/lib/parkbot_motion --single-version-externally-managed install_data
