[0.247s] Invoking command in '/home/rokey/p3/cobot_ws/src/parkbot_motion': AMENT_PREFIX_PATH=/home/rokey/p3/cobot_ws/install/parking_robot_interfaces:${AMENT_PREFIX_PATH} CMAKE_PREFIX_PATH=/home/rokey/p3/cobot_ws/install/parking_robot_interfaces LD_LIBRARY_PATH=/home/rokey/p3/cobot_ws/install/parking_robot_interfaces/lib:${LD_LIBRARY_PATH} PYTHONPATH=/home/rokey/p3/cobot_ws/build/parkbot_motion/prefix_override:/usr/lib/python3/dist-packages/colcon_core/task/python/colcon_distutils_commands:/home/rokey/p3/cobot_ws/install/parkbot_motion/lib/python3.10/site-packages:/home/rokey/p3/cobot_ws/install/parking_robot_interfaces/local/lib/python3.10/dist-packages:${PYTHONPATH} /usr/bin/python3 -W ignore:setup.py install is deprecated -W ignore:easy_install command is deprecated setup.py egg_info --egg-base ../../build/parkbot_motion build --build-base /home/rokey/p3/cobot_ws/build/parkbot_motion/build install --record /home/rokey/p3/cobot_ws/build/parkbot_motion/install.log --install-scripts $base/lib/parkbot_motion --single-version-externally-managed install_data
[0.345s] running egg_info
[0.345s] creating ../../build/parkbot_motion/parkbot_motion.egg-info
[0.345s] writing ../../build/parkbot_motion/parkbot_motion.egg-info/PKG-INFO
[0.345s] writing dependency_links to ../../build/parkbot_motion/parkbot_motion.egg-info/dependency_links.txt
[0.345s] writing entry points to ../../build/parkbot_motion/parkbot_motion.egg-info/entry_points.txt
[0.345s] writing requirements to ../../build/parkbot_motion/parkbot_motion.egg-info/requires.txt
[0.345s] writing top-level names to ../../build/parkbot_motion/parkbot_motion.egg-info/top_level.txt
[0.345s] writing manifest file '../../build/parkbot_motion/parkbot_motion.egg-info/SOURCES.txt'
[0.346s] reading manifest file '../../build/parkbot_motion/parkbot_motion.egg-info/SOURCES.txt'
[0.346s] writing manifest file '../../build/parkbot_motion/parkbot_motion.egg-info/SOURCES.txt'
[0.346s] running build
[0.346s] running build_py
[0.346s] creating /home/rokey/p3/cobot_ws/build/parkbot_motion/build
[0.346s] creating /home/rokey/p3/cobot_ws/build/parkbot_motion/build/lib
[0.346s] creating /home/rokey/p3/cobot_ws/build/parkbot_motion/build/lib/parkbot_motion
[0.346s] copying parkbot_motion/pose_controller_node.py -> /home/rokey/p3/cobot_ws/build/parkbot_motion/build/lib/parkbot_motion
[0.347s] copying parkbot_motion/mecanum_kinematics.py -> /home/rokey/p3/cobot_ws/build/parkbot_motion/build/lib/parkbot_motion
[0.347s] copying parkbot_motion/ingress_node.py -> /home/rokey/p3/cobot_ws/build/parkbot_motion/build/lib/parkbot_motion
[0.347s] copying parkbot_motion/lift_action_server.py -> /home/rokey/p3/cobot_ws/build/parkbot_motion/build/lib/parkbot_motion
[0.347s] copying parkbot_motion/axle_detector_node.py -> /home/rokey/p3/cobot_ws/build/parkbot_motion/build/lib/parkbot_motion
[0.347s] copying parkbot_motion/axle_center.py -> /home/rokey/p3/cobot_ws/build/parkbot_motion/build/lib/parkbot_motion
[0.347s] copying parkbot_motion/__init__.py -> /home/rokey/p3/cobot_ws/build/parkbot_motion/build/lib/parkbot_motion
[0.347s] copying parkbot_motion/mission_control.py -> /home/rokey/p3/cobot_ws/build/parkbot_motion/build/lib/parkbot_motion
[0.347s] copying parkbot_motion/pose_controller.py -> /home/rokey/p3/cobot_ws/build/parkbot_motion/build/lib/parkbot_motion
[0.347s] copying parkbot_motion/wheel_odometry.py -> /home/rokey/p3/cobot_ws/build/parkbot_motion/build/lib/parkbot_motion
[0.347s] copying parkbot_motion/depth_stop_detector.py -> /home/rokey/p3/cobot_ws/build/parkbot_motion/build/lib/parkbot_motion
[0.347s] copying parkbot_motion/ingress_control.py -> /home/rokey/p3/cobot_ws/build/parkbot_motion/build/lib/parkbot_motion
[0.347s] running install
[0.347s] running install_lib
[0.348s] creating /home/rokey/p3/cobot_ws/install/parkbot_motion/lib/python3.10/site-packages/parkbot_motion
[0.348s] copying /home/rokey/p3/cobot_ws/build/parkbot_motion/build/lib/parkbot_motion/pose_controller_node.py -> /home/rokey/p3/cobot_ws/install/parkbot_motion/lib/python3.10/site-packages/parkbot_motion
[0.348s] copying /home/rokey/p3/cobot_ws/build/parkbot_motion/build/lib/parkbot_motion/mecanum_kinematics.py -> /home/rokey/p3/cobot_ws/install/parkbot_motion/lib/python3.10/site-packages/parkbot_motion
[0.348s] copying /home/rokey/p3/cobot_ws/build/parkbot_motion/build/lib/parkbot_motion/ingress_node.py -> /home/rokey/p3/cobot_ws/install/parkbot_motion/lib/python3.10/site-packages/parkbot_motion
[0.348s] copying /home/rokey/p3/cobot_ws/build/parkbot_motion/build/lib/parkbot_motion/lift_action_server.py -> /home/rokey/p3/cobot_ws/install/parkbot_motion/lib/python3.10/site-packages/parkbot_motion
[0.348s] copying /home/rokey/p3/cobot_ws/build/parkbot_motion/build/lib/parkbot_motion/axle_detector_node.py -> /home/rokey/p3/cobot_ws/install/parkbot_motion/lib/python3.10/site-packages/parkbot_motion
[0.348s] copying /home/rokey/p3/cobot_ws/build/parkbot_motion/build/lib/parkbot_motion/axle_center.py -> /home/rokey/p3/cobot_ws/install/parkbot_motion/lib/python3.10/site-packages/parkbot_motion
[0.348s] copying /home/rokey/p3/cobot_ws/build/parkbot_motion/build/lib/parkbot_motion/__init__.py -> /home/rokey/p3/cobot_ws/install/parkbot_motion/lib/python3.10/site-packages/parkbot_motion
[0.348s] copying /home/rokey/p3/cobot_ws/build/parkbot_motion/build/lib/parkbot_motion/mission_control.py -> /home/rokey/p3/cobot_ws/install/parkbot_motion/lib/python3.10/site-packages/parkbot_motion
[0.348s] copying /home/rokey/p3/cobot_ws/build/parkbot_motion/build/lib/parkbot_motion/pose_controller.py -> /home/rokey/p3/cobot_ws/install/parkbot_motion/lib/python3.10/site-packages/parkbot_motion
[0.348s] copying /home/rokey/p3/cobot_ws/build/parkbot_motion/build/lib/parkbot_motion/wheel_odometry.py -> /home/rokey/p3/cobot_ws/install/parkbot_motion/lib/python3.10/site-packages/parkbot_motion
[0.348s] copying /home/rokey/p3/cobot_ws/build/parkbot_motion/build/lib/parkbot_motion/depth_stop_detector.py -> /home/rokey/p3/cobot_ws/install/parkbot_motion/lib/python3.10/site-packages/parkbot_motion
[0.348s] copying /home/rokey/p3/cobot_ws/build/parkbot_motion/build/lib/parkbot_motion/ingress_control.py -> /home/rokey/p3/cobot_ws/install/parkbot_motion/lib/python3.10/site-packages/parkbot_motion
[0.348s] byte-compiling /home/rokey/p3/cobot_ws/install/parkbot_motion/lib/python3.10/site-packages/parkbot_motion/pose_controller_node.py to pose_controller_node.cpython-310.pyc
[0.349s] byte-compiling /home/rokey/p3/cobot_ws/install/parkbot_motion/lib/python3.10/site-packages/parkbot_motion/mecanum_kinematics.py to mecanum_kinematics.cpython-310.pyc
[0.350s] byte-compiling /home/rokey/p3/cobot_ws/install/parkbot_motion/lib/python3.10/site-packages/parkbot_motion/ingress_node.py to ingress_node.cpython-310.pyc
[0.351s] byte-compiling /home/rokey/p3/cobot_ws/install/parkbot_motion/lib/python3.10/site-packages/parkbot_motion/lift_action_server.py to lift_action_server.cpython-310.pyc
[0.351s] byte-compiling /home/rokey/p3/cobot_ws/install/parkbot_motion/lib/python3.10/site-packages/parkbot_motion/axle_detector_node.py to axle_detector_node.cpython-310.pyc
[0.352s] byte-compiling /home/rokey/p3/cobot_ws/install/parkbot_motion/lib/python3.10/site-packages/parkbot_motion/axle_center.py to axle_center.cpython-310.pyc
[0.352s] byte-compiling /home/rokey/p3/cobot_ws/install/parkbot_motion/lib/python3.10/site-packages/parkbot_motion/__init__.py to __init__.cpython-310.pyc
[0.352s] byte-compiling /home/rokey/p3/cobot_ws/install/parkbot_motion/lib/python3.10/site-packages/parkbot_motion/mission_control.py to mission_control.cpython-310.pyc
[0.352s] byte-compiling /home/rokey/p3/cobot_ws/install/parkbot_motion/lib/python3.10/site-packages/parkbot_motion/pose_controller.py to pose_controller.cpython-310.pyc
[0.352s] byte-compiling /home/rokey/p3/cobot_ws/install/parkbot_motion/lib/python3.10/site-packages/parkbot_motion/wheel_odometry.py to wheel_odometry.cpython-310.pyc
[0.353s] byte-compiling /home/rokey/p3/cobot_ws/install/parkbot_motion/lib/python3.10/site-packages/parkbot_motion/depth_stop_detector.py to depth_stop_detector.cpython-310.pyc
[0.353s] byte-compiling /home/rokey/p3/cobot_ws/install/parkbot_motion/lib/python3.10/site-packages/parkbot_motion/ingress_control.py to ingress_control.cpython-310.pyc
[0.353s] running install_data
[0.353s] creating /home/rokey/p3/cobot_ws/install/parkbot_motion/share/ament_index
[0.353s] creating /home/rokey/p3/cobot_ws/install/parkbot_motion/share/ament_index/resource_index
[0.353s] creating /home/rokey/p3/cobot_ws/install/parkbot_motion/share/ament_index/resource_index/packages
[0.353s] copying resource/parkbot_motion -> /home/rokey/p3/cobot_ws/install/parkbot_motion/share/ament_index/resource_index/packages
[0.353s] copying package.xml -> /home/rokey/p3/cobot_ws/install/parkbot_motion/share/parkbot_motion
[0.353s] running install_egg_info
[0.354s] Copying ../../build/parkbot_motion/parkbot_motion.egg-info to /home/rokey/p3/cobot_ws/install/parkbot_motion/lib/python3.10/site-packages/parkbot_motion-0.1.0-py3.10.egg-info
[0.354s] running install_scripts
[0.364s] Installing axle_detector_node script to /home/rokey/p3/cobot_ws/install/parkbot_motion/lib/parkbot_motion
[0.364s] Installing ingress_node script to /home/rokey/p3/cobot_ws/install/parkbot_motion/lib/parkbot_motion
[0.364s] Installing lift_action_server script to /home/rokey/p3/cobot_ws/install/parkbot_motion/lib/parkbot_motion
[0.364s] Installing pose_controller_node script to /home/rokey/p3/cobot_ws/install/parkbot_motion/lib/parkbot_motion
[0.364s] writing list of installed files to '/home/rokey/p3/cobot_ws/build/parkbot_motion/install.log'
[0.381s] Invoked command in '/home/rokey/p3/cobot_ws/src/parkbot_motion' returned '0': AMENT_PREFIX_PATH=/home/rokey/p3/cobot_ws/install/parking_robot_interfaces:${AMENT_PREFIX_PATH} CMAKE_PREFIX_PATH=/home/rokey/p3/cobot_ws/install/parking_robot_interfaces LD_LIBRARY_PATH=/home/rokey/p3/cobot_ws/install/parking_robot_interfaces/lib:${LD_LIBRARY_PATH} PYTHONPATH=/home/rokey/p3/cobot_ws/build/parkbot_motion/prefix_override:/usr/lib/python3/dist-packages/colcon_core/task/python/colcon_distutils_commands:/home/rokey/p3/cobot_ws/install/parkbot_motion/lib/python3.10/site-packages:/home/rokey/p3/cobot_ws/install/parking_robot_interfaces/local/lib/python3.10/dist-packages:${PYTHONPATH} /usr/bin/python3 -W ignore:setup.py install is deprecated -W ignore:easy_install command is deprecated setup.py egg_info --egg-base ../../build/parkbot_motion build --build-base /home/rokey/p3/cobot_ws/build/parkbot_motion/build install --record /home/rokey/p3/cobot_ws/build/parkbot_motion/install.log --install-scripts $base/lib/parkbot_motion --single-version-externally-managed install_data
