[0.043s] DEBUG:colcon:Command line arguments: ['/usr/bin/colcon', 'build', '--packages-select', 'parkbot_motion', '--symlink-install']
[0.043s] DEBUG:colcon:Parsed command line arguments: Namespace(log_base=None, log_level=None, verb_name='build', build_base='build', install_base='install', merge_install=False, symlink_install=True, test_result_base=None, continue_on_error=False, executor='parallel', parallel_workers=24, event_handlers=None, ignore_user_meta=False, metas=['./colcon.meta'], base_paths=['.'], packages_ignore=None, packages_ignore_regex=None, paths=None, packages_up_to=None, packages_up_to_regex=None, packages_above=None, packages_above_and_dependencies=None, packages_above_depth=None, packages_select_by_dep=None, packages_skip_by_dep=None, packages_skip_up_to=None, packages_select_build_failed=False, packages_skip_build_finished=False, packages_select_test_failures=False, packages_skip_test_passed=False, packages_select=['parkbot_motion'], packages_skip=None, packages_select_regex=None, packages_skip_regex=None, packages_start=None, packages_end=None, allow_overriding=[], cmake_args=None, cmake_target=None, cmake_target_skip_unavailable=False, cmake_clean_cache=False, cmake_clean_first=False, cmake_force_configure=False, ament_cmake_args=None, catkin_cmake_args=None, catkin_skip_building_tests=False, verb_parser=<colcon_defaults.argument_parser.defaults.DefaultArgumentsDecorator object at 0x701df2e17bb0>, verb_extension=<colcon_core.verb.build.BuildVerb object at 0x701df2f61240>, main=<bound method BuildVerb.main of <colcon_core.verb.build.BuildVerb object at 0x701df2f61240>>)
[0.101s] Level 1:colcon.colcon_core.package_discovery:discover_packages(colcon_meta) check parameters
[0.101s] Level 1:colcon.colcon_core.package_discovery:discover_packages(recursive) check parameters
[0.101s] Level 1:colcon.colcon_core.package_discovery:discover_packages(ignore) check parameters
[0.101s] Level 1:colcon.colcon_core.package_discovery:discover_packages(path) check parameters
[0.101s] Level 1:colcon.colcon_core.package_discovery:discover_packages(colcon_meta) discover
[0.101s] Level 1:colcon.colcon_core.package_discovery:discover_packages(recursive) discover
[0.101s] INFO:colcon.colcon_core.package_discovery:Crawling recursively for packages in '/home/rokey/p3/cobot_ws'
[0.101s] Level 1:colcon.colcon_core.package_identification:_identify(.) by extensions ['ignore', 'ignore_ament_install']
[0.101s] Level 1:colcon.colcon_core.package_identification:_identify(.) by extension 'ignore'
[0.101s] Level 1:colcon.colcon_core.package_identification:_identify(.) by extension 'ignore_ament_install'
[0.101s] Level 1:colcon.colcon_core.package_identification:_identify(.) by extensions ['colcon_pkg']
[0.101s] Level 1:colcon.colcon_core.package_identification:_identify(.) by extension 'colcon_pkg'
[0.101s] Level 1:colcon.colcon_core.package_identification:_identify(.) by extensions ['colcon_meta']
[0.101s] Level 1:colcon.colcon_core.package_identification:_identify(.) by extension 'colcon_meta'
[0.101s] Level 1:colcon.colcon_core.package_identification:_identify(.) by extensions ['ros']
[0.101s] Level 1:colcon.colcon_core.package_identification:_identify(.) by extension 'ros'
[0.106s] Level 1:colcon.colcon_core.package_identification:_identify(.) by extensions ['cmake', 'python']
[0.106s] Level 1:colcon.colcon_core.package_identification:_identify(.) by extension 'cmake'
[0.106s] Level 1:colcon.colcon_core.package_identification:_identify(.) by extension 'python'
[0.106s] Level 1:colcon.colcon_core.package_identification:_identify(.) by extensions ['python_setup_py']
[0.106s] Level 1:colcon.colcon_core.package_identification:_identify(.) by extension 'python_setup_py'
[0.106s] Level 1:colcon.colcon_core.package_identification:_identify(build) by extensions ['ignore', 'ignore_ament_install']
[0.106s] Level 1:colcon.colcon_core.package_identification:_identify(build) by extension 'ignore'
[0.106s] Level 1:colcon.colcon_core.package_identification:_identify(build) ignored
[0.106s] Level 1:colcon.colcon_core.package_identification:_identify(data) by extensions ['ignore', 'ignore_ament_install']
[0.106s] Level 1:colcon.colcon_core.package_identification:_identify(data) by extension 'ignore'
[0.106s] Level 1:colcon.colcon_core.package_identification:_identify(data) by extension 'ignore_ament_install'
[0.106s] Level 1:colcon.colcon_core.package_identification:_identify(data) by extensions ['colcon_pkg']
[0.106s] Level 1:colcon.colcon_core.package_identification:_identify(data) by extension 'colcon_pkg'
[0.107s] Level 1:colcon.colcon_core.package_identification:_identify(data) by extensions ['colcon_meta']
[0.107s] Level 1:colcon.colcon_core.package_identification:_identify(data) by extension 'colcon_meta'
[0.107s] Level 1:colcon.colcon_core.package_identification:_identify(data) by extensions ['ros']
[0.107s] Level 1:colcon.colcon_core.package_identification:_identify(data) by extension 'ros'
[0.107s] Level 1:colcon.colcon_core.package_identification:_identify(data) by extensions ['cmake', 'python']
[0.107s] Level 1:colcon.colcon_core.package_identification:_identify(data) by extension 'cmake'
[0.107s] Level 1:colcon.colcon_core.package_identification:_identify(data) by extension 'python'
[0.107s] Level 1:colcon.colcon_core.package_identification:_identify(data) by extensions ['python_setup_py']
[0.107s] Level 1:colcon.colcon_core.package_identification:_identify(data) by extension 'python_setup_py'
[0.107s] Level 1:colcon.colcon_core.package_identification:_identify(data/stream_store) by extensions ['ignore', 'ignore_ament_install']
[0.107s] Level 1:colcon.colcon_core.package_identification:_identify(data/stream_store) by extension 'ignore'
[0.107s] Level 1:colcon.colcon_core.package_identification:_identify(data/stream_store) by extension 'ignore_ament_install'
[0.107s] Level 1:colcon.colcon_core.package_identification:_identify(data/stream_store) by extensions ['colcon_pkg']
[0.107s] Level 1:colcon.colcon_core.package_identification:_identify(data/stream_store) by extension 'colcon_pkg'
[0.107s] Level 1:colcon.colcon_core.package_identification:_identify(data/stream_store) by extensions ['colcon_meta']
[0.107s] Level 1:colcon.colcon_core.package_identification:_identify(data/stream_store) by extension 'colcon_meta'
[0.107s] Level 1:colcon.colcon_core.package_identification:_identify(data/stream_store) by extensions ['ros']
[0.107s] Level 1:colcon.colcon_core.package_identification:_identify(data/stream_store) by extension 'ros'
[0.107s] Level 1:colcon.colcon_core.package_identification:_identify(data/stream_store) by extensions ['cmake', 'python']
[0.107s] Level 1:colcon.colcon_core.package_identification:_identify(data/stream_store) by extension 'cmake'
[0.107s] Level 1:colcon.colcon_core.package_identification:_identify(data/stream_store) by extension 'python'
[0.107s] Level 1:colcon.colcon_core.package_identification:_identify(data/stream_store) by extensions ['python_setup_py']
[0.107s] Level 1:colcon.colcon_core.package_identification:_identify(data/stream_store) by extension 'python_setup_py'
[0.107s] Level 1:colcon.colcon_core.package_identification:_identify(docs) by extensions ['ignore', 'ignore_ament_install']
[0.107s] Level 1:colcon.colcon_core.package_identification:_identify(docs) by extension 'ignore'
[0.107s] Level 1:colcon.colcon_core.package_identification:_identify(docs) by extension 'ignore_ament_install'
[0.107s] Level 1:colcon.colcon_core.package_identification:_identify(docs) by extensions ['colcon_pkg']
[0.107s] Level 1:colcon.colcon_core.package_identification:_identify(docs) by extension 'colcon_pkg'
[0.107s] Level 1:colcon.colcon_core.package_identification:_identify(docs) by extensions ['colcon_meta']
[0.107s] Level 1:colcon.colcon_core.package_identification:_identify(docs) by extension 'colcon_meta'
[0.107s] Level 1:colcon.colcon_core.package_identification:_identify(docs) by extensions ['ros']
[0.107s] Level 1:colcon.colcon_core.package_identification:_identify(docs) by extension 'ros'
[0.107s] Level 1:colcon.colcon_core.package_identification:_identify(docs) by extensions ['cmake', 'python']
[0.107s] Level 1:colcon.colcon_core.package_identification:_identify(docs) by extension 'cmake'
[0.107s] Level 1:colcon.colcon_core.package_identification:_identify(docs) by extension 'python'
[0.107s] Level 1:colcon.colcon_core.package_identification:_identify(docs) by extensions ['python_setup_py']
[0.107s] Level 1:colcon.colcon_core.package_identification:_identify(docs) by extension 'python_setup_py'
[0.107s] Level 1:colcon.colcon_core.package_identification:_identify(docs/concepts) by extensions ['ignore', 'ignore_ament_install']
[0.107s] Level 1:colcon.colcon_core.package_identification:_identify(docs/concepts) by extension 'ignore'
[0.107s] Level 1:colcon.colcon_core.package_identification:_identify(docs/concepts) by extension 'ignore_ament_install'
[0.107s] Level 1:colcon.colcon_core.package_identification:_identify(docs/concepts) by extensions ['colcon_pkg']
[0.107s] Level 1:colcon.colcon_core.package_identification:_identify(docs/concepts) by extension 'colcon_pkg'
[0.107s] Level 1:colcon.colcon_core.package_identification:_identify(docs/concepts) by extensions ['colcon_meta']
[0.107s] Level 1:colcon.colcon_core.package_identification:_identify(docs/concepts) by extension 'colcon_meta'
[0.107s] Level 1:colcon.colcon_core.package_identification:_identify(docs/concepts) by extensions ['ros']
[0.107s] Level 1:colcon.colcon_core.package_identification:_identify(docs/concepts) by extension 'ros'
[0.107s] Level 1:colcon.colcon_core.package_identification:_identify(docs/concepts) by extensions ['cmake', 'python']
[0.107s] Level 1:colcon.colcon_core.package_identification:_identify(docs/concepts) by extension 'cmake'
[0.107s] Level 1:colcon.colcon_core.package_identification:_identify(docs/concepts) by extension 'python'
[0.107s] Level 1:colcon.colcon_core.package_identification:_identify(docs/concepts) by extensions ['python_setup_py']
[0.107s] Level 1:colcon.colcon_core.package_identification:_identify(docs/concepts) by extension 'python_setup_py'
[0.107s] Level 1:colcon.colcon_core.package_identification:_identify(docs/superpowers) by extensions ['ignore', 'ignore_ament_install']
[0.107s] Level 1:colcon.colcon_core.package_identification:_identify(docs/superpowers) by extension 'ignore'
[0.107s] Level 1:colcon.colcon_core.package_identification:_identify(docs/superpowers) by extension 'ignore_ament_install'
[0.107s] Level 1:colcon.colcon_core.package_identification:_identify(docs/superpowers) by extensions ['colcon_pkg']
[0.107s] Level 1:colcon.colcon_core.package_identification:_identify(docs/superpowers) by extension 'colcon_pkg'
[0.107s] Level 1:colcon.colcon_core.package_identification:_identify(docs/superpowers) by extensions ['colcon_meta']
[0.107s] Level 1:colcon.colcon_core.package_identification:_identify(docs/superpowers) by extension 'colcon_meta'
[0.107s] Level 1:colcon.colcon_core.package_identification:_identify(docs/superpowers) by extensions ['ros']
[0.107s] Level 1:colcon.colcon_core.package_identification:_identify(docs/superpowers) by extension 'ros'
[0.108s] Level 1:colcon.colcon_core.package_identification:_identify(docs/superpowers) by extensions ['cmake', 'python']
[0.108s] Level 1:colcon.colcon_core.package_identification:_identify(docs/superpowers) by extension 'cmake'
[0.108s] Level 1:colcon.colcon_core.package_identification:_identify(docs/superpowers) by extension 'python'
[0.108s] Level 1:colcon.colcon_core.package_identification:_identify(docs/superpowers) by extensions ['python_setup_py']
[0.108s] Level 1:colcon.colcon_core.package_identification:_identify(docs/superpowers) by extension 'python_setup_py'
[0.108s] Level 1:colcon.colcon_core.package_identification:_identify(docs/superpowers/plans) by extensions ['ignore', 'ignore_ament_install']
[0.108s] Level 1:colcon.colcon_core.package_identification:_identify(docs/superpowers/plans) by extension 'ignore'
[0.108s] Level 1:colcon.colcon_core.package_identification:_identify(docs/superpowers/plans) by extension 'ignore_ament_install'
[0.108s] Level 1:colcon.colcon_core.package_identification:_identify(docs/superpowers/plans) by extensions ['colcon_pkg']
[0.108s] Level 1:colcon.colcon_core.package_identification:_identify(docs/superpowers/plans) by extension 'colcon_pkg'
[0.108s] Level 1:colcon.colcon_core.package_identification:_identify(docs/superpowers/plans) by extensions ['colcon_meta']
[0.108s] Level 1:colcon.colcon_core.package_identification:_identify(docs/superpowers/plans) by extension 'colcon_meta'
[0.108s] Level 1:colcon.colcon_core.package_identification:_identify(docs/superpowers/plans) by extensions ['ros']
[0.108s] Level 1:colcon.colcon_core.package_identification:_identify(docs/superpowers/plans) by extension 'ros'
[0.108s] Level 1:colcon.colcon_core.package_identification:_identify(docs/superpowers/plans) by extensions ['cmake', 'python']
[0.108s] Level 1:colcon.colcon_core.package_identification:_identify(docs/superpowers/plans) by extension 'cmake'
[0.108s] Level 1:colcon.colcon_core.package_identification:_identify(docs/superpowers/plans) by extension 'python'
[0.108s] Level 1:colcon.colcon_core.package_identification:_identify(docs/superpowers/plans) by extensions ['python_setup_py']
[0.108s] Level 1:colcon.colcon_core.package_identification:_identify(docs/superpowers/plans) by extension 'python_setup_py'
[0.108s] Level 1:colcon.colcon_core.package_identification:_identify(docs/superpowers/specs) by extensions ['ignore', 'ignore_ament_install']
[0.108s] Level 1:colcon.colcon_core.package_identification:_identify(docs/superpowers/specs) by extension 'ignore'
[0.108s] Level 1:colcon.colcon_core.package_identification:_identify(docs/superpowers/specs) by extension 'ignore_ament_install'
[0.108s] Level 1:colcon.colcon_core.package_identification:_identify(docs/superpowers/specs) by extensions ['colcon_pkg']
[0.108s] Level 1:colcon.colcon_core.package_identification:_identify(docs/superpowers/specs) by extension 'colcon_pkg'
[0.108s] Level 1:colcon.colcon_core.package_identification:_identify(docs/superpowers/specs) by extensions ['colcon_meta']
[0.108s] Level 1:colcon.colcon_core.package_identification:_identify(docs/superpowers/specs) by extension 'colcon_meta'
[0.108s] Level 1:colcon.colcon_core.package_identification:_identify(docs/superpowers/specs) by extensions ['ros']
[0.108s] Level 1:colcon.colcon_core.package_identification:_identify(docs/superpowers/specs) by extension 'ros'
[0.108s] Level 1:colcon.colcon_core.package_identification:_identify(docs/superpowers/specs) by extensions ['cmake', 'python']
[0.108s] Level 1:colcon.colcon_core.package_identification:_identify(docs/superpowers/specs) by extension 'cmake'
[0.108s] Level 1:colcon.colcon_core.package_identification:_identify(docs/superpowers/specs) by extension 'python'
[0.108s] Level 1:colcon.colcon_core.package_identification:_identify(docs/superpowers/specs) by extensions ['python_setup_py']
[0.108s] Level 1:colcon.colcon_core.package_identification:_identify(docs/superpowers/specs) by extension 'python_setup_py'
[0.108s] Level 1:colcon.colcon_core.package_identification:_identify(install) by extensions ['ignore', 'ignore_ament_install']
[0.108s] Level 1:colcon.colcon_core.package_identification:_identify(install) by extension 'ignore'
[0.108s] Level 1:colcon.colcon_core.package_identification:_identify(install) ignored
[0.108s] Level 1:colcon.colcon_core.package_identification:_identify(isaacpjt) by extensions ['ignore', 'ignore_ament_install']
[0.108s] Level 1:colcon.colcon_core.package_identification:_identify(isaacpjt) by extension 'ignore'
[0.108s] Level 1:colcon.colcon_core.package_identification:_identify(isaacpjt) by extension 'ignore_ament_install'
[0.108s] Level 1:colcon.colcon_core.package_identification:_identify(isaacpjt) by extensions ['colcon_pkg']
[0.108s] Level 1:colcon.colcon_core.package_identification:_identify(isaacpjt) by extension 'colcon_pkg'
[0.108s] Level 1:colcon.colcon_core.package_identification:_identify(isaacpjt) by extensions ['colcon_meta']
[0.108s] Level 1:colcon.colcon_core.package_identification:_identify(isaacpjt) by extension 'colcon_meta'
[0.108s] Level 1:colcon.colcon_core.package_identification:_identify(isaacpjt) by extensions ['ros']
[0.108s] Level 1:colcon.colcon_core.package_identification:_identify(isaacpjt) by extension 'ros'
[0.108s] Level 1:colcon.colcon_core.package_identification:_identify(isaacpjt) by extensions ['cmake', 'python']
[0.108s] Level 1:colcon.colcon_core.package_identification:_identify(isaacpjt) by extension 'cmake'
[0.108s] Level 1:colcon.colcon_core.package_identification:_identify(isaacpjt) by extension 'python'
[0.108s] Level 1:colcon.colcon_core.package_identification:_identify(isaacpjt) by extensions ['python_setup_py']
[0.108s] Level 1:colcon.colcon_core.package_identification:_identify(isaacpjt) by extension 'python_setup_py'
[0.108s] Level 1:colcon.colcon_core.package_identification:_identify(isaacpjt/Isaac_envo) by extensions ['ignore', 'ignore_ament_install']
[0.108s] Level 1:colcon.colcon_core.package_identification:_identify(isaacpjt/Isaac_envo) by extension 'ignore'
[0.108s] Level 1:colcon.colcon_core.package_identification:_identify(isaacpjt/Isaac_envo) by extension 'ignore_ament_install'
[0.108s] Level 1:colcon.colcon_core.package_identification:_identify(isaacpjt/Isaac_envo) by extensions ['colcon_pkg']
[0.108s] Level 1:colcon.colcon_core.package_identification:_identify(isaacpjt/Isaac_envo) by extension 'colcon_pkg'
[0.108s] Level 1:colcon.colcon_core.package_identification:_identify(isaacpjt/Isaac_envo) by extensions ['colcon_meta']
[0.108s] Level 1:colcon.colcon_core.package_identification:_identify(isaacpjt/Isaac_envo) by extension 'colcon_meta'
[0.108s] Level 1:colcon.colcon_core.package_identification:_identify(isaacpjt/Isaac_envo) by extensions ['ros']
[0.109s] Level 1:colcon.colcon_core.package_identification:_identify(isaacpjt/Isaac_envo) by extension 'ros'
[0.109s] Level 1:colcon.colcon_core.package_identification:_identify(isaacpjt/Isaac_envo) by extensions ['cmake', 'python']
[0.109s] Level 1:colcon.colcon_core.package_identification:_identify(isaacpjt/Isaac_envo) by extension 'cmake'
[0.109s] Level 1:colcon.colcon_core.package_identification:_identify(isaacpjt/Isaac_envo) by extension 'python'
[0.109s] Level 1:colcon.colcon_core.package_identification:_identify(isaacpjt/Isaac_envo) by extensions ['python_setup_py']
[0.109s] Level 1:colcon.colcon_core.package_identification:_identify(isaacpjt/Isaac_envo) by extension 'python_setup_py'
[0.109s] Level 1:colcon.colcon_core.package_identification:_identify(isaacpjt/Isaac_envo/__pycache__) by extensions ['ignore', 'ignore_ament_install']
[0.109s] Level 1:colcon.colcon_core.package_identification:_identify(isaacpjt/Isaac_envo/__pycache__) by extension 'ignore'
[0.109s] Level 1:colcon.colcon_core.package_identification:_identify(isaacpjt/Isaac_envo/__pycache__) by extension 'ignore_ament_install'
[0.109s] Level 1:colcon.colcon_core.package_identification:_identify(isaacpjt/Isaac_envo/__pycache__) by extensions ['colcon_pkg']
[0.109s] Level 1:colcon.colcon_core.package_identification:_identify(isaacpjt/Isaac_envo/__pycache__) by extension 'colcon_pkg'
[0.109s] Level 1:colcon.colcon_core.package_identification:_identify(isaacpjt/Isaac_envo/__pycache__) by extensions ['colcon_meta']
[0.109s] Level 1:colcon.colcon_core.package_identification:_identify(isaacpjt/Isaac_envo/__pycache__) by extension 'colcon_meta'
[0.109s] Level 1:colcon.colcon_core.package_identification:_identify(isaacpjt/Isaac_envo/__pycache__) by extensions ['ros']
[0.109s] Level 1:colcon.colcon_core.package_identification:_identify(isaacpjt/Isaac_envo/__pycache__) by extension 'ros'
[0.109s] Level 1:colcon.colcon_core.package_identification:_identify(isaacpjt/Isaac_envo/__pycache__) by extensions ['cmake', 'python']
[0.109s] Level 1:colcon.colcon_core.package_identification:_identify(isaacpjt/Isaac_envo/__pycache__) by extension 'cmake'
[0.109s] Level 1:colcon.colcon_core.package_identification:_identify(isaacpjt/Isaac_envo/__pycache__) by extension 'python'
[0.109s] Level 1:colcon.colcon_core.package_identification:_identify(isaacpjt/Isaac_envo/__pycache__) by extensions ['python_setup_py']
[0.109s] Level 1:colcon.colcon_core.package_identification:_identify(isaacpjt/Isaac_envo/__pycache__) by extension 'python_setup_py'
[0.109s] Level 1:colcon.colcon_core.package_identification:_identify(isaacpjt/Isaac_envo/fab_preview) by extensions ['ignore', 'ignore_ament_install']
[0.109s] Level 1:colcon.colcon_core.package_identification:_identify(isaacpjt/Isaac_envo/fab_preview) by extension 'ignore'
[0.109s] Level 1:colcon.colcon_core.package_identification:_identify(isaacpjt/Isaac_envo/fab_preview) by extension 'ignore_ament_install'
[0.109s] Level 1:colcon.colcon_core.package_identification:_identify(isaacpjt/Isaac_envo/fab_preview) by extensions ['colcon_pkg']
[0.109s] Level 1:colcon.colcon_core.package_identification:_identify(isaacpjt/Isaac_envo/fab_preview) by extension 'colcon_pkg'
[0.109s] Level 1:colcon.colcon_core.package_identification:_identify(isaacpjt/Isaac_envo/fab_preview) by extensions ['colcon_meta']
[0.109s] Level 1:colcon.colcon_core.package_identification:_identify(isaacpjt/Isaac_envo/fab_preview) by extension 'colcon_meta'
[0.109s] Level 1:colcon.colcon_core.package_identification:_identify(isaacpjt/Isaac_envo/fab_preview) by extensions ['ros']
[0.109s] Level 1:colcon.colcon_core.package_identification:_identify(isaacpjt/Isaac_envo/fab_preview) by extension 'ros'
[0.109s] Level 1:colcon.colcon_core.package_identification:_identify(isaacpjt/Isaac_envo/fab_preview) by extensions ['cmake', 'python']
[0.109s] Level 1:colcon.colcon_core.package_identification:_identify(isaacpjt/Isaac_envo/fab_preview) by extension 'cmake'
[0.109s] Level 1:colcon.colcon_core.package_identification:_identify(isaacpjt/Isaac_envo/fab_preview) by extension 'python'
[0.109s] Level 1:colcon.colcon_core.package_identification:_identify(isaacpjt/Isaac_envo/fab_preview) by extensions ['python_setup_py']
[0.109s] Level 1:colcon.colcon_core.package_identification:_identify(isaacpjt/Isaac_envo/fab_preview) by extension 'python_setup_py'
[0.109s] Level 1:colcon.colcon_core.package_identification:_identify(isaacpjt/Isaac_envo/parking) by extensions ['ignore', 'ignore_ament_install']
[0.109s] Level 1:colcon.colcon_core.package_identification:_identify(isaacpjt/Isaac_envo/parking) by extension 'ignore'
[0.109s] Level 1:colcon.colcon_core.package_identification:_identify(isaacpjt/Isaac_envo/parking) by extension 'ignore_ament_install'
[0.109s] Level 1:colcon.colcon_core.package_identification:_identify(isaacpjt/Isaac_envo/parking) by extensions ['colcon_pkg']
[0.109s] Level 1:colcon.colcon_core.package_identification:_identify(isaacpjt/Isaac_envo/parking) by extension 'colcon_pkg'
[0.109s] Level 1:colcon.colcon_core.package_identification:_identify(isaacpjt/Isaac_envo/parking) by extensions ['colcon_meta']
[0.109s] Level 1:colcon.colcon_core.package_identification:_identify(isaacpjt/Isaac_envo/parking) by extension 'colcon_meta'
[0.109s] Level 1:colcon.colcon_core.package_identification:_identify(isaacpjt/Isaac_envo/parking) by extensions ['ros']
[0.109s] Level 1:colcon.colcon_core.package_identification:_identify(isaacpjt/Isaac_envo/parking) by extension 'ros'
[0.109s] Level 1:colcon.colcon_core.package_identification:_identify(isaacpjt/Isaac_envo/parking) by extensions ['cmake', 'python']
[0.109s] Level 1:colcon.colcon_core.package_identification:_identify(isaacpjt/Isaac_envo/parking) by extension 'cmake'
[0.109s] Level 1:colcon.colcon_core.package_identification:_identify(isaacpjt/Isaac_envo/parking) by extension 'python'
[0.109s] Level 1:colcon.colcon_core.package_identification:_identify(isaacpjt/Isaac_envo/parking) by extensions ['python_setup_py']
[0.109s] Level 1:colcon.colcon_core.package_identification:_identify(isaacpjt/Isaac_envo/parking) by extension 'python_setup_py'
[0.109s] Level 1:colcon.colcon_core.package_identification:_identify(isaacpjt/Isaac_envo/parking/__pycache__) by extensions ['ignore', 'ignore_ament_install']
[0.109s] Level 1:colcon.colcon_core.package_identification:_identify(isaacpjt/Isaac_envo/parking/__pycache__) by extension 'ignore'
[0.109s] Level 1:colcon.colcon_core.package_identification:_identify(isaacpjt/Isaac_envo/parking/__pycache__) by extension 'ignore_ament_install'
[0.109s] Level 1:colcon.colcon_core.package_identification:_identify(isaacpjt/Isaac_envo/parking/__pycache__) by extensions ['colcon_pkg']
[0.109s] Level 1:colcon.colcon_core.package_identification:_identify(isaacpjt/Isaac_envo/parking/__pycache__) by extension 'colcon_pkg'
[0.109s] Level 1:colcon.colcon_core.package_identification:_identify(isaacpjt/Isaac_envo/parking/__pycache__) by extensions ['colcon_meta']
[0.109s] Level 1:colcon.colcon_core.package_identification:_identify(isaacpjt/Isaac_envo/parking/__pycache__) by extension 'colcon_meta'
[0.109s] Level 1:colcon.colcon_core.package_identification:_identify(isaacpjt/Isaac_envo/parking/__pycache__) by extensions ['ros']
[0.109s] Level 1:colcon.colcon_core.package_identification:_identify(isaacpjt/Isaac_envo/parking/__pycache__) by extension 'ros'
[0.109s] Level 1:colcon.colcon_core.package_identification:_identify(isaacpjt/Isaac_envo/parking/__pycache__) by extensions ['cmake', 'python']
[0.109s] Level 1:colcon.colcon_core.package_identification:_identify(isaacpjt/Isaac_envo/parking/__pycache__) by extension 'cmake'
[0.109s] Level 1:colcon.colcon_core.package_identification:_identify(isaacpjt/Isaac_envo/parking/__pycache__) by extension 'python'
[0.109s] Level 1:colcon.colcon_core.package_identification:_identify(isaacpjt/Isaac_envo/parking/__pycache__) by extensions ['python_setup_py']
[0.110s] Level 1:colcon.colcon_core.package_identification:_identify(isaacpjt/Isaac_envo/parking/__pycache__) by extension 'python_setup_py'
[0.110s] Level 1:colcon.colcon_core.package_identification:_identify(isaacpjt/Isaac_envo/parking/source) by extensions ['ignore', 'ignore_ament_install']
[0.110s] Level 1:colcon.colcon_core.package_identification:_identify(isaacpjt/Isaac_envo/parking/source) by extension 'ignore'
[0.110s] Level 1:colcon.colcon_core.package_identification:_identify(isaacpjt/Isaac_envo/parking/source) by extension 'ignore_ament_install'
[0.110s] Level 1:colcon.colcon_core.package_identification:_identify(isaacpjt/Isaac_envo/parking/source) by extensions ['colcon_pkg']
[0.110s] Level 1:colcon.colcon_core.package_identification:_identify(isaacpjt/Isaac_envo/parking/source) by extension 'colcon_pkg'
[0.110s] Level 1:colcon.colcon_core.package_identification:_identify(isaacpjt/Isaac_envo/parking/source) by extensions ['colcon_meta']
[0.110s] Level 1:colcon.colcon_core.package_identification:_identify(isaacpjt/Isaac_envo/parking/source) by extension 'colcon_meta'
[0.110s] Level 1:colcon.colcon_core.package_identification:_identify(isaacpjt/Isaac_envo/parking/source) by extensions ['ros']
[0.110s] Level 1:colcon.colcon_core.package_identification:_identify(isaacpjt/Isaac_envo/parking/source) by extension 'ros'
[0.110s] Level 1:colcon.colcon_core.package_identification:_identify(isaacpjt/Isaac_envo/parking/source) by extensions ['cmake', 'python']
[0.110s] Level 1:colcon.colcon_core.package_identification:_identify(isaacpjt/Isaac_envo/parking/source) by extension 'cmake'
[0.110s] Level 1:colcon.colcon_core.package_identification:_identify(isaacpjt/Isaac_envo/parking/source) by extension 'python'
[0.110s] Level 1:colcon.colcon_core.package_identification:_identify(isaacpjt/Isaac_envo/parking/source) by extensions ['python_setup_py']
[0.110s] Level 1:colcon.colcon_core.package_identification:_identify(isaacpjt/Isaac_envo/parking/source) by extension 'python_setup_py'
[0.110s] Level 1:colcon.colcon_core.package_identification:_identify(isaacpjt/Isaac_envo/probe_reports) by extensions ['ignore', 'ignore_ament_install']
[0.110s] Level 1:colcon.colcon_core.package_identification:_identify(isaacpjt/Isaac_envo/probe_reports) by extension 'ignore'
[0.110s] Level 1:colcon.colcon_core.package_identification:_identify(isaacpjt/Isaac_envo/probe_reports) by extension 'ignore_ament_install'
[0.110s] Level 1:colcon.colcon_core.package_identification:_identify(isaacpjt/Isaac_envo/probe_reports) by extensions ['colcon_pkg']
[0.110s] Level 1:colcon.colcon_core.package_identification:_identify(isaacpjt/Isaac_envo/probe_reports) by extension 'colcon_pkg'
[0.110s] Level 1:colcon.colcon_core.package_identification:_identify(isaacpjt/Isaac_envo/probe_reports) by extensions ['colcon_meta']
[0.110s] Level 1:colcon.colcon_core.package_identification:_identify(isaacpjt/Isaac_envo/probe_reports) by extension 'colcon_meta'
[0.110s] Level 1:colcon.colcon_core.package_identification:_identify(isaacpjt/Isaac_envo/probe_reports) by extensions ['ros']
[0.110s] Level 1:colcon.colcon_core.package_identification:_identify(isaacpjt/Isaac_envo/probe_reports) by extension 'ros'
[0.110s] Level 1:colcon.colcon_core.package_identification:_identify(isaacpjt/Isaac_envo/probe_reports) by extensions ['cmake', 'python']
[0.110s] Level 1:colcon.colcon_core.package_identification:_identify(isaacpjt/Isaac_envo/probe_reports) by extension 'cmake'
[0.110s] Level 1:colcon.colcon_core.package_identification:_identify(isaacpjt/Isaac_envo/probe_reports) by extension 'python'
[0.110s] Level 1:colcon.colcon_core.package_identification:_identify(isaacpjt/Isaac_envo/probe_reports) by extensions ['python_setup_py']
[0.110s] Level 1:colcon.colcon_core.package_identification:_identify(isaacpjt/Isaac_envo/probe_reports) by extension 'python_setup_py'
[0.110s] Level 1:colcon.colcon_core.package_identification:_identify(isaacpjt/Isaac_envo/source) by extensions ['ignore', 'ignore_ament_install']
[0.110s] Level 1:colcon.colcon_core.package_identification:_identify(isaacpjt/Isaac_envo/source) by extension 'ignore'
[0.110s] Level 1:colcon.colcon_core.package_identification:_identify(isaacpjt/Isaac_envo/source) by extension 'ignore_ament_install'
[0.110s] Level 1:colcon.colcon_core.package_identification:_identify(isaacpjt/Isaac_envo/source) by extensions ['colcon_pkg']
[0.110s] Level 1:colcon.colcon_core.package_identification:_identify(isaacpjt/Isaac_envo/source) by extension 'colcon_pkg'
[0.110s] Level 1:colcon.colcon_core.package_identification:_identify(isaacpjt/Isaac_envo/source) by extensions ['colcon_meta']
[0.110s] Level 1:colcon.colcon_core.package_identification:_identify(isaacpjt/Isaac_envo/source) by extension 'colcon_meta'
[0.110s] Level 1:colcon.colcon_core.package_identification:_identify(isaacpjt/Isaac_envo/source) by extensions ['ros']
[0.110s] Level 1:colcon.colcon_core.package_identification:_identify(isaacpjt/Isaac_envo/source) by extension 'ros'
[0.110s] Level 1:colcon.colcon_core.package_identification:_identify(isaacpjt/Isaac_envo/source) by extensions ['cmake', 'python']
[0.110s] Level 1:colcon.colcon_core.package_identification:_identify(isaacpjt/Isaac_envo/source) by extension 'cmake'
[0.110s] Level 1:colcon.colcon_core.package_identification:_identify(isaacpjt/Isaac_envo/source) by extension 'python'
[0.110s] Level 1:colcon.colcon_core.package_identification:_identify(isaacpjt/Isaac_envo/source) by extensions ['python_setup_py']
[0.110s] Level 1:colcon.colcon_core.package_identification:_identify(isaacpjt/Isaac_envo/source) by extension 'python_setup_py'
[0.110s] Level 1:colcon.colcon_core.package_identification:_identify(isaacpjt/Isaac_envo/tests) by extensions ['ignore', 'ignore_ament_install']
[0.110s] Level 1:colcon.colcon_core.package_identification:_identify(isaacpjt/Isaac_envo/tests) by extension 'ignore'
[0.110s] Level 1:colcon.colcon_core.package_identification:_identify(isaacpjt/Isaac_envo/tests) by extension 'ignore_ament_install'
[0.110s] Level 1:colcon.colcon_core.package_identification:_identify(isaacpjt/Isaac_envo/tests) by extensions ['colcon_pkg']
[0.110s] Level 1:colcon.colcon_core.package_identification:_identify(isaacpjt/Isaac_envo/tests) by extension 'colcon_pkg'
[0.110s] Level 1:colcon.colcon_core.package_identification:_identify(isaacpjt/Isaac_envo/tests) by extensions ['colcon_meta']
[0.110s] Level 1:colcon.colcon_core.package_identification:_identify(isaacpjt/Isaac_envo/tests) by extension 'colcon_meta'
[0.110s] Level 1:colcon.colcon_core.package_identification:_identify(isaacpjt/Isaac_envo/tests) by extensions ['ros']
[0.110s] Level 1:colcon.colcon_core.package_identification:_identify(isaacpjt/Isaac_envo/tests) by extension 'ros'
[0.110s] Level 1:colcon.colcon_core.package_identification:_identify(isaacpjt/Isaac_envo/tests) by extensions ['cmake', 'python']
[0.110s] Level 1:colcon.colcon_core.package_identification:_identify(isaacpjt/Isaac_envo/tests) by extension 'cmake'
[0.110s] Level 1:colcon.colcon_core.package_identification:_identify(isaacpjt/Isaac_envo/tests) by extension 'python'
[0.110s] Level 1:colcon.colcon_core.package_identification:_identify(isaacpjt/Isaac_envo/tests) by extensions ['python_setup_py']
[0.110s] Level 1:colcon.colcon_core.package_identification:_identify(isaacpjt/Isaac_envo/tests) by extension 'python_setup_py'
[0.110s] Level 1:colcon.colcon_core.package_identification:_identify(isaacpjt/Isaac_envo/tests/__pycache__) by extensions ['ignore', 'ignore_ament_install']
[0.110s] Level 1:colcon.colcon_core.package_identification:_identify(isaacpjt/Isaac_envo/tests/__pycache__) by extension 'ignore'
[0.110s] Level 1:colcon.colcon_core.package_identification:_identify(isaacpjt/Isaac_envo/tests/__pycache__) by extension 'ignore_ament_install'
[0.111s] Level 1:colcon.colcon_core.package_identification:_identify(isaacpjt/Isaac_envo/tests/__pycache__) by extensions ['colcon_pkg']
[0.111s] Level 1:colcon.colcon_core.package_identification:_identify(isaacpjt/Isaac_envo/tests/__pycache__) by extension 'colcon_pkg'
[0.111s] Level 1:colcon.colcon_core.package_identification:_identify(isaacpjt/Isaac_envo/tests/__pycache__) by extensions ['colcon_meta']
[0.111s] Level 1:colcon.colcon_core.package_identification:_identify(isaacpjt/Isaac_envo/tests/__pycache__) by extension 'colcon_meta'
[0.111s] Level 1:colcon.colcon_core.package_identification:_identify(isaacpjt/Isaac_envo/tests/__pycache__) by extensions ['ros']
[0.111s] Level 1:colcon.colcon_core.package_identification:_identify(isaacpjt/Isaac_envo/tests/__pycache__) by extension 'ros'
[0.111s] Level 1:colcon.colcon_core.package_identification:_identify(isaacpjt/Isaac_envo/tests/__pycache__) by extensions ['cmake', 'python']
[0.111s] Level 1:colcon.colcon_core.package_identification:_identify(isaacpjt/Isaac_envo/tests/__pycache__) by extension 'cmake'
[0.111s] Level 1:colcon.colcon_core.package_identification:_identify(isaacpjt/Isaac_envo/tests/__pycache__) by extension 'python'
[0.111s] Level 1:colcon.colcon_core.package_identification:_identify(isaacpjt/Isaac_envo/tests/__pycache__) by extensions ['python_setup_py']
[0.111s] Level 1:colcon.colcon_core.package_identification:_identify(isaacpjt/Isaac_envo/tests/__pycache__) by extension 'python_setup_py'
[0.111s] Level 1:colcon.colcon_core.package_identification:_identify(isaacpjt/Isaac_envo/textures) by extensions ['ignore', 'ignore_ament_install']
[0.111s] Level 1:colcon.colcon_core.package_identification:_identify(isaacpjt/Isaac_envo/textures) by extension 'ignore'
[0.111s] Level 1:colcon.colcon_core.package_identification:_identify(isaacpjt/Isaac_envo/textures) by extension 'ignore_ament_install'
[0.111s] Level 1:colcon.colcon_core.package_identification:_identify(isaacpjt/Isaac_envo/textures) by extensions ['colcon_pkg']
[0.111s] Level 1:colcon.colcon_core.package_identification:_identify(isaacpjt/Isaac_envo/textures) by extension 'colcon_pkg'
[0.111s] Level 1:colcon.colcon_core.package_identification:_identify(isaacpjt/Isaac_envo/textures) by extensions ['colcon_meta']
[0.111s] Level 1:colcon.colcon_core.package_identification:_identify(isaacpjt/Isaac_envo/textures) by extension 'colcon_meta'
[0.111s] Level 1:colcon.colcon_core.package_identification:_identify(isaacpjt/Isaac_envo/textures) by extensions ['ros']
[0.111s] Level 1:colcon.colcon_core.package_identification:_identify(isaacpjt/Isaac_envo/textures) by extension 'ros'
[0.111s] Level 1:colcon.colcon_core.package_identification:_identify(isaacpjt/Isaac_envo/textures) by extensions ['cmake', 'python']
[0.111s] Level 1:colcon.colcon_core.package_identification:_identify(isaacpjt/Isaac_envo/textures) by extension 'cmake'
[0.111s] Level 1:colcon.colcon_core.package_identification:_identify(isaacpjt/Isaac_envo/textures) by extension 'python'
[0.111s] Level 1:colcon.colcon_core.package_identification:_identify(isaacpjt/Isaac_envo/textures) by extensions ['python_setup_py']
[0.111s] Level 1:colcon.colcon_core.package_identification:_identify(isaacpjt/Isaac_envo/textures) by extension 'python_setup_py'
[0.111s] Level 1:colcon.colcon_core.package_identification:_identify(isaacpjt/Isaac_envo/textures/aruco) by extensions ['ignore', 'ignore_ament_install']
[0.111s] Level 1:colcon.colcon_core.package_identification:_identify(isaacpjt/Isaac_envo/textures/aruco) by extension 'ignore'
[0.111s] Level 1:colcon.colcon_core.package_identification:_identify(isaacpjt/Isaac_envo/textures/aruco) by extension 'ignore_ament_install'
[0.111s] Level 1:colcon.colcon_core.package_identification:_identify(isaacpjt/Isaac_envo/textures/aruco) by extensions ['colcon_pkg']
[0.111s] Level 1:colcon.colcon_core.package_identification:_identify(isaacpjt/Isaac_envo/textures/aruco) by extension 'colcon_pkg'
[0.111s] Level 1:colcon.colcon_core.package_identification:_identify(isaacpjt/Isaac_envo/textures/aruco) by extensions ['colcon_meta']
[0.111s] Level 1:colcon.colcon_core.package_identification:_identify(isaacpjt/Isaac_envo/textures/aruco) by extension 'colcon_meta'
[0.111s] Level 1:colcon.colcon_core.package_identification:_identify(isaacpjt/Isaac_envo/textures/aruco) by extensions ['ros']
[0.111s] Level 1:colcon.colcon_core.package_identification:_identify(isaacpjt/Isaac_envo/textures/aruco) by extension 'ros'
[0.111s] Level 1:colcon.colcon_core.package_identification:_identify(isaacpjt/Isaac_envo/textures/aruco) by extensions ['cmake', 'python']
[0.111s] Level 1:colcon.colcon_core.package_identification:_identify(isaacpjt/Isaac_envo/textures/aruco) by extension 'cmake'
[0.111s] Level 1:colcon.colcon_core.package_identification:_identify(isaacpjt/Isaac_envo/textures/aruco) by extension 'python'
[0.111s] Level 1:colcon.colcon_core.package_identification:_identify(isaacpjt/Isaac_envo/textures/aruco) by extensions ['python_setup_py']
[0.111s] Level 1:colcon.colcon_core.package_identification:_identify(isaacpjt/Isaac_envo/textures/aruco) by extension 'python_setup_py'
[0.111s] Level 1:colcon.colcon_core.package_identification:_identify(isaacpjt/basic) by extensions ['ignore', 'ignore_ament_install']
[0.111s] Level 1:colcon.colcon_core.package_identification:_identify(isaacpjt/basic) by extension 'ignore'
[0.111s] Level 1:colcon.colcon_core.package_identification:_identify(isaacpjt/basic) by extension 'ignore_ament_install'
[0.111s] Level 1:colcon.colcon_core.package_identification:_identify(isaacpjt/basic) by extensions ['colcon_pkg']
[0.111s] Level 1:colcon.colcon_core.package_identification:_identify(isaacpjt/basic) by extension 'colcon_pkg'
[0.111s] Level 1:colcon.colcon_core.package_identification:_identify(isaacpjt/basic) by extensions ['colcon_meta']
[0.111s] Level 1:colcon.colcon_core.package_identification:_identify(isaacpjt/basic) by extension 'colcon_meta'
[0.111s] Level 1:colcon.colcon_core.package_identification:_identify(isaacpjt/basic) by extensions ['ros']
[0.111s] Level 1:colcon.colcon_core.package_identification:_identify(isaacpjt/basic) by extension 'ros'
[0.111s] Level 1:colcon.colcon_core.package_identification:_identify(isaacpjt/basic) by extensions ['cmake', 'python']
[0.111s] Level 1:colcon.colcon_core.package_identification:_identify(isaacpjt/basic) by extension 'cmake'
[0.111s] Level 1:colcon.colcon_core.package_identification:_identify(isaacpjt/basic) by extension 'python'
[0.111s] Level 1:colcon.colcon_core.package_identification:_identify(isaacpjt/basic) by extensions ['python_setup_py']
[0.111s] Level 1:colcon.colcon_core.package_identification:_identify(isaacpjt/basic) by extension 'python_setup_py'
[0.111s] Level 1:colcon.colcon_core.package_identification:_identify(isaacpjt/basic/__pycache__) by extensions ['ignore', 'ignore_ament_install']
[0.111s] Level 1:colcon.colcon_core.package_identification:_identify(isaacpjt/basic/__pycache__) by extension 'ignore'
[0.111s] Level 1:colcon.colcon_core.package_identification:_identify(isaacpjt/basic/__pycache__) by extension 'ignore_ament_install'
[0.111s] Level 1:colcon.colcon_core.package_identification:_identify(isaacpjt/basic/__pycache__) by extensions ['colcon_pkg']
[0.111s] Level 1:colcon.colcon_core.package_identification:_identify(isaacpjt/basic/__pycache__) by extension 'colcon_pkg'
[0.111s] Level 1:colcon.colcon_core.package_identification:_identify(isaacpjt/basic/__pycache__) by extensions ['colcon_meta']
[0.111s] Level 1:colcon.colcon_core.package_identification:_identify(isaacpjt/basic/__pycache__) by extension 'colcon_meta'
[0.112s] Level 1:colcon.colcon_core.package_identification:_identify(isaacpjt/basic/__pycache__) by extensions ['ros']
[0.112s] Level 1:colcon.colcon_core.package_identification:_identify(isaacpjt/basic/__pycache__) by extension 'ros'
[0.112s] Level 1:colcon.colcon_core.package_identification:_identify(isaacpjt/basic/__pycache__) by extensions ['cmake', 'python']
[0.112s] Level 1:colcon.colcon_core.package_identification:_identify(isaacpjt/basic/__pycache__) by extension 'cmake'
[0.112s] Level 1:colcon.colcon_core.package_identification:_identify(isaacpjt/basic/__pycache__) by extension 'python'
[0.112s] Level 1:colcon.colcon_core.package_identification:_identify(isaacpjt/basic/__pycache__) by extensions ['python_setup_py']
[0.112s] Level 1:colcon.colcon_core.package_identification:_identify(isaacpjt/basic/__pycache__) by extension 'python_setup_py'
[0.112s] Level 1:colcon.colcon_core.package_identification:_identify(isaacpjt/hwia_parking_robot_final_caster_package) by extensions ['ignore', 'ignore_ament_install']
[0.112s] Level 1:colcon.colcon_core.package_identification:_identify(isaacpjt/hwia_parking_robot_final_caster_package) by extension 'ignore'
[0.112s] Level 1:colcon.colcon_core.package_identification:_identify(isaacpjt/hwia_parking_robot_final_caster_package) by extension 'ignore_ament_install'
[0.112s] Level 1:colcon.colcon_core.package_identification:_identify(isaacpjt/hwia_parking_robot_final_caster_package) by extensions ['colcon_pkg']
[0.112s] Level 1:colcon.colcon_core.package_identification:_identify(isaacpjt/hwia_parking_robot_final_caster_package) by extension 'colcon_pkg'
[0.112s] Level 1:colcon.colcon_core.package_identification:_identify(isaacpjt/hwia_parking_robot_final_caster_package) by extensions ['colcon_meta']
[0.112s] Level 1:colcon.colcon_core.package_identification:_identify(isaacpjt/hwia_parking_robot_final_caster_package) by extension 'colcon_meta'
[0.112s] Level 1:colcon.colcon_core.package_identification:_identify(isaacpjt/hwia_parking_robot_final_caster_package) by extensions ['ros']
[0.112s] Level 1:colcon.colcon_core.package_identification:_identify(isaacpjt/hwia_parking_robot_final_caster_package) by extension 'ros'
[0.112s] Level 1:colcon.colcon_core.package_identification:_identify(isaacpjt/hwia_parking_robot_final_caster_package) by extensions ['cmake', 'python']
[0.112s] Level 1:colcon.colcon_core.package_identification:_identify(isaacpjt/hwia_parking_robot_final_caster_package) by extension 'cmake'
[0.112s] Level 1:colcon.colcon_core.package_identification:_identify(isaacpjt/hwia_parking_robot_final_caster_package) by extension 'python'
[0.112s] Level 1:colcon.colcon_core.package_identification:_identify(isaacpjt/hwia_parking_robot_final_caster_package) by extensions ['python_setup_py']
[0.112s] Level 1:colcon.colcon_core.package_identification:_identify(isaacpjt/hwia_parking_robot_final_caster_package) by extension 'python_setup_py'
[0.112s] Level 1:colcon.colcon_core.package_identification:_identify(isaacpjt/hwia_parking_robot_final_caster_package/__pycache__) by extensions ['ignore', 'ignore_ament_install']
[0.112s] Level 1:colcon.colcon_core.package_identification:_identify(isaacpjt/hwia_parking_robot_final_caster_package/__pycache__) by extension 'ignore'
[0.112s] Level 1:colcon.colcon_core.package_identification:_identify(isaacpjt/hwia_parking_robot_final_caster_package/__pycache__) by extension 'ignore_ament_install'
[0.112s] Level 1:colcon.colcon_core.package_identification:_identify(isaacpjt/hwia_parking_robot_final_caster_package/__pycache__) by extensions ['colcon_pkg']
[0.112s] Level 1:colcon.colcon_core.package_identification:_identify(isaacpjt/hwia_parking_robot_final_caster_package/__pycache__) by extension 'colcon_pkg'
[0.112s] Level 1:colcon.colcon_core.package_identification:_identify(isaacpjt/hwia_parking_robot_final_caster_package/__pycache__) by extensions ['colcon_meta']
[0.112s] Level 1:colcon.colcon_core.package_identification:_identify(isaacpjt/hwia_parking_robot_final_caster_package/__pycache__) by extension 'colcon_meta'
[0.112s] Level 1:colcon.colcon_core.package_identification:_identify(isaacpjt/hwia_parking_robot_final_caster_package/__pycache__) by extensions ['ros']
[0.112s] Level 1:colcon.colcon_core.package_identification:_identify(isaacpjt/hwia_parking_robot_final_caster_package/__pycache__) by extension 'ros'
[0.112s] Level 1:colcon.colcon_core.package_identification:_identify(isaacpjt/hwia_parking_robot_final_caster_package/__pycache__) by extensions ['cmake', 'python']
[0.112s] Level 1:colcon.colcon_core.package_identification:_identify(isaacpjt/hwia_parking_robot_final_caster_package/__pycache__) by extension 'cmake'
[0.112s] Level 1:colcon.colcon_core.package_identification:_identify(isaacpjt/hwia_parking_robot_final_caster_package/__pycache__) by extension 'python'
[0.112s] Level 1:colcon.colcon_core.package_identification:_identify(isaacpjt/hwia_parking_robot_final_caster_package/__pycache__) by extensions ['python_setup_py']
[0.112s] Level 1:colcon.colcon_core.package_identification:_identify(isaacpjt/hwia_parking_robot_final_caster_package/__pycache__) by extension 'python_setup_py'
[0.112s] Level 1:colcon.colcon_core.package_identification:_identify(isaacpjt/hwia_parking_robot_final_caster_package/configuration) by extensions ['ignore', 'ignore_ament_install']
[0.112s] Level 1:colcon.colcon_core.package_identification:_identify(isaacpjt/hwia_parking_robot_final_caster_package/configuration) by extension 'ignore'
[0.112s] Level 1:colcon.colcon_core.package_identification:_identify(isaacpjt/hwia_parking_robot_final_caster_package/configuration) by extension 'ignore_ament_install'
[0.112s] Level 1:colcon.colcon_core.package_identification:_identify(isaacpjt/hwia_parking_robot_final_caster_package/configuration) by extensions ['colcon_pkg']
[0.112s] Level 1:colcon.colcon_core.package_identification:_identify(isaacpjt/hwia_parking_robot_final_caster_package/configuration) by extension 'colcon_pkg'
[0.112s] Level 1:colcon.colcon_core.package_identification:_identify(isaacpjt/hwia_parking_robot_final_caster_package/configuration) by extensions ['colcon_meta']
[0.112s] Level 1:colcon.colcon_core.package_identification:_identify(isaacpjt/hwia_parking_robot_final_caster_package/configuration) by extension 'colcon_meta'
[0.112s] Level 1:colcon.colcon_core.package_identification:_identify(isaacpjt/hwia_parking_robot_final_caster_package/configuration) by extensions ['ros']
[0.112s] Level 1:colcon.colcon_core.package_identification:_identify(isaacpjt/hwia_parking_robot_final_caster_package/configuration) by extension 'ros'
[0.112s] Level 1:colcon.colcon_core.package_identification:_identify(isaacpjt/hwia_parking_robot_final_caster_package/configuration) by extensions ['cmake', 'python']
[0.112s] Level 1:colcon.colcon_core.package_identification:_identify(isaacpjt/hwia_parking_robot_final_caster_package/configuration) by extension 'cmake'
[0.112s] Level 1:colcon.colcon_core.package_identification:_identify(isaacpjt/hwia_parking_robot_final_caster_package/configuration) by extension 'python'
[0.112s] Level 1:colcon.colcon_core.package_identification:_identify(isaacpjt/hwia_parking_robot_final_caster_package/configuration) by extensions ['python_setup_py']
[0.112s] Level 1:colcon.colcon_core.package_identification:_identify(isaacpjt/hwia_parking_robot_final_caster_package/configuration) by extension 'python_setup_py'
[0.112s] Level 1:colcon.colcon_core.package_identification:_identify(log) by extensions ['ignore', 'ignore_ament_install']
[0.112s] Level 1:colcon.colcon_core.package_identification:_identify(log) by extension 'ignore'
[0.112s] Level 1:colcon.colcon_core.package_identification:_identify(log) ignored
[0.112s] Level 1:colcon.colcon_core.package_identification:_identify(parking_control_mvp) by extensions ['ignore', 'ignore_ament_install']
[0.112s] Level 1:colcon.colcon_core.package_identification:_identify(parking_control_mvp) by extension 'ignore'
[0.112s] Level 1:colcon.colcon_core.package_identification:_identify(parking_control_mvp) by extension 'ignore_ament_install'
[0.112s] Level 1:colcon.colcon_core.package_identification:_identify(parking_control_mvp) by extensions ['colcon_pkg']
[0.112s] Level 1:colcon.colcon_core.package_identification:_identify(parking_control_mvp) by extension 'colcon_pkg'
[0.112s] Level 1:colcon.colcon_core.package_identification:_identify(parking_control_mvp) by extensions ['colcon_meta']
[0.112s] Level 1:colcon.colcon_core.package_identification:_identify(parking_control_mvp) by extension 'colcon_meta'
[0.113s] Level 1:colcon.colcon_core.package_identification:_identify(parking_control_mvp) by extensions ['ros']
[0.113s] Level 1:colcon.colcon_core.package_identification:_identify(parking_control_mvp) by extension 'ros'
[0.113s] Level 1:colcon.colcon_core.package_identification:_identify(parking_control_mvp) by extensions ['cmake', 'python']
[0.113s] Level 1:colcon.colcon_core.package_identification:_identify(parking_control_mvp) by extension 'cmake'
[0.113s] Level 1:colcon.colcon_core.package_identification:_identify(parking_control_mvp) by extension 'python'
[0.113s] Level 1:colcon.colcon_core.package_identification:_identify(parking_control_mvp) by extensions ['python_setup_py']
[0.113s] Level 1:colcon.colcon_core.package_identification:_identify(parking_control_mvp) by extension 'python_setup_py'
[0.113s] Level 1:colcon.colcon_core.package_identification:_identify(parking_control_mvp/__pycache__) by extensions ['ignore', 'ignore_ament_install']
[0.113s] Level 1:colcon.colcon_core.package_identification:_identify(parking_control_mvp/__pycache__) by extension 'ignore'
[0.113s] Level 1:colcon.colcon_core.package_identification:_identify(parking_control_mvp/__pycache__) by extension 'ignore_ament_install'
[0.113s] Level 1:colcon.colcon_core.package_identification:_identify(parking_control_mvp/__pycache__) by extensions ['colcon_pkg']
[0.113s] Level 1:colcon.colcon_core.package_identification:_identify(parking_control_mvp/__pycache__) by extension 'colcon_pkg'
[0.113s] Level 1:colcon.colcon_core.package_identification:_identify(parking_control_mvp/__pycache__) by extensions ['colcon_meta']
[0.113s] Level 1:colcon.colcon_core.package_identification:_identify(parking_control_mvp/__pycache__) by extension 'colcon_meta'
[0.113s] Level 1:colcon.colcon_core.package_identification:_identify(parking_control_mvp/__pycache__) by extensions ['ros']
[0.113s] Level 1:colcon.colcon_core.package_identification:_identify(parking_control_mvp/__pycache__) by extension 'ros'
[0.113s] Level 1:colcon.colcon_core.package_identification:_identify(parking_control_mvp/__pycache__) by extensions ['cmake', 'python']
[0.113s] Level 1:colcon.colcon_core.package_identification:_identify(parking_control_mvp/__pycache__) by extension 'cmake'
[0.113s] Level 1:colcon.colcon_core.package_identification:_identify(parking_control_mvp/__pycache__) by extension 'python'
[0.113s] Level 1:colcon.colcon_core.package_identification:_identify(parking_control_mvp/__pycache__) by extensions ['python_setup_py']
[0.113s] Level 1:colcon.colcon_core.package_identification:_identify(parking_control_mvp/__pycache__) by extension 'python_setup_py'
[0.113s] Level 1:colcon.colcon_core.package_identification:_identify(parking_control_mvp/core) by extensions ['ignore', 'ignore_ament_install']
[0.113s] Level 1:colcon.colcon_core.package_identification:_identify(parking_control_mvp/core) by extension 'ignore'
[0.113s] Level 1:colcon.colcon_core.package_identification:_identify(parking_control_mvp/core) by extension 'ignore_ament_install'
[0.113s] Level 1:colcon.colcon_core.package_identification:_identify(parking_control_mvp/core) by extensions ['colcon_pkg']
[0.113s] Level 1:colcon.colcon_core.package_identification:_identify(parking_control_mvp/core) by extension 'colcon_pkg'
[0.113s] Level 1:colcon.colcon_core.package_identification:_identify(parking_control_mvp/core) by extensions ['colcon_meta']
[0.113s] Level 1:colcon.colcon_core.package_identification:_identify(parking_control_mvp/core) by extension 'colcon_meta'
[0.113s] Level 1:colcon.colcon_core.package_identification:_identify(parking_control_mvp/core) by extensions ['ros']
[0.113s] Level 1:colcon.colcon_core.package_identification:_identify(parking_control_mvp/core) by extension 'ros'
[0.113s] Level 1:colcon.colcon_core.package_identification:_identify(parking_control_mvp/core) by extensions ['cmake', 'python']
[0.113s] Level 1:colcon.colcon_core.package_identification:_identify(parking_control_mvp/core) by extension 'cmake'
[0.113s] Level 1:colcon.colcon_core.package_identification:_identify(parking_control_mvp/core) by extension 'python'
[0.113s] Level 1:colcon.colcon_core.package_identification:_identify(parking_control_mvp/core) by extensions ['python_setup_py']
[0.113s] Level 1:colcon.colcon_core.package_identification:_identify(parking_control_mvp/core) by extension 'python_setup_py'
[0.113s] Level 1:colcon.colcon_core.package_identification:_identify(parking_control_mvp/core/__pycache__) by extensions ['ignore', 'ignore_ament_install']
[0.113s] Level 1:colcon.colcon_core.package_identification:_identify(parking_control_mvp/core/__pycache__) by extension 'ignore'
[0.113s] Level 1:colcon.colcon_core.package_identification:_identify(parking_control_mvp/core/__pycache__) by extension 'ignore_ament_install'
[0.113s] Level 1:colcon.colcon_core.package_identification:_identify(parking_control_mvp/core/__pycache__) by extensions ['colcon_pkg']
[0.113s] Level 1:colcon.colcon_core.package_identification:_identify(parking_control_mvp/core/__pycache__) by extension 'colcon_pkg'
[0.113s] Level 1:colcon.colcon_core.package_identification:_identify(parking_control_mvp/core/__pycache__) by extensions ['colcon_meta']
[0.113s] Level 1:colcon.colcon_core.package_identification:_identify(parking_control_mvp/core/__pycache__) by extension 'colcon_meta'
[0.113s] Level 1:colcon.colcon_core.package_identification:_identify(parking_control_mvp/core/__pycache__) by extensions ['ros']
[0.113s] Level 1:colcon.colcon_core.package_identification:_identify(parking_control_mvp/core/__pycache__) by extension 'ros'
[0.114s] Level 1:colcon.colcon_core.package_identification:_identify(parking_control_mvp/core/__pycache__) by extensions ['cmake', 'python']
[0.114s] Level 1:colcon.colcon_core.package_identification:_identify(parking_control_mvp/core/__pycache__) by extension 'cmake'
[0.114s] Level 1:colcon.colcon_core.package_identification:_identify(parking_control_mvp/core/__pycache__) by extension 'python'
[0.114s] Level 1:colcon.colcon_core.package_identification:_identify(parking_control_mvp/core/__pycache__) by extensions ['python_setup_py']
[0.114s] Level 1:colcon.colcon_core.package_identification:_identify(parking_control_mvp/core/__pycache__) by extension 'python_setup_py'
[0.114s] Level 1:colcon.colcon_core.package_identification:_identify(parking_control_mvp/sources) by extensions ['ignore', 'ignore_ament_install']
[0.114s] Level 1:colcon.colcon_core.package_identification:_identify(parking_control_mvp/sources) by extension 'ignore'
[0.114s] Level 1:colcon.colcon_core.package_identification:_identify(parking_control_mvp/sources) by extension 'ignore_ament_install'
[0.114s] Level 1:colcon.colcon_core.package_identification:_identify(parking_control_mvp/sources) by extensions ['colcon_pkg']
[0.114s] Level 1:colcon.colcon_core.package_identification:_identify(parking_control_mvp/sources) by extension 'colcon_pkg'
[0.114s] Level 1:colcon.colcon_core.package_identification:_identify(parking_control_mvp/sources) by extensions ['colcon_meta']
[0.114s] Level 1:colcon.colcon_core.package_identification:_identify(parking_control_mvp/sources) by extension 'colcon_meta'
[0.114s] Level 1:colcon.colcon_core.package_identification:_identify(parking_control_mvp/sources) by extensions ['ros']
[0.114s] Level 1:colcon.colcon_core.package_identification:_identify(parking_control_mvp/sources) by extension 'ros'
[0.114s] Level 1:colcon.colcon_core.package_identification:_identify(parking_control_mvp/sources) by extensions ['cmake', 'python']
[0.114s] Level 1:colcon.colcon_core.package_identification:_identify(parking_control_mvp/sources) by extension 'cmake'
[0.114s] Level 1:colcon.colcon_core.package_identification:_identify(parking_control_mvp/sources) by extension 'python'
[0.114s] Level 1:colcon.colcon_core.package_identification:_identify(parking_control_mvp/sources) by extensions ['python_setup_py']
[0.114s] Level 1:colcon.colcon_core.package_identification:_identify(parking_control_mvp/sources) by extension 'python_setup_py'
[0.114s] Level 1:colcon.colcon_core.package_identification:_identify(parking_control_mvp/sources/__pycache__) by extensions ['ignore', 'ignore_ament_install']
[0.114s] Level 1:colcon.colcon_core.package_identification:_identify(parking_control_mvp/sources/__pycache__) by extension 'ignore'
[0.114s] Level 1:colcon.colcon_core.package_identification:_identify(parking_control_mvp/sources/__pycache__) by extension 'ignore_ament_install'
[0.114s] Level 1:colcon.colcon_core.package_identification:_identify(parking_control_mvp/sources/__pycache__) by extensions ['colcon_pkg']
[0.114s] Level 1:colcon.colcon_core.package_identification:_identify(parking_control_mvp/sources/__pycache__) by extension 'colcon_pkg'
[0.114s] Level 1:colcon.colcon_core.package_identification:_identify(parking_control_mvp/sources/__pycache__) by extensions ['colcon_meta']
[0.114s] Level 1:colcon.colcon_core.package_identification:_identify(parking_control_mvp/sources/__pycache__) by extension 'colcon_meta'
[0.114s] Level 1:colcon.colcon_core.package_identification:_identify(parking_control_mvp/sources/__pycache__) by extensions ['ros']
[0.114s] Level 1:colcon.colcon_core.package_identification:_identify(parking_control_mvp/sources/__pycache__) by extension 'ros'
[0.114s] Level 1:colcon.colcon_core.package_identification:_identify(parking_control_mvp/sources/__pycache__) by extensions ['cmake', 'python']
[0.114s] Level 1:colcon.colcon_core.package_identification:_identify(parking_control_mvp/sources/__pycache__) by extension 'cmake'
[0.114s] Level 1:colcon.colcon_core.package_identification:_identify(parking_control_mvp/sources/__pycache__) by extension 'python'
[0.114s] Level 1:colcon.colcon_core.package_identification:_identify(parking_control_mvp/sources/__pycache__) by extensions ['python_setup_py']
[0.114s] Level 1:colcon.colcon_core.package_identification:_identify(parking_control_mvp/sources/__pycache__) by extension 'python_setup_py'
[0.114s] Level 1:colcon.colcon_core.package_identification:_identify(parking_control_mvp/static) by extensions ['ignore', 'ignore_ament_install']
[0.114s] Level 1:colcon.colcon_core.package_identification:_identify(parking_control_mvp/static) by extension 'ignore'
[0.114s] Level 1:colcon.colcon_core.package_identification:_identify(parking_control_mvp/static) by extension 'ignore_ament_install'
[0.114s] Level 1:colcon.colcon_core.package_identification:_identify(parking_control_mvp/static) by extensions ['colcon_pkg']
[0.114s] Level 1:colcon.colcon_core.package_identification:_identify(parking_control_mvp/static) by extension 'colcon_pkg'
[0.114s] Level 1:colcon.colcon_core.package_identification:_identify(parking_control_mvp/static) by extensions ['colcon_meta']
[0.114s] Level 1:colcon.colcon_core.package_identification:_identify(parking_control_mvp/static) by extension 'colcon_meta'
[0.114s] Level 1:colcon.colcon_core.package_identification:_identify(parking_control_mvp/static) by extensions ['ros']
[0.114s] Level 1:colcon.colcon_core.package_identification:_identify(parking_control_mvp/static) by extension 'ros'
[0.114s] Level 1:colcon.colcon_core.package_identification:_identify(parking_control_mvp/static) by extensions ['cmake', 'python']
[0.114s] Level 1:colcon.colcon_core.package_identification:_identify(parking_control_mvp/static) by extension 'cmake'
[0.114s] Level 1:colcon.colcon_core.package_identification:_identify(parking_control_mvp/static) by extension 'python'
[0.114s] Level 1:colcon.colcon_core.package_identification:_identify(parking_control_mvp/static) by extensions ['python_setup_py']
[0.114s] Level 1:colcon.colcon_core.package_identification:_identify(parking_control_mvp/static) by extension 'python_setup_py'
[0.114s] Level 1:colcon.colcon_core.package_identification:_identify(src) by extensions ['ignore', 'ignore_ament_install']
[0.114s] Level 1:colcon.colcon_core.package_identification:_identify(src) by extension 'ignore'
[0.114s] Level 1:colcon.colcon_core.package_identification:_identify(src) by extension 'ignore_ament_install'
[0.114s] Level 1:colcon.colcon_core.package_identification:_identify(src) by extensions ['colcon_pkg']
[0.114s] Level 1:colcon.colcon_core.package_identification:_identify(src) by extension 'colcon_pkg'
[0.114s] Level 1:colcon.colcon_core.package_identification:_identify(src) by extensions ['colcon_meta']
[0.114s] Level 1:colcon.colcon_core.package_identification:_identify(src) by extension 'colcon_meta'
[0.114s] Level 1:colcon.colcon_core.package_identification:_identify(src) by extensions ['ros']
[0.114s] Level 1:colcon.colcon_core.package_identification:_identify(src) by extension 'ros'
[0.114s] Level 1:colcon.colcon_core.package_identification:_identify(src) by extensions ['cmake', 'python']
[0.114s] Level 1:colcon.colcon_core.package_identification:_identify(src) by extension 'cmake'
[0.114s] Level 1:colcon.colcon_core.package_identification:_identify(src) by extension 'python'
[0.114s] Level 1:colcon.colcon_core.package_identification:_identify(src) by extensions ['python_setup_py']
[0.114s] Level 1:colcon.colcon_core.package_identification:_identify(src) by extension 'python_setup_py'
[0.114s] Level 1:colcon.colcon_core.package_identification:_identify(src/parkbot_aruco) by extensions ['ignore', 'ignore_ament_install']
[0.115s] Level 1:colcon.colcon_core.package_identification:_identify(src/parkbot_aruco) by extension 'ignore'
[0.115s] Level 1:colcon.colcon_core.package_identification:_identify(src/parkbot_aruco) by extension 'ignore_ament_install'
[0.115s] Level 1:colcon.colcon_core.package_identification:_identify(src/parkbot_aruco) by extensions ['colcon_pkg']
[0.115s] Level 1:colcon.colcon_core.package_identification:_identify(src/parkbot_aruco) by extension 'colcon_pkg'
[0.115s] Level 1:colcon.colcon_core.package_identification:_identify(src/parkbot_aruco) by extensions ['colcon_meta']
[0.115s] Level 1:colcon.colcon_core.package_identification:_identify(src/parkbot_aruco) by extension 'colcon_meta'
[0.115s] Level 1:colcon.colcon_core.package_identification:_identify(src/parkbot_aruco) by extensions ['ros']
[0.115s] Level 1:colcon.colcon_core.package_identification:_identify(src/parkbot_aruco) by extension 'ros'
[0.116s] DEBUG:colcon.colcon_core.package_identification:Package 'src/parkbot_aruco' with type 'ros.ament_python' and name 'parkbot_aruco'
[0.116s] Level 1:colcon.colcon_core.package_identification:_identify(src/parkbot_motion) by extensions ['ignore', 'ignore_ament_install']
[0.116s] Level 1:colcon.colcon_core.package_identification:_identify(src/parkbot_motion) by extension 'ignore'
[0.116s] Level 1:colcon.colcon_core.package_identification:_identify(src/parkbot_motion) by extension 'ignore_ament_install'
[0.116s] Level 1:colcon.colcon_core.package_identification:_identify(src/parkbot_motion) by extensions ['colcon_pkg']
[0.116s] Level 1:colcon.colcon_core.package_identification:_identify(src/parkbot_motion) by extension 'colcon_pkg'
[0.116s] Level 1:colcon.colcon_core.package_identification:_identify(src/parkbot_motion) by extensions ['colcon_meta']
[0.116s] Level 1:colcon.colcon_core.package_identification:_identify(src/parkbot_motion) by extension 'colcon_meta'
[0.116s] Level 1:colcon.colcon_core.package_identification:_identify(src/parkbot_motion) by extensions ['ros']
[0.116s] Level 1:colcon.colcon_core.package_identification:_identify(src/parkbot_motion) by extension 'ros'
[0.116s] DEBUG:colcon.colcon_core.package_identification:Package 'src/parkbot_motion' with type 'ros.ament_python' and name 'parkbot_motion'
[0.116s] Level 1:colcon.colcon_core.package_identification:_identify(src/parking_robot_interfaces) by extensions ['ignore', 'ignore_ament_install']
[0.117s] Level 1:colcon.colcon_core.package_identification:_identify(src/parking_robot_interfaces) by extension 'ignore'
[0.117s] Level 1:colcon.colcon_core.package_identification:_identify(src/parking_robot_interfaces) by extension 'ignore_ament_install'
[0.117s] Level 1:colcon.colcon_core.package_identification:_identify(src/parking_robot_interfaces) by extensions ['colcon_pkg']
[0.117s] Level 1:colcon.colcon_core.package_identification:_identify(src/parking_robot_interfaces) by extension 'colcon_pkg'
[0.117s] Level 1:colcon.colcon_core.package_identification:_identify(src/parking_robot_interfaces) by extensions ['colcon_meta']
[0.117s] Level 1:colcon.colcon_core.package_identification:_identify(src/parking_robot_interfaces) by extension 'colcon_meta'
[0.117s] Level 1:colcon.colcon_core.package_identification:_identify(src/parking_robot_interfaces) by extensions ['ros']
[0.117s] Level 1:colcon.colcon_core.package_identification:_identify(src/parking_robot_interfaces) by extension 'ros'
[0.117s] DEBUG:colcon.colcon_core.package_identification:Package 'src/parking_robot_interfaces' with type 'ros.ament_cmake' and name 'parking_robot_interfaces'
[0.117s] Level 1:colcon.colcon_core.package_discovery:discover_packages(recursive) using defaults
[0.117s] Level 1:colcon.colcon_core.package_discovery:discover_packages(ignore) discover
[0.117s] Level 1:colcon.colcon_core.package_discovery:discover_packages(ignore) using defaults
[0.117s] Level 1:colcon.colcon_core.package_discovery:discover_packages(path) discover
[0.117s] Level 1:colcon.colcon_core.package_discovery:discover_packages(path) using defaults
[0.131s] INFO:colcon.colcon_core.package_selection:Skipping not selected package 'parkbot_aruco' in 'src/parkbot_aruco'
[0.131s] INFO:colcon.colcon_core.package_selection:Skipping not selected package 'parking_robot_interfaces' in 'src/parking_robot_interfaces'
[0.131s] Level 1:colcon.colcon_core.package_discovery:discover_packages(prefix_path) check parameters
[0.131s] Level 1:colcon.colcon_core.package_discovery:discover_packages(prefix_path) discover
[0.132s] DEBUG:colcon.colcon_installed_package_information.package_discovery:Found 274 installed packages in /opt/ros/humble
[0.133s] Level 1:colcon.colcon_core.package_discovery:discover_packages(prefix_path) using defaults
[0.147s] Level 5:colcon.colcon_core.verb:set package 'parkbot_motion' build argument 'cmake_args' from command line to 'None'
[0.147s] Level 5:colcon.colcon_core.verb:set package 'parkbot_motion' build argument 'cmake_target' from command line to 'None'
[0.147s] Level 5:colcon.colcon_core.verb:set package 'parkbot_motion' build argument 'cmake_target_skip_unavailable' from command line to 'False'
[0.147s] Level 5:colcon.colcon_core.verb:set package 'parkbot_motion' build argument 'cmake_clean_cache' from command line to 'False'
[0.147s] Level 5:colcon.colcon_core.verb:set package 'parkbot_motion' build argument 'cmake_clean_first' from command line to 'False'
[0.147s] Level 5:colcon.colcon_core.verb:set package 'parkbot_motion' build argument 'cmake_force_configure' from command line to 'False'
[0.147s] Level 5:colcon.colcon_core.verb:set package 'parkbot_motion' build argument 'ament_cmake_args' from command line to 'None'
[0.147s] Level 5:colcon.colcon_core.verb:set package 'parkbot_motion' build argument 'catkin_cmake_args' from command line to 'None'
[0.147s] Level 5:colcon.colcon_core.verb:set package 'parkbot_motion' build argument 'catkin_skip_building_tests' from command line to 'False'
[0.147s] DEBUG:colcon.colcon_core.verb:Building package 'parkbot_motion' with the following arguments: {'ament_cmake_args': None, 'build_base': '/home/rokey/p3/cobot_ws/build/parkbot_motion', 'catkin_cmake_args': None, 'catkin_skip_building_tests': False, 'cmake_args': None, 'cmake_clean_cache': False, 'cmake_clean_first': False, 'cmake_force_configure': False, 'cmake_target': None, 'cmake_target_skip_unavailable': False, 'install_base': '/home/rokey/p3/cobot_ws/install/parkbot_motion', 'merge_install': False, 'path': '/home/rokey/p3/cobot_ws/src/parkbot_motion', 'symlink_install': True, 'test_result_base': None}
[0.147s] INFO:colcon.colcon_core.executor:Executing jobs using 'parallel' executor
[0.148s] DEBUG:colcon.colcon_parallel_executor.executor.parallel:run_until_complete
[0.148s] INFO:colcon.colcon_ros.task.ament_python.build:Building ROS package in '/home/rokey/p3/cobot_ws/src/parkbot_motion' with build type 'ament_python'
[0.148s] Level 1:colcon.colcon_core.shell:create_environment_hook('parkbot_motion', 'ament_prefix_path')
[0.149s] INFO:colcon.colcon_core.plugin_system:Skipping extension 'colcon_core.shell.bat': Not used on non-Windows systems
[0.149s] INFO:colcon.colcon_core.shell:Creating environment hook '/home/rokey/p3/cobot_ws/install/parkbot_motion/share/parkbot_motion/hook/ament_prefix_path.ps1'
[0.149s] INFO:colcon.colcon_core.shell:Creating environment descriptor '/home/rokey/p3/cobot_ws/install/parkbot_motion/share/parkbot_motion/hook/ament_prefix_path.dsv'
[0.149s] INFO:colcon.colcon_core.shell:Creating environment hook '/home/rokey/p3/cobot_ws/install/parkbot_motion/share/parkbot_motion/hook/ament_prefix_path.sh'
[0.150s] INFO:colcon.colcon_core.shell:Skip shell extension 'powershell' for command environment: Not usable outside of PowerShell
[0.150s] DEBUG:colcon.colcon_core.shell:Skip shell extension 'dsv' for command environment
[0.249s] INFO:colcon.colcon_core.task.python.build:Building Python package in '/home/rokey/p3/cobot_ws/src/parkbot_motion'
[0.249s] INFO:colcon.colcon_core.shell:Skip shell extension 'powershell' for command environment: Not usable outside of PowerShell
[0.249s] DEBUG:colcon.colcon_core.shell:Skip shell extension 'dsv' for command environment
[0.376s] DEBUG:colcon.colcon_core.task.python.build:Available setuptools commands: install_scripts, install, install_data, build_ext, upload, develop, sdist, bdist, build_py, saveopts, test, easy_install, build_clib, dist_info, setopt, check, install_egg_info, alias, build_scripts, register, bdist_rpm, bdist_egg, clean, egg_info, bdist_wheel, build, bdist_dumb, install_headers, install_lib, upload_docs, rotate, symlink_data
[0.480s] DEBUG:colcon.colcon_core.task.python.build:Available setuptools 'develop' options: --find-links, --local-snapshots-ok, --install-dir, --optimize, --multi-version, --quiet, --always-copy, --no-deps, --help, --version, --script-dir, --allow-hosts, --force-installation-into-system-dir, --no-find-links, --egg-path, --editable, --dry-run, --exclude-scripts, --no-user-cfg, --install-layout, --user, --site-dirs, --always-unzip, --verbose, --index-url, --zip-ok, --record, --uninstall, --prefix, --upgrade, --build-directory
[0.481s] DEBUG:colcon.colcon_core.event_handler.log_command:Invoking command in '/home/rokey/p3/cobot_ws/build/parkbot_motion': AMENT_PREFIX_PATH=/home/rokey/p3/cobot_ws/install/parking_robot_interfaces:${AMENT_PREFIX_PATH} CMAKE_PREFIX_PATH=/home/rokey/p3/cobot_ws/install/parking_robot_interfaces LD_LIBRARY_PATH=/home/rokey/p3/cobot_ws/install/parking_robot_interfaces/lib:${LD_LIBRARY_PATH} PYTHONPATH=/home/rokey/p3/cobot_ws/build/parkbot_motion/prefix_override:/usr/lib/python3/dist-packages/colcon_core/task/python/colcon_distutils_commands:/home/rokey/p3/cobot_ws/install/parkbot_motion/lib/python3.10/site-packages:/home/rokey/p3/cobot_ws/install/parking_robot_interfaces/local/lib/python3.10/dist-packages:${PYTHONPATH} /usr/bin/python3 -W ignore:setup.py install is deprecated -W ignore:easy_install command is deprecated setup.py develop --editable --build-directory /home/rokey/p3/cobot_ws/build/parkbot_motion/build --no-deps symlink_data
[0.640s] Level 1:colcon.colcon_core.shell:create_environment_hook('parkbot_motion', 'pythonpath_develop')
[0.641s] INFO:colcon.colcon_core.shell:Creating environment hook '/home/rokey/p3/cobot_ws/build/parkbot_motion/share/parkbot_motion/hook/pythonpath_develop.ps1'
[0.641s] DEBUG:colcon.colcon_core.event_handler.log_command:Invoked command in '/home/rokey/p3/cobot_ws/build/parkbot_motion' returned '0': AMENT_PREFIX_PATH=/home/rokey/p3/cobot_ws/install/parking_robot_interfaces:${AMENT_PREFIX_PATH} CMAKE_PREFIX_PATH=/home/rokey/p3/cobot_ws/install/parking_robot_interfaces LD_LIBRARY_PATH=/home/rokey/p3/cobot_ws/install/parking_robot_interfaces/lib:${LD_LIBRARY_PATH} PYTHONPATH=/home/rokey/p3/cobot_ws/build/parkbot_motion/prefix_override:/usr/lib/python3/dist-packages/colcon_core/task/python/colcon_distutils_commands:/home/rokey/p3/cobot_ws/install/parkbot_motion/lib/python3.10/site-packages:/home/rokey/p3/cobot_ws/install/parking_robot_interfaces/local/lib/python3.10/dist-packages:${PYTHONPATH} /usr/bin/python3 -W ignore:setup.py install is deprecated -W ignore:easy_install command is deprecated setup.py develop --editable --build-directory /home/rokey/p3/cobot_ws/build/parkbot_motion/build --no-deps symlink_data
[0.641s] INFO:colcon.colcon_core.shell:Creating environment descriptor '/home/rokey/p3/cobot_ws/build/parkbot_motion/share/parkbot_motion/hook/pythonpath_develop.dsv'
[0.641s] INFO:colcon.colcon_core.shell:Creating environment hook '/home/rokey/p3/cobot_ws/build/parkbot_motion/share/parkbot_motion/hook/pythonpath_develop.sh'
[0.642s] Level 1:colcon.colcon_core.environment:checking '/home/rokey/p3/cobot_ws/install/parkbot_motion' for CMake module files
[0.643s] Level 1:colcon.colcon_core.environment:checking '/home/rokey/p3/cobot_ws/install/parkbot_motion' for CMake config files
[0.643s] Level 1:colcon.colcon_core.environment:checking '/home/rokey/p3/cobot_ws/install/parkbot_motion/lib'
[0.643s] Level 1:colcon.colcon_core.environment:checking '/home/rokey/p3/cobot_ws/install/parkbot_motion/bin'
[0.643s] Level 1:colcon.colcon_core.environment:checking '/home/rokey/p3/cobot_ws/install/parkbot_motion/lib/pkgconfig/parkbot_motion.pc'
[0.643s] Level 1:colcon.colcon_core.environment:checking '/home/rokey/p3/cobot_ws/install/parkbot_motion/lib/python3.10/site-packages'
[0.643s] Level 1:colcon.colcon_core.shell:create_environment_hook('parkbot_motion', 'pythonpath')
[0.643s] INFO:colcon.colcon_core.shell:Creating environment hook '/home/rokey/p3/cobot_ws/install/parkbot_motion/share/parkbot_motion/hook/pythonpath.ps1'
[0.643s] INFO:colcon.colcon_core.shell:Creating environment descriptor '/home/rokey/p3/cobot_ws/install/parkbot_motion/share/parkbot_motion/hook/pythonpath.dsv'
[0.643s] INFO:colcon.colcon_core.shell:Creating environment hook '/home/rokey/p3/cobot_ws/install/parkbot_motion/share/parkbot_motion/hook/pythonpath.sh'
[0.644s] Level 1:colcon.colcon_core.environment:checking '/home/rokey/p3/cobot_ws/install/parkbot_motion/bin'
[0.644s] Level 1:colcon.colcon_core.environment:create_environment_scripts_only(parkbot_motion)
[0.644s] INFO:colcon.colcon_core.shell:Creating package script '/home/rokey/p3/cobot_ws/install/parkbot_motion/share/parkbot_motion/package.ps1'
[0.644s] INFO:colcon.colcon_core.shell:Creating package descriptor '/home/rokey/p3/cobot_ws/install/parkbot_motion/share/parkbot_motion/package.dsv'
[0.645s] INFO:colcon.colcon_core.shell:Creating package script '/home/rokey/p3/cobot_ws/install/parkbot_motion/share/parkbot_motion/package.sh'
[0.645s] INFO:colcon.colcon_core.shell:Creating package script '/home/rokey/p3/cobot_ws/install/parkbot_motion/share/parkbot_motion/package.bash'
[0.645s] INFO:colcon.colcon_core.shell:Creating package script '/home/rokey/p3/cobot_ws/install/parkbot_motion/share/parkbot_motion/package.zsh'
[0.645s] Level 1:colcon.colcon_core.environment:create_file_with_runtime_dependencies(/home/rokey/p3/cobot_ws/install/parkbot_motion/share/colcon-core/packages/parkbot_motion)
[0.645s] DEBUG:colcon.colcon_parallel_executor.executor.parallel:closing loop
[0.645s] DEBUG:colcon.colcon_parallel_executor.executor.parallel:loop closed
[0.645s] DEBUG:colcon.colcon_parallel_executor.executor.parallel:run_until_complete finished with '0'
[0.645s] DEBUG:colcon.colcon_core.event_reactor:joining thread
[0.648s] INFO:colcon.colcon_core.plugin_system:Skipping extension 'colcon_notification.desktop_notification.terminal_notifier': Not used on non-Darwin systems
[0.648s] INFO:colcon.colcon_core.plugin_system:Skipping extension 'colcon_notification.desktop_notification.win32': Not used on non-Windows systems
[0.648s] INFO:colcon.colcon_notification.desktop_notification:Sending desktop notification using 'notify2'
[0.656s] DEBUG:colcon.colcon_core.event_reactor:joined thread
[0.656s] INFO:colcon.colcon_core.shell:Creating prefix script '/home/rokey/p3/cobot_ws/install/local_setup.ps1'
[0.657s] INFO:colcon.colcon_core.shell:Creating prefix util module '/home/rokey/p3/cobot_ws/install/_local_setup_util_ps1.py'
[0.657s] INFO:colcon.colcon_core.shell:Creating prefix chain script '/home/rokey/p3/cobot_ws/install/setup.ps1'
[0.658s] INFO:colcon.colcon_core.shell:Creating prefix script '/home/rokey/p3/cobot_ws/install/local_setup.sh'
[0.658s] INFO:colcon.colcon_core.shell:Creating prefix util module '/home/rokey/p3/cobot_ws/install/_local_setup_util_sh.py'
[0.658s] INFO:colcon.colcon_core.shell:Creating prefix chain script '/home/rokey/p3/cobot_ws/install/setup.sh'
[0.658s] INFO:colcon.colcon_core.shell:Creating prefix script '/home/rokey/p3/cobot_ws/install/local_setup.bash'
[0.659s] INFO:colcon.colcon_core.shell:Creating prefix chain script '/home/rokey/p3/cobot_ws/install/setup.bash'
[0.659s] INFO:colcon.colcon_core.shell:Creating prefix script '/home/rokey/p3/cobot_ws/install/local_setup.zsh'
[0.659s] INFO:colcon.colcon_core.shell:Creating prefix chain script '/home/rokey/p3/cobot_ws/install/setup.zsh'
