[0.359s] Invoking command in '/home/rokey/p3/cobot_ws/build/parkbot_motion': AMENT_PREFIX_PATH=/home/rokey/p3/cobot_ws/install/parking_robot_interfaces:${AMENT_PREFIX_PATH} CMAKE_PREFIX_PATH=/home/rokey/p3/cobot_ws/install/parking_robot_interfaces LD_LIBRARY_PATH=/home/rokey/p3/cobot_ws/install/parking_robot_interfaces/lib:${LD_LIBRARY_PATH} PYTHONPATH=/home/rokey/p3/cobot_ws/build/parkbot_motion/prefix_override:/usr/lib/python3/dist-packages/colcon_core/task/python/colcon_distutils_commands:/home/rokey/p3/cobot_ws/install/parkbot_motion/lib/python3.10/site-packages:/home/rokey/p3/cobot_ws/install/parking_robot_interfaces/local/lib/python3.10/dist-packages:${PYTHONPATH} /usr/bin/python3 -W ignore:setup.py install is deprecated -W ignore:easy_install command is deprecated setup.py develop --editable --build-directory /home/rokey/p3/cobot_ws/build/parkbot_motion/build --no-deps symlink_data --force
[0.456s] running develop
[0.509s] running egg_info
[0.509s] writing parkbot_motion.egg-info/PKG-INFO
[0.509s] writing dependency_links to parkbot_motion.egg-info/dependency_links.txt
[0.509s] writing entry points to parkbot_motion.egg-info/entry_points.txt
[0.509s] writing requirements to parkbot_motion.egg-info/requires.txt
[0.509s] writing top-level names to parkbot_motion.egg-info/top_level.txt
[0.511s] reading manifest file 'parkbot_motion.egg-info/SOURCES.txt'
[0.511s] writing manifest file 'parkbot_motion.egg-info/SOURCES.txt'
[0.511s] running build_ext
[0.511s] Creating /home/rokey/p3/cobot_ws/install/parkbot_motion/lib/python3.10/site-packages/parkbot-motion.egg-link (link to .)
[0.514s] Installing axle_detector_node script to /home/rokey/p3/cobot_ws/install/parkbot_motion/lib/parkbot_motion
[0.514s] Installing carry_action_server script to /home/rokey/p3/cobot_ws/install/parkbot_motion/lib/parkbot_motion
[0.514s] Installing ingress_node script to /home/rokey/p3/cobot_ws/install/parkbot_motion/lib/parkbot_motion
[0.514s] Installing lift_action_server script to /home/rokey/p3/cobot_ws/install/parkbot_motion/lib/parkbot_motion
[0.514s] Installing pickup_orchestrator_node script to /home/rokey/p3/cobot_ws/install/parkbot_motion/lib/parkbot_motion
[0.514s] Installing pose_controller_node script to /home/rokey/p3/cobot_ws/install/parkbot_motion/lib/parkbot_motion
[0.514s] 
[0.514s] Installed /home/rokey/p3/cobot_ws/build/parkbot_motion
[0.514s] running symlink_data
[0.514s] symbolically linking /home/rokey/p3/cobot_ws/build/parkbot_motion/resource/parkbot_motion -> /home/rokey/p3/cobot_ws/install/parkbot_motion/share/ament_index/resource_index/packages
[0.514s] symbolically linking /home/rokey/p3/cobot_ws/build/parkbot_motion/package.xml -> /home/rokey/p3/cobot_ws/install/parkbot_motion/share/parkbot_motion
[0.514s] symbolically linking /home/rokey/p3/cobot_ws/build/parkbot_motion/launch/nodes.launch.py -> /home/rokey/p3/cobot_ws/install/parkbot_motion/share/parkbot_motion/launch
[0.525s] Invoked command in '/home/rokey/p3/cobot_ws/build/parkbot_motion' returned '0': AMENT_PREFIX_PATH=/home/rokey/p3/cobot_ws/install/parking_robot_interfaces:${AMENT_PREFIX_PATH} CMAKE_PREFIX_PATH=/home/rokey/p3/cobot_ws/install/parking_robot_interfaces LD_LIBRARY_PATH=/home/rokey/p3/cobot_ws/install/parking_robot_interfaces/lib:${LD_LIBRARY_PATH} PYTHONPATH=/home/rokey/p3/cobot_ws/build/parkbot_motion/prefix_override:/usr/lib/python3/dist-packages/colcon_core/task/python/colcon_distutils_commands:/home/rokey/p3/cobot_ws/install/parkbot_motion/lib/python3.10/site-packages:/home/rokey/p3/cobot_ws/install/parking_robot_interfaces/local/lib/python3.10/dist-packages:${PYTHONPATH} /usr/bin/python3 -W ignore:setup.py install is deprecated -W ignore:easy_install command is deprecated setup.py develop --editable --build-directory /home/rokey/p3/cobot_ws/build/parkbot_motion/build --no-deps symlink_data --force
