/home/rokey/p3/cobot_ws/install/parkbot_aruco/lib/python3.10/site-packages/parkbot_aruco/aruco_detector.py
/home/rokey/p3/cobot_ws/install/parkbot_aruco/lib/python3.10/site-packages/parkbot_aruco/marker_localizer_node.py
/home/rokey/p3/cobot_ws/install/parkbot_aruco/lib/python3.10/site-packages/parkbot_aruco/site_map_v4.py
/home/rokey/p3/cobot_ws/install/parkbot_aruco/lib/python3.10/site-packages/parkbot_aruco/marker_localizer.py
/home/rokey/p3/cobot_ws/install/parkbot_aruco/lib/python3.10/site-packages/parkbot_aruco/aruco_pose.py
/home/rokey/p3/cobot_ws/install/parkbot_aruco/lib/python3.10/site-packages/parkbot_aruco/__init__.py
/home/rokey/p3/cobot_ws/install/parkbot_aruco/lib/python3.10/site-packages/parkbot_aruco/pose_estimator.py
/home/rokey/p3/cobot_ws/install/parkbot_aruco/lib/python3.10/site-packages/parkbot_aruco/__pycache__/aruco_detector.cpython-310.pyc
/home/rokey/p3/cobot_ws/install/parkbot_aruco/lib/python3.10/site-packages/parkbot_aruco/__pycache__/marker_localizer_node.cpython-310.pyc
/home/rokey/p3/cobot_ws/install/parkbot_aruco/lib/python3.10/site-packages/parkbot_aruco/__pycache__/site_map_v4.cpython-310.pyc
/home/rokey/p3/cobot_ws/install/parkbot_aruco/lib/python3.10/site-packages/parkbot_aruco/__pycache__/marker_localizer.cpython-310.pyc
/home/rokey/p3/cobot_ws/install/parkbot_aruco/lib/python3.10/site-packages/parkbot_aruco/__pycache__/aruco_pose.cpython-310.pyc
/home/rokey/p3/cobot_ws/install/parkbot_aruco/lib/python3.10/site-packages/parkbot_aruco/__pycache__/__init__.cpython-310.pyc
/home/rokey/p3/cobot_ws/install/parkbot_aruco/lib/python3.10/site-packages/parkbot_aruco/__pycache__/pose_estimator.cpython-310.pyc
/home/rokey/p3/cobot_ws/install/parkbot_aruco/share/ament_index/resource_index/packages/parkbot_aruco
/home/rokey/p3/cobot_ws/install/parkbot_aruco/share/parkbot_aruco/package.xml
/home/rokey/p3/cobot_ws/install/parkbot_aruco/share/parkbot_aruco/data/marker_map.json
/home/rokey/p3/cobot_ws/install/parkbot_aruco/share/parkbot_aruco/data/marker_map_v4.json
/home/rokey/p3/cobot_ws/install/parkbot_aruco/lib/python3.10/site-packages/parkbot_aruco-0.1.0-py3.10.egg-info/top_level.txt
/home/rokey/p3/cobot_ws/install/parkbot_aruco/lib/python3.10/site-packages/parkbot_aruco-0.1.0-py3.10.egg-info/PKG-INFO
/home/rokey/p3/cobot_ws/install/parkbot_aruco/lib/python3.10/site-packages/parkbot_aruco-0.1.0-py3.10.egg-info/requires.txt
/home/rokey/p3/cobot_ws/install/parkbot_aruco/lib/python3.10/site-packages/parkbot_aruco-0.1.0-py3.10.egg-info/dependency_links.txt
/home/rokey/p3/cobot_ws/install/parkbot_aruco/lib/python3.10/site-packages/parkbot_aruco-0.1.0-py3.10.egg-info/zip-safe
/home/rokey/p3/cobot_ws/install/parkbot_aruco/lib/python3.10/site-packages/parkbot_aruco-0.1.0-py3.10.egg-info/SOURCES.txt
/home/rokey/p3/cobot_ws/install/parkbot_aruco/lib/python3.10/site-packages/parkbot_aruco-0.1.0-py3.10.egg-info/entry_points.txt
/home/rokey/p3/cobot_ws/install/parkbot_aruco/lib/parkbot_aruco/aruco_detector
/home/rokey/p3/cobot_ws/install/parkbot_aruco/lib/parkbot_aruco/marker_localizer_node
