/home/rokey/p3/cobot_ws/install/parkbot_motion/lib/python3.10/site-packages/parkbot_motion/pose_controller_node.py
/home/rokey/p3/cobot_ws/install/parkbot_motion/lib/python3.10/site-packages/parkbot_motion/pickup_orchestrator_node.py
/home/rokey/p3/cobot_ws/install/parkbot_motion/lib/python3.10/site-packages/parkbot_motion/mecanum_kinematics.py
/home/rokey/p3/cobot_ws/install/parkbot_motion/lib/python3.10/site-packages/parkbot_motion/ingress_node.py
/home/rokey/p3/cobot_ws/install/parkbot_motion/lib/python3.10/site-packages/parkbot_motion/carry_action_server.py
/home/rokey/p3/cobot_ws/install/parkbot_motion/lib/python3.10/site-packages/parkbot_motion/pickup_choreography.py
/home/rokey/p3/cobot_ws/install/parkbot_motion/lib/python3.10/site-packages/parkbot_motion/lift_action_server.py
/home/rokey/p3/cobot_ws/install/parkbot_motion/lib/python3.10/site-packages/parkbot_motion/axle_detector_node.py
/home/rokey/p3/cobot_ws/install/parkbot_motion/lib/python3.10/site-packages/parkbot_motion/axle_center.py
/home/rokey/p3/cobot_ws/install/parkbot_motion/lib/python3.10/site-packages/parkbot_motion/__init__.py
/home/rokey/p3/cobot_ws/install/parkbot_motion/lib/python3.10/site-packages/parkbot_motion/mission_control.py
/home/rokey/p3/cobot_ws/install/parkbot_motion/lib/python3.10/site-packages/parkbot_motion/pose_controller.py
/home/rokey/p3/cobot_ws/install/parkbot_motion/lib/python3.10/site-packages/parkbot_motion/formation.py
/home/rokey/p3/cobot_ws/install/parkbot_motion/lib/python3.10/site-packages/parkbot_motion/wheel_odometry.py
/home/rokey/p3/cobot_ws/install/parkbot_motion/lib/python3.10/site-packages/parkbot_motion/depth_stop_detector.py
/home/rokey/p3/cobot_ws/install/parkbot_motion/lib/python3.10/site-packages/parkbot_motion/ingress_control.py
/home/rokey/p3/cobot_ws/install/parkbot_motion/lib/python3.10/site-packages/parkbot_motion/__pycache__/pose_controller_node.cpython-310.pyc
/home/rokey/p3/cobot_ws/install/parkbot_motion/lib/python3.10/site-packages/parkbot_motion/__pycache__/pickup_orchestrator_node.cpython-310.pyc
/home/rokey/p3/cobot_ws/install/parkbot_motion/lib/python3.10/site-packages/parkbot_motion/__pycache__/mecanum_kinematics.cpython-310.pyc
/home/rokey/p3/cobot_ws/install/parkbot_motion/lib/python3.10/site-packages/parkbot_motion/__pycache__/ingress_node.cpython-310.pyc
/home/rokey/p3/cobot_ws/install/parkbot_motion/lib/python3.10/site-packages/parkbot_motion/__pycache__/carry_action_server.cpython-310.pyc
/home/rokey/p3/cobot_ws/install/parkbot_motion/lib/python3.10/site-packages/parkbot_motion/__pycache__/pickup_choreography.cpython-310.pyc
/home/rokey/p3/cobot_ws/install/parkbot_motion/lib/python3.10/site-packages/parkbot_motion/__pycache__/lift_action_server.cpython-310.pyc
/home/rokey/p3/cobot_ws/install/parkbot_motion/lib/python3.10/site-packages/parkbot_motion/__pycache__/axle_detector_node.cpython-310.pyc
/home/rokey/p3/cobot_ws/install/parkbot_motion/lib/python3.10/site-packages/parkbot_motion/__pycache__/axle_center.cpython-310.pyc
/home/rokey/p3/cobot_ws/install/parkbot_motion/lib/python3.10/site-packages/parkbot_motion/__pycache__/__init__.cpython-310.pyc
/home/rokey/p3/cobot_ws/install/parkbot_motion/lib/python3.10/site-packages/parkbot_motion/__pycache__/mission_control.cpython-310.pyc
/home/rokey/p3/cobot_ws/install/parkbot_motion/lib/python3.10/site-packages/parkbot_motion/__pycache__/pose_controller.cpython-310.pyc
/home/rokey/p3/cobot_ws/install/parkbot_motion/lib/python3.10/site-packages/parkbot_motion/__pycache__/formation.cpython-310.pyc
/home/rokey/p3/cobot_ws/install/parkbot_motion/lib/python3.10/site-packages/parkbot_motion/__pycache__/wheel_odometry.cpython-310.pyc
/home/rokey/p3/cobot_ws/install/parkbot_motion/lib/python3.10/site-packages/parkbot_motion/__pycache__/depth_stop_detector.cpython-310.pyc
/home/rokey/p3/cobot_ws/install/parkbot_motion/lib/python3.10/site-packages/parkbot_motion/__pycache__/ingress_control.cpython-310.pyc
/home/rokey/p3/cobot_ws/install/parkbot_motion/share/ament_index/resource_index/packages/parkbot_motion
/home/rokey/p3/cobot_ws/install/parkbot_motion/share/parkbot_motion/package.xml
/home/rokey/p3/cobot_ws/install/parkbot_motion/share/parkbot_motion/launch/nodes.launch.py
/home/rokey/p3/cobot_ws/install/parkbot_motion/lib/python3.10/site-packages/parkbot_motion-0.1.0-py3.10.egg-info/top_level.txt
/home/rokey/p3/cobot_ws/install/parkbot_motion/lib/python3.10/site-packages/parkbot_motion-0.1.0-py3.10.egg-info/PKG-INFO
/home/rokey/p3/cobot_ws/install/parkbot_motion/lib/python3.10/site-packages/parkbot_motion-0.1.0-py3.10.egg-info/requires.txt
/home/rokey/p3/cobot_ws/install/parkbot_motion/lib/python3.10/site-packages/parkbot_motion-0.1.0-py3.10.egg-info/dependency_links.txt
/home/rokey/p3/cobot_ws/install/parkbot_motion/lib/python3.10/site-packages/parkbot_motion-0.1.0-py3.10.egg-info/zip-safe
/home/rokey/p3/cobot_ws/install/parkbot_motion/lib/python3.10/site-packages/parkbot_motion-0.1.0-py3.10.egg-info/SOURCES.txt
/home/rokey/p3/cobot_ws/install/parkbot_motion/lib/python3.10/site-packages/parkbot_motion-0.1.0-py3.10.egg-info/entry_points.txt
/home/rokey/p3/cobot_ws/install/parkbot_motion/lib/parkbot_motion/axle_detector_node
/home/rokey/p3/cobot_ws/install/parkbot_motion/lib/parkbot_motion/carry_action_server
/home/rokey/p3/cobot_ws/install/parkbot_motion/lib/parkbot_motion/ingress_node
/home/rokey/p3/cobot_ws/install/parkbot_motion/lib/parkbot_motion/lift_action_server
/home/rokey/p3/cobot_ws/install/parkbot_motion/lib/parkbot_motion/pickup_orchestrator_node
/home/rokey/p3/cobot_ws/install/parkbot_motion/lib/parkbot_motion/pose_controller_node
