[0.040s] DEBUG:colcon:Command line arguments: ['/usr/bin/colcon', 'list']
[0.040s] DEBUG:colcon:Parsed command line arguments: Namespace(log_base=None, log_level=None, verb_name='list', build_base='build', ignore_user_meta=False, metas=['./colcon.meta'], base_paths=['.'], packages_ignore=None, packages_ignore_regex=None, paths=None, packages_up_to=None, packages_up_to_regex=None, packages_above=None, packages_above_and_dependencies=None, packages_above_depth=None, packages_select_by_dep=None, packages_skip_by_dep=None, packages_skip_up_to=None, packages_select_build_failed=False, packages_skip_build_finished=False, packages_select_test_failures=False, packages_skip_test_passed=False, packages_select=None, packages_skip=None, packages_select_regex=None, packages_skip_regex=None, packages_start=None, packages_end=None, allow_overriding=[], topological_order=False, names_only=False, paths_only=False, topological_graph=False, topological_graph_dot=False, topological_graph_density=False, topological_graph_legend=False, topological_graph_dot_cluster=False, topological_graph_dot_include_skipped=False, verb_parser=<colcon_defaults.argument_parser.defaults.DefaultArgumentsDecorator object at 0x767a2ef60460>, verb_extension=<colcon_package_information.verb.list.ListVerb object at 0x767a2ef1b880>, main=<bound method ListVerb.main of <colcon_package_information.verb.list.ListVerb object at 0x767a2ef1b880>>)
[0.104s] Level 1:colcon.colcon_core.package_discovery:discover_packages(colcon_meta) check parameters
[0.104s] Level 1:colcon.colcon_core.package_discovery:discover_packages(recursive) check parameters
[0.104s] Level 1:colcon.colcon_core.package_discovery:discover_packages(ignore) check parameters
[0.104s] Level 1:colcon.colcon_core.package_discovery:discover_packages(path) check parameters
[0.104s] Level 1:colcon.colcon_core.package_discovery:discover_packages(colcon_meta) discover
[0.104s] Level 1:colcon.colcon_core.package_discovery:discover_packages(recursive) discover
[0.104s] INFO:colcon.colcon_core.package_discovery:Crawling recursively for packages in '/home/rokey/p3/cobot_ws'
[0.104s] Level 1:colcon.colcon_core.package_identification:_identify(.) by extensions ['ignore', 'ignore_ament_install']
[0.104s] Level 1:colcon.colcon_core.package_identification:_identify(.) by extension 'ignore'
[0.104s] Level 1:colcon.colcon_core.package_identification:_identify(.) by extension 'ignore_ament_install'
[0.104s] Level 1:colcon.colcon_core.package_identification:_identify(.) by extensions ['colcon_pkg']
[0.104s] Level 1:colcon.colcon_core.package_identification:_identify(.) by extension 'colcon_pkg'
[0.104s] Level 1:colcon.colcon_core.package_identification:_identify(.) by extensions ['colcon_meta']
[0.104s] Level 1:colcon.colcon_core.package_identification:_identify(.) by extension 'colcon_meta'
[0.104s] Level 1:colcon.colcon_core.package_identification:_identify(.) by extensions ['ros']
[0.104s] Level 1:colcon.colcon_core.package_identification:_identify(.) by extension 'ros'
[0.109s] Level 1:colcon.colcon_core.package_identification:_identify(.) by extensions ['cmake', 'python']
[0.109s] Level 1:colcon.colcon_core.package_identification:_identify(.) by extension 'cmake'
[0.109s] Level 1:colcon.colcon_core.package_identification:_identify(.) by extension 'python'
[0.109s] Level 1:colcon.colcon_core.package_identification:_identify(.) by extensions ['python_setup_py']
[0.109s] Level 1:colcon.colcon_core.package_identification:_identify(.) by extension 'python_setup_py'
[0.109s] Level 1:colcon.colcon_core.package_identification:_identify(build) by extensions ['ignore', 'ignore_ament_install']
[0.109s] Level 1:colcon.colcon_core.package_identification:_identify(build) by extension 'ignore'
[0.109s] Level 1:colcon.colcon_core.package_identification:_identify(build) ignored
[0.109s] Level 1:colcon.colcon_core.package_identification:_identify(data) by extensions ['ignore', 'ignore_ament_install']
[0.109s] Level 1:colcon.colcon_core.package_identification:_identify(data) by extension 'ignore'
[0.109s] Level 1:colcon.colcon_core.package_identification:_identify(data) by extension 'ignore_ament_install'
[0.109s] Level 1:colcon.colcon_core.package_identification:_identify(data) by extensions ['colcon_pkg']
[0.109s] Level 1:colcon.colcon_core.package_identification:_identify(data) by extension 'colcon_pkg'
[0.109s] Level 1:colcon.colcon_core.package_identification:_identify(data) by extensions ['colcon_meta']
[0.109s] Level 1:colcon.colcon_core.package_identification:_identify(data) by extension 'colcon_meta'
[0.109s] Level 1:colcon.colcon_core.package_identification:_identify(data) by extensions ['ros']
[0.110s] Level 1:colcon.colcon_core.package_identification:_identify(data) by extension 'ros'
[0.110s] Level 1:colcon.colcon_core.package_identification:_identify(data) by extensions ['cmake', 'python']
[0.110s] Level 1:colcon.colcon_core.package_identification:_identify(data) by extension 'cmake'
[0.110s] Level 1:colcon.colcon_core.package_identification:_identify(data) by extension 'python'
[0.110s] Level 1:colcon.colcon_core.package_identification:_identify(data) by extensions ['python_setup_py']
[0.110s] Level 1:colcon.colcon_core.package_identification:_identify(data) by extension 'python_setup_py'
[0.110s] Level 1:colcon.colcon_core.package_identification:_identify(data/stream_store) by extensions ['ignore', 'ignore_ament_install']
[0.110s] Level 1:colcon.colcon_core.package_identification:_identify(data/stream_store) by extension 'ignore'
[0.110s] Level 1:colcon.colcon_core.package_identification:_identify(data/stream_store) by extension 'ignore_ament_install'
[0.110s] Level 1:colcon.colcon_core.package_identification:_identify(data/stream_store) by extensions ['colcon_pkg']
[0.110s] Level 1:colcon.colcon_core.package_identification:_identify(data/stream_store) by extension 'colcon_pkg'
[0.110s] Level 1:colcon.colcon_core.package_identification:_identify(data/stream_store) by extensions ['colcon_meta']
[0.110s] Level 1:colcon.colcon_core.package_identification:_identify(data/stream_store) by extension 'colcon_meta'
[0.110s] Level 1:colcon.colcon_core.package_identification:_identify(data/stream_store) by extensions ['ros']
[0.110s] Level 1:colcon.colcon_core.package_identification:_identify(data/stream_store) by extension 'ros'
[0.110s] Level 1:colcon.colcon_core.package_identification:_identify(data/stream_store) by extensions ['cmake', 'python']
[0.110s] Level 1:colcon.colcon_core.package_identification:_identify(data/stream_store) by extension 'cmake'
[0.110s] Level 1:colcon.colcon_core.package_identification:_identify(data/stream_store) by extension 'python'
[0.110s] Level 1:colcon.colcon_core.package_identification:_identify(data/stream_store) by extensions ['python_setup_py']
[0.110s] Level 1:colcon.colcon_core.package_identification:_identify(data/stream_store) by extension 'python_setup_py'
[0.110s] Level 1:colcon.colcon_core.package_identification:_identify(docs) by extensions ['ignore', 'ignore_ament_install']
[0.110s] Level 1:colcon.colcon_core.package_identification:_identify(docs) by extension 'ignore'
[0.110s] Level 1:colcon.colcon_core.package_identification:_identify(docs) by extension 'ignore_ament_install'
[0.110s] Level 1:colcon.colcon_core.package_identification:_identify(docs) by extensions ['colcon_pkg']
[0.110s] Level 1:colcon.colcon_core.package_identification:_identify(docs) by extension 'colcon_pkg'
[0.110s] Level 1:colcon.colcon_core.package_identification:_identify(docs) by extensions ['colcon_meta']
[0.110s] Level 1:colcon.colcon_core.package_identification:_identify(docs) by extension 'colcon_meta'
[0.110s] Level 1:colcon.colcon_core.package_identification:_identify(docs) by extensions ['ros']
[0.110s] Level 1:colcon.colcon_core.package_identification:_identify(docs) by extension 'ros'
[0.110s] Level 1:colcon.colcon_core.package_identification:_identify(docs) by extensions ['cmake', 'python']
[0.110s] Level 1:colcon.colcon_core.package_identification:_identify(docs) by extension 'cmake'
[0.110s] Level 1:colcon.colcon_core.package_identification:_identify(docs) by extension 'python'
[0.110s] Level 1:colcon.colcon_core.package_identification:_identify(docs) by extensions ['python_setup_py']
[0.110s] Level 1:colcon.colcon_core.package_identification:_identify(docs) by extension 'python_setup_py'
[0.110s] Level 1:colcon.colcon_core.package_identification:_identify(docs/concepts) by extensions ['ignore', 'ignore_ament_install']
[0.110s] Level 1:colcon.colcon_core.package_identification:_identify(docs/concepts) by extension 'ignore'
[0.110s] Level 1:colcon.colcon_core.package_identification:_identify(docs/concepts) by extension 'ignore_ament_install'
[0.110s] Level 1:colcon.colcon_core.package_identification:_identify(docs/concepts) by extensions ['colcon_pkg']
[0.110s] Level 1:colcon.colcon_core.package_identification:_identify(docs/concepts) by extension 'colcon_pkg'
[0.110s] Level 1:colcon.colcon_core.package_identification:_identify(docs/concepts) by extensions ['colcon_meta']
[0.110s] Level 1:colcon.colcon_core.package_identification:_identify(docs/concepts) by extension 'colcon_meta'
[0.110s] Level 1:colcon.colcon_core.package_identification:_identify(docs/concepts) by extensions ['ros']
[0.110s] Level 1:colcon.colcon_core.package_identification:_identify(docs/concepts) by extension 'ros'
[0.110s] Level 1:colcon.colcon_core.package_identification:_identify(docs/concepts) by extensions ['cmake', 'python']
[0.110s] Level 1:colcon.colcon_core.package_identification:_identify(docs/concepts) by extension 'cmake'
[0.110s] Level 1:colcon.colcon_core.package_identification:_identify(docs/concepts) by extension 'python'
[0.110s] Level 1:colcon.colcon_core.package_identification:_identify(docs/concepts) by extensions ['python_setup_py']
[0.110s] Level 1:colcon.colcon_core.package_identification:_identify(docs/concepts) by extension 'python_setup_py'
[0.110s] Level 1:colcon.colcon_core.package_identification:_identify(docs/superpowers) by extensions ['ignore', 'ignore_ament_install']
[0.110s] Level 1:colcon.colcon_core.package_identification:_identify(docs/superpowers) by extension 'ignore'
[0.110s] Level 1:colcon.colcon_core.package_identification:_identify(docs/superpowers) by extension 'ignore_ament_install'
[0.110s] Level 1:colcon.colcon_core.package_identification:_identify(docs/superpowers) by extensions ['colcon_pkg']
[0.110s] Level 1:colcon.colcon_core.package_identification:_identify(docs/superpowers) by extension 'colcon_pkg'
[0.110s] Level 1:colcon.colcon_core.package_identification:_identify(docs/superpowers) by extensions ['colcon_meta']
[0.110s] Level 1:colcon.colcon_core.package_identification:_identify(docs/superpowers) by extension 'colcon_meta'
[0.110s] Level 1:colcon.colcon_core.package_identification:_identify(docs/superpowers) by extensions ['ros']
[0.110s] Level 1:colcon.colcon_core.package_identification:_identify(docs/superpowers) by extension 'ros'
[0.110s] Level 1:colcon.colcon_core.package_identification:_identify(docs/superpowers) by extensions ['cmake', 'python']
[0.110s] Level 1:colcon.colcon_core.package_identification:_identify(docs/superpowers) by extension 'cmake'
[0.110s] Level 1:colcon.colcon_core.package_identification:_identify(docs/superpowers) by extension 'python'
[0.110s] Level 1:colcon.colcon_core.package_identification:_identify(docs/superpowers) by extensions ['python_setup_py']
[0.111s] Level 1:colcon.colcon_core.package_identification:_identify(docs/superpowers) by extension 'python_setup_py'
[0.111s] Level 1:colcon.colcon_core.package_identification:_identify(docs/superpowers/plans) by extensions ['ignore', 'ignore_ament_install']
[0.111s] Level 1:colcon.colcon_core.package_identification:_identify(docs/superpowers/plans) by extension 'ignore'
[0.111s] Level 1:colcon.colcon_core.package_identification:_identify(docs/superpowers/plans) by extension 'ignore_ament_install'
[0.111s] Level 1:colcon.colcon_core.package_identification:_identify(docs/superpowers/plans) by extensions ['colcon_pkg']
[0.111s] Level 1:colcon.colcon_core.package_identification:_identify(docs/superpowers/plans) by extension 'colcon_pkg'
[0.111s] Level 1:colcon.colcon_core.package_identification:_identify(docs/superpowers/plans) by extensions ['colcon_meta']
[0.111s] Level 1:colcon.colcon_core.package_identification:_identify(docs/superpowers/plans) by extension 'colcon_meta'
[0.111s] Level 1:colcon.colcon_core.package_identification:_identify(docs/superpowers/plans) by extensions ['ros']
[0.111s] Level 1:colcon.colcon_core.package_identification:_identify(docs/superpowers/plans) by extension 'ros'
[0.111s] Level 1:colcon.colcon_core.package_identification:_identify(docs/superpowers/plans) by extensions ['cmake', 'python']
[0.111s] Level 1:colcon.colcon_core.package_identification:_identify(docs/superpowers/plans) by extension 'cmake'
[0.111s] Level 1:colcon.colcon_core.package_identification:_identify(docs/superpowers/plans) by extension 'python'
[0.111s] Level 1:colcon.colcon_core.package_identification:_identify(docs/superpowers/plans) by extensions ['python_setup_py']
[0.111s] Level 1:colcon.colcon_core.package_identification:_identify(docs/superpowers/plans) by extension 'python_setup_py'
[0.111s] Level 1:colcon.colcon_core.package_identification:_identify(docs/superpowers/specs) by extensions ['ignore', 'ignore_ament_install']
[0.111s] Level 1:colcon.colcon_core.package_identification:_identify(docs/superpowers/specs) by extension 'ignore'
[0.111s] Level 1:colcon.colcon_core.package_identification:_identify(docs/superpowers/specs) by extension 'ignore_ament_install'
[0.111s] Level 1:colcon.colcon_core.package_identification:_identify(docs/superpowers/specs) by extensions ['colcon_pkg']
[0.111s] Level 1:colcon.colcon_core.package_identification:_identify(docs/superpowers/specs) by extension 'colcon_pkg'
[0.111s] Level 1:colcon.colcon_core.package_identification:_identify(docs/superpowers/specs) by extensions ['colcon_meta']
[0.111s] Level 1:colcon.colcon_core.package_identification:_identify(docs/superpowers/specs) by extension 'colcon_meta'
[0.111s] Level 1:colcon.colcon_core.package_identification:_identify(docs/superpowers/specs) by extensions ['ros']
[0.111s] Level 1:colcon.colcon_core.package_identification:_identify(docs/superpowers/specs) by extension 'ros'
[0.111s] Level 1:colcon.colcon_core.package_identification:_identify(docs/superpowers/specs) by extensions ['cmake', 'python']
[0.111s] Level 1:colcon.colcon_core.package_identification:_identify(docs/superpowers/specs) by extension 'cmake'
[0.111s] Level 1:colcon.colcon_core.package_identification:_identify(docs/superpowers/specs) by extension 'python'
[0.111s] Level 1:colcon.colcon_core.package_identification:_identify(docs/superpowers/specs) by extensions ['python_setup_py']
[0.111s] Level 1:colcon.colcon_core.package_identification:_identify(docs/superpowers/specs) by extension 'python_setup_py'
[0.111s] Level 1:colcon.colcon_core.package_identification:_identify(install) by extensions ['ignore', 'ignore_ament_install']
[0.111s] Level 1:colcon.colcon_core.package_identification:_identify(install) by extension 'ignore'
[0.111s] Level 1:colcon.colcon_core.package_identification:_identify(install) ignored
[0.111s] Level 1:colcon.colcon_core.package_identification:_identify(isaacpjt) by extensions ['ignore', 'ignore_ament_install']
[0.111s] Level 1:colcon.colcon_core.package_identification:_identify(isaacpjt) by extension 'ignore'
[0.111s] Level 1:colcon.colcon_core.package_identification:_identify(isaacpjt) by extension 'ignore_ament_install'
[0.111s] Level 1:colcon.colcon_core.package_identification:_identify(isaacpjt) by extensions ['colcon_pkg']
[0.111s] Level 1:colcon.colcon_core.package_identification:_identify(isaacpjt) by extension 'colcon_pkg'
[0.111s] Level 1:colcon.colcon_core.package_identification:_identify(isaacpjt) by extensions ['colcon_meta']
[0.111s] Level 1:colcon.colcon_core.package_identification:_identify(isaacpjt) by extension 'colcon_meta'
[0.111s] Level 1:colcon.colcon_core.package_identification:_identify(isaacpjt) by extensions ['ros']
[0.111s] Level 1:colcon.colcon_core.package_identification:_identify(isaacpjt) by extension 'ros'
[0.111s] Level 1:colcon.colcon_core.package_identification:_identify(isaacpjt) by extensions ['cmake', 'python']
[0.111s] Level 1:colcon.colcon_core.package_identification:_identify(isaacpjt) by extension 'cmake'
[0.111s] Level 1:colcon.colcon_core.package_identification:_identify(isaacpjt) by extension 'python'
[0.111s] Level 1:colcon.colcon_core.package_identification:_identify(isaacpjt) by extensions ['python_setup_py']
[0.111s] Level 1:colcon.colcon_core.package_identification:_identify(isaacpjt) by extension 'python_setup_py'
[0.111s] Level 1:colcon.colcon_core.package_identification:_identify(isaacpjt/Isaac_envo) by extensions ['ignore', 'ignore_ament_install']
[0.111s] Level 1:colcon.colcon_core.package_identification:_identify(isaacpjt/Isaac_envo) by extension 'ignore'
[0.111s] Level 1:colcon.colcon_core.package_identification:_identify(isaacpjt/Isaac_envo) by extension 'ignore_ament_install'
[0.111s] Level 1:colcon.colcon_core.package_identification:_identify(isaacpjt/Isaac_envo) by extensions ['colcon_pkg']
[0.111s] Level 1:colcon.colcon_core.package_identification:_identify(isaacpjt/Isaac_envo) by extension 'colcon_pkg'
[0.111s] Level 1:colcon.colcon_core.package_identification:_identify(isaacpjt/Isaac_envo) by extensions ['colcon_meta']
[0.111s] Level 1:colcon.colcon_core.package_identification:_identify(isaacpjt/Isaac_envo) by extension 'colcon_meta'
[0.111s] Level 1:colcon.colcon_core.package_identification:_identify(isaacpjt/Isaac_envo) by extensions ['ros']
[0.111s] Level 1:colcon.colcon_core.package_identification:_identify(isaacpjt/Isaac_envo) by extension 'ros'
[0.111s] Level 1:colcon.colcon_core.package_identification:_identify(isaacpjt/Isaac_envo) by extensions ['cmake', 'python']
[0.111s] Level 1:colcon.colcon_core.package_identification:_identify(isaacpjt/Isaac_envo) by extension 'cmake'
[0.111s] Level 1:colcon.colcon_core.package_identification:_identify(isaacpjt/Isaac_envo) by extension 'python'
[0.112s] Level 1:colcon.colcon_core.package_identification:_identify(isaacpjt/Isaac_envo) by extensions ['python_setup_py']
[0.112s] Level 1:colcon.colcon_core.package_identification:_identify(isaacpjt/Isaac_envo) by extension 'python_setup_py'
[0.112s] Level 1:colcon.colcon_core.package_identification:_identify(isaacpjt/Isaac_envo/__pycache__) by extensions ['ignore', 'ignore_ament_install']
[0.112s] Level 1:colcon.colcon_core.package_identification:_identify(isaacpjt/Isaac_envo/__pycache__) by extension 'ignore'
[0.112s] Level 1:colcon.colcon_core.package_identification:_identify(isaacpjt/Isaac_envo/__pycache__) by extension 'ignore_ament_install'
[0.112s] Level 1:colcon.colcon_core.package_identification:_identify(isaacpjt/Isaac_envo/__pycache__) by extensions ['colcon_pkg']
[0.112s] Level 1:colcon.colcon_core.package_identification:_identify(isaacpjt/Isaac_envo/__pycache__) by extension 'colcon_pkg'
[0.112s] Level 1:colcon.colcon_core.package_identification:_identify(isaacpjt/Isaac_envo/__pycache__) by extensions ['colcon_meta']
[0.112s] Level 1:colcon.colcon_core.package_identification:_identify(isaacpjt/Isaac_envo/__pycache__) by extension 'colcon_meta'
[0.112s] Level 1:colcon.colcon_core.package_identification:_identify(isaacpjt/Isaac_envo/__pycache__) by extensions ['ros']
[0.112s] Level 1:colcon.colcon_core.package_identification:_identify(isaacpjt/Isaac_envo/__pycache__) by extension 'ros'
[0.112s] Level 1:colcon.colcon_core.package_identification:_identify(isaacpjt/Isaac_envo/__pycache__) by extensions ['cmake', 'python']
[0.112s] Level 1:colcon.colcon_core.package_identification:_identify(isaacpjt/Isaac_envo/__pycache__) by extension 'cmake'
[0.112s] Level 1:colcon.colcon_core.package_identification:_identify(isaacpjt/Isaac_envo/__pycache__) by extension 'python'
[0.112s] Level 1:colcon.colcon_core.package_identification:_identify(isaacpjt/Isaac_envo/__pycache__) by extensions ['python_setup_py']
[0.112s] Level 1:colcon.colcon_core.package_identification:_identify(isaacpjt/Isaac_envo/__pycache__) by extension 'python_setup_py'
[0.112s] Level 1:colcon.colcon_core.package_identification:_identify(isaacpjt/Isaac_envo/fab_preview) by extensions ['ignore', 'ignore_ament_install']
[0.112s] Level 1:colcon.colcon_core.package_identification:_identify(isaacpjt/Isaac_envo/fab_preview) by extension 'ignore'
[0.112s] Level 1:colcon.colcon_core.package_identification:_identify(isaacpjt/Isaac_envo/fab_preview) by extension 'ignore_ament_install'
[0.112s] Level 1:colcon.colcon_core.package_identification:_identify(isaacpjt/Isaac_envo/fab_preview) by extensions ['colcon_pkg']
[0.112s] Level 1:colcon.colcon_core.package_identification:_identify(isaacpjt/Isaac_envo/fab_preview) by extension 'colcon_pkg'
[0.112s] Level 1:colcon.colcon_core.package_identification:_identify(isaacpjt/Isaac_envo/fab_preview) by extensions ['colcon_meta']
[0.112s] Level 1:colcon.colcon_core.package_identification:_identify(isaacpjt/Isaac_envo/fab_preview) by extension 'colcon_meta'
[0.112s] Level 1:colcon.colcon_core.package_identification:_identify(isaacpjt/Isaac_envo/fab_preview) by extensions ['ros']
[0.112s] Level 1:colcon.colcon_core.package_identification:_identify(isaacpjt/Isaac_envo/fab_preview) by extension 'ros'
[0.112s] Level 1:colcon.colcon_core.package_identification:_identify(isaacpjt/Isaac_envo/fab_preview) by extensions ['cmake', 'python']
[0.112s] Level 1:colcon.colcon_core.package_identification:_identify(isaacpjt/Isaac_envo/fab_preview) by extension 'cmake'
[0.112s] Level 1:colcon.colcon_core.package_identification:_identify(isaacpjt/Isaac_envo/fab_preview) by extension 'python'
[0.112s] Level 1:colcon.colcon_core.package_identification:_identify(isaacpjt/Isaac_envo/fab_preview) by extensions ['python_setup_py']
[0.112s] Level 1:colcon.colcon_core.package_identification:_identify(isaacpjt/Isaac_envo/fab_preview) by extension 'python_setup_py'
[0.112s] Level 1:colcon.colcon_core.package_identification:_identify(isaacpjt/Isaac_envo/parking) by extensions ['ignore', 'ignore_ament_install']
[0.112s] Level 1:colcon.colcon_core.package_identification:_identify(isaacpjt/Isaac_envo/parking) by extension 'ignore'
[0.112s] Level 1:colcon.colcon_core.package_identification:_identify(isaacpjt/Isaac_envo/parking) by extension 'ignore_ament_install'
[0.112s] Level 1:colcon.colcon_core.package_identification:_identify(isaacpjt/Isaac_envo/parking) by extensions ['colcon_pkg']
[0.112s] Level 1:colcon.colcon_core.package_identification:_identify(isaacpjt/Isaac_envo/parking) by extension 'colcon_pkg'
[0.112s] Level 1:colcon.colcon_core.package_identification:_identify(isaacpjt/Isaac_envo/parking) by extensions ['colcon_meta']
[0.112s] Level 1:colcon.colcon_core.package_identification:_identify(isaacpjt/Isaac_envo/parking) by extension 'colcon_meta'
[0.112s] Level 1:colcon.colcon_core.package_identification:_identify(isaacpjt/Isaac_envo/parking) by extensions ['ros']
[0.112s] Level 1:colcon.colcon_core.package_identification:_identify(isaacpjt/Isaac_envo/parking) by extension 'ros'
[0.112s] Level 1:colcon.colcon_core.package_identification:_identify(isaacpjt/Isaac_envo/parking) by extensions ['cmake', 'python']
[0.112s] Level 1:colcon.colcon_core.package_identification:_identify(isaacpjt/Isaac_envo/parking) by extension 'cmake'
[0.112s] Level 1:colcon.colcon_core.package_identification:_identify(isaacpjt/Isaac_envo/parking) by extension 'python'
[0.112s] Level 1:colcon.colcon_core.package_identification:_identify(isaacpjt/Isaac_envo/parking) by extensions ['python_setup_py']
[0.112s] Level 1:colcon.colcon_core.package_identification:_identify(isaacpjt/Isaac_envo/parking) by extension 'python_setup_py'
[0.112s] Level 1:colcon.colcon_core.package_identification:_identify(isaacpjt/Isaac_envo/parking/__pycache__) by extensions ['ignore', 'ignore_ament_install']
[0.112s] Level 1:colcon.colcon_core.package_identification:_identify(isaacpjt/Isaac_envo/parking/__pycache__) by extension 'ignore'
[0.112s] Level 1:colcon.colcon_core.package_identification:_identify(isaacpjt/Isaac_envo/parking/__pycache__) by extension 'ignore_ament_install'
[0.112s] Level 1:colcon.colcon_core.package_identification:_identify(isaacpjt/Isaac_envo/parking/__pycache__) by extensions ['colcon_pkg']
[0.112s] Level 1:colcon.colcon_core.package_identification:_identify(isaacpjt/Isaac_envo/parking/__pycache__) by extension 'colcon_pkg'
[0.112s] Level 1:colcon.colcon_core.package_identification:_identify(isaacpjt/Isaac_envo/parking/__pycache__) by extensions ['colcon_meta']
[0.112s] Level 1:colcon.colcon_core.package_identification:_identify(isaacpjt/Isaac_envo/parking/__pycache__) by extension 'colcon_meta'
[0.112s] Level 1:colcon.colcon_core.package_identification:_identify(isaacpjt/Isaac_envo/parking/__pycache__) by extensions ['ros']
[0.112s] Level 1:colcon.colcon_core.package_identification:_identify(isaacpjt/Isaac_envo/parking/__pycache__) by extension 'ros'
[0.112s] Level 1:colcon.colcon_core.package_identification:_identify(isaacpjt/Isaac_envo/parking/__pycache__) by extensions ['cmake', 'python']
[0.112s] Level 1:colcon.colcon_core.package_identification:_identify(isaacpjt/Isaac_envo/parking/__pycache__) by extension 'cmake'
[0.112s] Level 1:colcon.colcon_core.package_identification:_identify(isaacpjt/Isaac_envo/parking/__pycache__) by extension 'python'
[0.112s] Level 1:colcon.colcon_core.package_identification:_identify(isaacpjt/Isaac_envo/parking/__pycache__) by extensions ['python_setup_py']
[0.112s] Level 1:colcon.colcon_core.package_identification:_identify(isaacpjt/Isaac_envo/parking/__pycache__) by extension 'python_setup_py'
[0.112s] Level 1:colcon.colcon_core.package_identification:_identify(isaacpjt/Isaac_envo/parking/source) by extensions ['ignore', 'ignore_ament_install']
[0.113s] Level 1:colcon.colcon_core.package_identification:_identify(isaacpjt/Isaac_envo/parking/source) by extension 'ignore'
[0.113s] Level 1:colcon.colcon_core.package_identification:_identify(isaacpjt/Isaac_envo/parking/source) by extension 'ignore_ament_install'
[0.113s] Level 1:colcon.colcon_core.package_identification:_identify(isaacpjt/Isaac_envo/parking/source) by extensions ['colcon_pkg']
[0.113s] Level 1:colcon.colcon_core.package_identification:_identify(isaacpjt/Isaac_envo/parking/source) by extension 'colcon_pkg'
[0.113s] Level 1:colcon.colcon_core.package_identification:_identify(isaacpjt/Isaac_envo/parking/source) by extensions ['colcon_meta']
[0.113s] Level 1:colcon.colcon_core.package_identification:_identify(isaacpjt/Isaac_envo/parking/source) by extension 'colcon_meta'
[0.113s] Level 1:colcon.colcon_core.package_identification:_identify(isaacpjt/Isaac_envo/parking/source) by extensions ['ros']
[0.113s] Level 1:colcon.colcon_core.package_identification:_identify(isaacpjt/Isaac_envo/parking/source) by extension 'ros'
[0.113s] Level 1:colcon.colcon_core.package_identification:_identify(isaacpjt/Isaac_envo/parking/source) by extensions ['cmake', 'python']
[0.113s] Level 1:colcon.colcon_core.package_identification:_identify(isaacpjt/Isaac_envo/parking/source) by extension 'cmake'
[0.113s] Level 1:colcon.colcon_core.package_identification:_identify(isaacpjt/Isaac_envo/parking/source) by extension 'python'
[0.113s] Level 1:colcon.colcon_core.package_identification:_identify(isaacpjt/Isaac_envo/parking/source) by extensions ['python_setup_py']
[0.113s] Level 1:colcon.colcon_core.package_identification:_identify(isaacpjt/Isaac_envo/parking/source) by extension 'python_setup_py'
[0.113s] Level 1:colcon.colcon_core.package_identification:_identify(isaacpjt/Isaac_envo/probe_reports) by extensions ['ignore', 'ignore_ament_install']
[0.113s] Level 1:colcon.colcon_core.package_identification:_identify(isaacpjt/Isaac_envo/probe_reports) by extension 'ignore'
[0.113s] Level 1:colcon.colcon_core.package_identification:_identify(isaacpjt/Isaac_envo/probe_reports) by extension 'ignore_ament_install'
[0.113s] Level 1:colcon.colcon_core.package_identification:_identify(isaacpjt/Isaac_envo/probe_reports) by extensions ['colcon_pkg']
[0.113s] Level 1:colcon.colcon_core.package_identification:_identify(isaacpjt/Isaac_envo/probe_reports) by extension 'colcon_pkg'
[0.113s] Level 1:colcon.colcon_core.package_identification:_identify(isaacpjt/Isaac_envo/probe_reports) by extensions ['colcon_meta']
[0.113s] Level 1:colcon.colcon_core.package_identification:_identify(isaacpjt/Isaac_envo/probe_reports) by extension 'colcon_meta'
[0.113s] Level 1:colcon.colcon_core.package_identification:_identify(isaacpjt/Isaac_envo/probe_reports) by extensions ['ros']
[0.113s] Level 1:colcon.colcon_core.package_identification:_identify(isaacpjt/Isaac_envo/probe_reports) by extension 'ros'
[0.113s] Level 1:colcon.colcon_core.package_identification:_identify(isaacpjt/Isaac_envo/probe_reports) by extensions ['cmake', 'python']
[0.113s] Level 1:colcon.colcon_core.package_identification:_identify(isaacpjt/Isaac_envo/probe_reports) by extension 'cmake'
[0.113s] Level 1:colcon.colcon_core.package_identification:_identify(isaacpjt/Isaac_envo/probe_reports) by extension 'python'
[0.113s] Level 1:colcon.colcon_core.package_identification:_identify(isaacpjt/Isaac_envo/probe_reports) by extensions ['python_setup_py']
[0.113s] Level 1:colcon.colcon_core.package_identification:_identify(isaacpjt/Isaac_envo/probe_reports) by extension 'python_setup_py'
[0.113s] Level 1:colcon.colcon_core.package_identification:_identify(isaacpjt/Isaac_envo/source) by extensions ['ignore', 'ignore_ament_install']
[0.113s] Level 1:colcon.colcon_core.package_identification:_identify(isaacpjt/Isaac_envo/source) by extension 'ignore'
[0.113s] Level 1:colcon.colcon_core.package_identification:_identify(isaacpjt/Isaac_envo/source) by extension 'ignore_ament_install'
[0.113s] Level 1:colcon.colcon_core.package_identification:_identify(isaacpjt/Isaac_envo/source) by extensions ['colcon_pkg']
[0.113s] Level 1:colcon.colcon_core.package_identification:_identify(isaacpjt/Isaac_envo/source) by extension 'colcon_pkg'
[0.113s] Level 1:colcon.colcon_core.package_identification:_identify(isaacpjt/Isaac_envo/source) by extensions ['colcon_meta']
[0.113s] Level 1:colcon.colcon_core.package_identification:_identify(isaacpjt/Isaac_envo/source) by extension 'colcon_meta'
[0.113s] Level 1:colcon.colcon_core.package_identification:_identify(isaacpjt/Isaac_envo/source) by extensions ['ros']
[0.113s] Level 1:colcon.colcon_core.package_identification:_identify(isaacpjt/Isaac_envo/source) by extension 'ros'
[0.113s] Level 1:colcon.colcon_core.package_identification:_identify(isaacpjt/Isaac_envo/source) by extensions ['cmake', 'python']
[0.113s] Level 1:colcon.colcon_core.package_identification:_identify(isaacpjt/Isaac_envo/source) by extension 'cmake'
[0.113s] Level 1:colcon.colcon_core.package_identification:_identify(isaacpjt/Isaac_envo/source) by extension 'python'
[0.113s] Level 1:colcon.colcon_core.package_identification:_identify(isaacpjt/Isaac_envo/source) by extensions ['python_setup_py']
[0.113s] Level 1:colcon.colcon_core.package_identification:_identify(isaacpjt/Isaac_envo/source) by extension 'python_setup_py'
[0.113s] Level 1:colcon.colcon_core.package_identification:_identify(isaacpjt/Isaac_envo/tests) by extensions ['ignore', 'ignore_ament_install']
[0.113s] Level 1:colcon.colcon_core.package_identification:_identify(isaacpjt/Isaac_envo/tests) by extension 'ignore'
[0.113s] Level 1:colcon.colcon_core.package_identification:_identify(isaacpjt/Isaac_envo/tests) by extension 'ignore_ament_install'
[0.113s] Level 1:colcon.colcon_core.package_identification:_identify(isaacpjt/Isaac_envo/tests) by extensions ['colcon_pkg']
[0.113s] Level 1:colcon.colcon_core.package_identification:_identify(isaacpjt/Isaac_envo/tests) by extension 'colcon_pkg'
[0.113s] Level 1:colcon.colcon_core.package_identification:_identify(isaacpjt/Isaac_envo/tests) by extensions ['colcon_meta']
[0.113s] Level 1:colcon.colcon_core.package_identification:_identify(isaacpjt/Isaac_envo/tests) by extension 'colcon_meta'
[0.113s] Level 1:colcon.colcon_core.package_identification:_identify(isaacpjt/Isaac_envo/tests) by extensions ['ros']
[0.113s] Level 1:colcon.colcon_core.package_identification:_identify(isaacpjt/Isaac_envo/tests) by extension 'ros'
[0.113s] Level 1:colcon.colcon_core.package_identification:_identify(isaacpjt/Isaac_envo/tests) by extensions ['cmake', 'python']
[0.113s] Level 1:colcon.colcon_core.package_identification:_identify(isaacpjt/Isaac_envo/tests) by extension 'cmake'
[0.114s] Level 1:colcon.colcon_core.package_identification:_identify(isaacpjt/Isaac_envo/tests) by extension 'python'
[0.114s] Level 1:colcon.colcon_core.package_identification:_identify(isaacpjt/Isaac_envo/tests) by extensions ['python_setup_py']
[0.114s] Level 1:colcon.colcon_core.package_identification:_identify(isaacpjt/Isaac_envo/tests) by extension 'python_setup_py'
[0.114s] Level 1:colcon.colcon_core.package_identification:_identify(isaacpjt/Isaac_envo/tests/__pycache__) by extensions ['ignore', 'ignore_ament_install']
[0.114s] Level 1:colcon.colcon_core.package_identification:_identify(isaacpjt/Isaac_envo/tests/__pycache__) by extension 'ignore'
[0.114s] Level 1:colcon.colcon_core.package_identification:_identify(isaacpjt/Isaac_envo/tests/__pycache__) by extension 'ignore_ament_install'
[0.114s] Level 1:colcon.colcon_core.package_identification:_identify(isaacpjt/Isaac_envo/tests/__pycache__) by extensions ['colcon_pkg']
[0.114s] Level 1:colcon.colcon_core.package_identification:_identify(isaacpjt/Isaac_envo/tests/__pycache__) by extension 'colcon_pkg'
[0.114s] Level 1:colcon.colcon_core.package_identification:_identify(isaacpjt/Isaac_envo/tests/__pycache__) by extensions ['colcon_meta']
[0.114s] Level 1:colcon.colcon_core.package_identification:_identify(isaacpjt/Isaac_envo/tests/__pycache__) by extension 'colcon_meta'
[0.114s] Level 1:colcon.colcon_core.package_identification:_identify(isaacpjt/Isaac_envo/tests/__pycache__) by extensions ['ros']
[0.114s] Level 1:colcon.colcon_core.package_identification:_identify(isaacpjt/Isaac_envo/tests/__pycache__) by extension 'ros'
[0.114s] Level 1:colcon.colcon_core.package_identification:_identify(isaacpjt/Isaac_envo/tests/__pycache__) by extensions ['cmake', 'python']
[0.114s] Level 1:colcon.colcon_core.package_identification:_identify(isaacpjt/Isaac_envo/tests/__pycache__) by extension 'cmake'
[0.114s] Level 1:colcon.colcon_core.package_identification:_identify(isaacpjt/Isaac_envo/tests/__pycache__) by extension 'python'
[0.114s] Level 1:colcon.colcon_core.package_identification:_identify(isaacpjt/Isaac_envo/tests/__pycache__) by extensions ['python_setup_py']
[0.114s] Level 1:colcon.colcon_core.package_identification:_identify(isaacpjt/Isaac_envo/tests/__pycache__) by extension 'python_setup_py'
[0.114s] Level 1:colcon.colcon_core.package_identification:_identify(isaacpjt/Isaac_envo/textures) by extensions ['ignore', 'ignore_ament_install']
[0.114s] Level 1:colcon.colcon_core.package_identification:_identify(isaacpjt/Isaac_envo/textures) by extension 'ignore'
[0.114s] Level 1:colcon.colcon_core.package_identification:_identify(isaacpjt/Isaac_envo/textures) by extension 'ignore_ament_install'
[0.114s] Level 1:colcon.colcon_core.package_identification:_identify(isaacpjt/Isaac_envo/textures) by extensions ['colcon_pkg']
[0.114s] Level 1:colcon.colcon_core.package_identification:_identify(isaacpjt/Isaac_envo/textures) by extension 'colcon_pkg'
[0.114s] Level 1:colcon.colcon_core.package_identification:_identify(isaacpjt/Isaac_envo/textures) by extensions ['colcon_meta']
[0.114s] Level 1:colcon.colcon_core.package_identification:_identify(isaacpjt/Isaac_envo/textures) by extension 'colcon_meta'
[0.114s] Level 1:colcon.colcon_core.package_identification:_identify(isaacpjt/Isaac_envo/textures) by extensions ['ros']
[0.114s] Level 1:colcon.colcon_core.package_identification:_identify(isaacpjt/Isaac_envo/textures) by extension 'ros'
[0.114s] Level 1:colcon.colcon_core.package_identification:_identify(isaacpjt/Isaac_envo/textures) by extensions ['cmake', 'python']
[0.114s] Level 1:colcon.colcon_core.package_identification:_identify(isaacpjt/Isaac_envo/textures) by extension 'cmake'
[0.114s] Level 1:colcon.colcon_core.package_identification:_identify(isaacpjt/Isaac_envo/textures) by extension 'python'
[0.114s] Level 1:colcon.colcon_core.package_identification:_identify(isaacpjt/Isaac_envo/textures) by extensions ['python_setup_py']
[0.114s] Level 1:colcon.colcon_core.package_identification:_identify(isaacpjt/Isaac_envo/textures) by extension 'python_setup_py'
[0.114s] Level 1:colcon.colcon_core.package_identification:_identify(isaacpjt/Isaac_envo/textures/aruco) by extensions ['ignore', 'ignore_ament_install']
[0.114s] Level 1:colcon.colcon_core.package_identification:_identify(isaacpjt/Isaac_envo/textures/aruco) by extension 'ignore'
[0.114s] Level 1:colcon.colcon_core.package_identification:_identify(isaacpjt/Isaac_envo/textures/aruco) by extension 'ignore_ament_install'
[0.114s] Level 1:colcon.colcon_core.package_identification:_identify(isaacpjt/Isaac_envo/textures/aruco) by extensions ['colcon_pkg']
[0.114s] Level 1:colcon.colcon_core.package_identification:_identify(isaacpjt/Isaac_envo/textures/aruco) by extension 'colcon_pkg'
[0.114s] Level 1:colcon.colcon_core.package_identification:_identify(isaacpjt/Isaac_envo/textures/aruco) by extensions ['colcon_meta']
[0.114s] Level 1:colcon.colcon_core.package_identification:_identify(isaacpjt/Isaac_envo/textures/aruco) by extension 'colcon_meta'
[0.114s] Level 1:colcon.colcon_core.package_identification:_identify(isaacpjt/Isaac_envo/textures/aruco) by extensions ['ros']
[0.114s] Level 1:colcon.colcon_core.package_identification:_identify(isaacpjt/Isaac_envo/textures/aruco) by extension 'ros'
[0.114s] Level 1:colcon.colcon_core.package_identification:_identify(isaacpjt/Isaac_envo/textures/aruco) by extensions ['cmake', 'python']
[0.114s] Level 1:colcon.colcon_core.package_identification:_identify(isaacpjt/Isaac_envo/textures/aruco) by extension 'cmake'
[0.114s] Level 1:colcon.colcon_core.package_identification:_identify(isaacpjt/Isaac_envo/textures/aruco) by extension 'python'
[0.114s] Level 1:colcon.colcon_core.package_identification:_identify(isaacpjt/Isaac_envo/textures/aruco) by extensions ['python_setup_py']
[0.114s] Level 1:colcon.colcon_core.package_identification:_identify(isaacpjt/Isaac_envo/textures/aruco) by extension 'python_setup_py'
[0.114s] Level 1:colcon.colcon_core.package_identification:_identify(isaacpjt/basic) by extensions ['ignore', 'ignore_ament_install']
[0.114s] Level 1:colcon.colcon_core.package_identification:_identify(isaacpjt/basic) by extension 'ignore'
[0.114s] Level 1:colcon.colcon_core.package_identification:_identify(isaacpjt/basic) by extension 'ignore_ament_install'
[0.114s] Level 1:colcon.colcon_core.package_identification:_identify(isaacpjt/basic) by extensions ['colcon_pkg']
[0.114s] Level 1:colcon.colcon_core.package_identification:_identify(isaacpjt/basic) by extension 'colcon_pkg'
[0.114s] Level 1:colcon.colcon_core.package_identification:_identify(isaacpjt/basic) by extensions ['colcon_meta']
[0.115s] Level 1:colcon.colcon_core.package_identification:_identify(isaacpjt/basic) by extension 'colcon_meta'
[0.115s] Level 1:colcon.colcon_core.package_identification:_identify(isaacpjt/basic) by extensions ['ros']
[0.115s] Level 1:colcon.colcon_core.package_identification:_identify(isaacpjt/basic) by extension 'ros'
[0.115s] Level 1:colcon.colcon_core.package_identification:_identify(isaacpjt/basic) by extensions ['cmake', 'python']
[0.115s] Level 1:colcon.colcon_core.package_identification:_identify(isaacpjt/basic) by extension 'cmake'
[0.115s] Level 1:colcon.colcon_core.package_identification:_identify(isaacpjt/basic) by extension 'python'
[0.115s] Level 1:colcon.colcon_core.package_identification:_identify(isaacpjt/basic) by extensions ['python_setup_py']
[0.115s] Level 1:colcon.colcon_core.package_identification:_identify(isaacpjt/basic) by extension 'python_setup_py'
[0.115s] Level 1:colcon.colcon_core.package_identification:_identify(isaacpjt/basic/__pycache__) by extensions ['ignore', 'ignore_ament_install']
[0.115s] Level 1:colcon.colcon_core.package_identification:_identify(isaacpjt/basic/__pycache__) by extension 'ignore'
[0.115s] Level 1:colcon.colcon_core.package_identification:_identify(isaacpjt/basic/__pycache__) by extension 'ignore_ament_install'
[0.115s] Level 1:colcon.colcon_core.package_identification:_identify(isaacpjt/basic/__pycache__) by extensions ['colcon_pkg']
[0.115s] Level 1:colcon.colcon_core.package_identification:_identify(isaacpjt/basic/__pycache__) by extension 'colcon_pkg'
[0.115s] Level 1:colcon.colcon_core.package_identification:_identify(isaacpjt/basic/__pycache__) by extensions ['colcon_meta']
[0.115s] Level 1:colcon.colcon_core.package_identification:_identify(isaacpjt/basic/__pycache__) by extension 'colcon_meta'
[0.115s] Level 1:colcon.colcon_core.package_identification:_identify(isaacpjt/basic/__pycache__) by extensions ['ros']
[0.115s] Level 1:colcon.colcon_core.package_identification:_identify(isaacpjt/basic/__pycache__) by extension 'ros'
[0.115s] Level 1:colcon.colcon_core.package_identification:_identify(isaacpjt/basic/__pycache__) by extensions ['cmake', 'python']
[0.115s] Level 1:colcon.colcon_core.package_identification:_identify(isaacpjt/basic/__pycache__) by extension 'cmake'
[0.115s] Level 1:colcon.colcon_core.package_identification:_identify(isaacpjt/basic/__pycache__) by extension 'python'
[0.115s] Level 1:colcon.colcon_core.package_identification:_identify(isaacpjt/basic/__pycache__) by extensions ['python_setup_py']
[0.115s] Level 1:colcon.colcon_core.package_identification:_identify(isaacpjt/basic/__pycache__) by extension 'python_setup_py'
[0.115s] Level 1:colcon.colcon_core.package_identification:_identify(isaacpjt/hwia_parking_robot_final_caster_package) by extensions ['ignore', 'ignore_ament_install']
[0.115s] Level 1:colcon.colcon_core.package_identification:_identify(isaacpjt/hwia_parking_robot_final_caster_package) by extension 'ignore'
[0.115s] Level 1:colcon.colcon_core.package_identification:_identify(isaacpjt/hwia_parking_robot_final_caster_package) by extension 'ignore_ament_install'
[0.115s] Level 1:colcon.colcon_core.package_identification:_identify(isaacpjt/hwia_parking_robot_final_caster_package) by extensions ['colcon_pkg']
[0.115s] Level 1:colcon.colcon_core.package_identification:_identify(isaacpjt/hwia_parking_robot_final_caster_package) by extension 'colcon_pkg'
[0.115s] Level 1:colcon.colcon_core.package_identification:_identify(isaacpjt/hwia_parking_robot_final_caster_package) by extensions ['colcon_meta']
[0.115s] Level 1:colcon.colcon_core.package_identification:_identify(isaacpjt/hwia_parking_robot_final_caster_package) by extension 'colcon_meta'
[0.115s] Level 1:colcon.colcon_core.package_identification:_identify(isaacpjt/hwia_parking_robot_final_caster_package) by extensions ['ros']
[0.115s] Level 1:colcon.colcon_core.package_identification:_identify(isaacpjt/hwia_parking_robot_final_caster_package) by extension 'ros'
[0.115s] Level 1:colcon.colcon_core.package_identification:_identify(isaacpjt/hwia_parking_robot_final_caster_package) by extensions ['cmake', 'python']
[0.115s] Level 1:colcon.colcon_core.package_identification:_identify(isaacpjt/hwia_parking_robot_final_caster_package) by extension 'cmake'
[0.115s] Level 1:colcon.colcon_core.package_identification:_identify(isaacpjt/hwia_parking_robot_final_caster_package) by extension 'python'
[0.115s] Level 1:colcon.colcon_core.package_identification:_identify(isaacpjt/hwia_parking_robot_final_caster_package) by extensions ['python_setup_py']
[0.115s] Level 1:colcon.colcon_core.package_identification:_identify(isaacpjt/hwia_parking_robot_final_caster_package) by extension 'python_setup_py'
[0.115s] Level 1:colcon.colcon_core.package_identification:_identify(isaacpjt/hwia_parking_robot_final_caster_package/__pycache__) by extensions ['ignore', 'ignore_ament_install']
[0.115s] Level 1:colcon.colcon_core.package_identification:_identify(isaacpjt/hwia_parking_robot_final_caster_package/__pycache__) by extension 'ignore'
[0.115s] Level 1:colcon.colcon_core.package_identification:_identify(isaacpjt/hwia_parking_robot_final_caster_package/__pycache__) by extension 'ignore_ament_install'
[0.115s] Level 1:colcon.colcon_core.package_identification:_identify(isaacpjt/hwia_parking_robot_final_caster_package/__pycache__) by extensions ['colcon_pkg']
[0.115s] Level 1:colcon.colcon_core.package_identification:_identify(isaacpjt/hwia_parking_robot_final_caster_package/__pycache__) by extension 'colcon_pkg'
[0.115s] Level 1:colcon.colcon_core.package_identification:_identify(isaacpjt/hwia_parking_robot_final_caster_package/__pycache__) by extensions ['colcon_meta']
[0.115s] Level 1:colcon.colcon_core.package_identification:_identify(isaacpjt/hwia_parking_robot_final_caster_package/__pycache__) by extension 'colcon_meta'
[0.115s] Level 1:colcon.colcon_core.package_identification:_identify(isaacpjt/hwia_parking_robot_final_caster_package/__pycache__) by extensions ['ros']
[0.115s] Level 1:colcon.colcon_core.package_identification:_identify(isaacpjt/hwia_parking_robot_final_caster_package/__pycache__) by extension 'ros'
[0.115s] Level 1:colcon.colcon_core.package_identification:_identify(isaacpjt/hwia_parking_robot_final_caster_package/__pycache__) by extensions ['cmake', 'python']
[0.115s] Level 1:colcon.colcon_core.package_identification:_identify(isaacpjt/hwia_parking_robot_final_caster_package/__pycache__) by extension 'cmake'
[0.115s] Level 1:colcon.colcon_core.package_identification:_identify(isaacpjt/hwia_parking_robot_final_caster_package/__pycache__) by extension 'python'
[0.115s] Level 1:colcon.colcon_core.package_identification:_identify(isaacpjt/hwia_parking_robot_final_caster_package/__pycache__) by extensions ['python_setup_py']
[0.115s] Level 1:colcon.colcon_core.package_identification:_identify(isaacpjt/hwia_parking_robot_final_caster_package/__pycache__) by extension 'python_setup_py'
[0.115s] Level 1:colcon.colcon_core.package_identification:_identify(isaacpjt/hwia_parking_robot_final_caster_package/configuration) by extensions ['ignore', 'ignore_ament_install']
[0.115s] Level 1:colcon.colcon_core.package_identification:_identify(isaacpjt/hwia_parking_robot_final_caster_package/configuration) by extension 'ignore'
[0.115s] Level 1:colcon.colcon_core.package_identification:_identify(isaacpjt/hwia_parking_robot_final_caster_package/configuration) by extension 'ignore_ament_install'
[0.115s] Level 1:colcon.colcon_core.package_identification:_identify(isaacpjt/hwia_parking_robot_final_caster_package/configuration) by extensions ['colcon_pkg']
[0.115s] Level 1:colcon.colcon_core.package_identification:_identify(isaacpjt/hwia_parking_robot_final_caster_package/configuration) by extension 'colcon_pkg'
[0.115s] Level 1:colcon.colcon_core.package_identification:_identify(isaacpjt/hwia_parking_robot_final_caster_package/configuration) by extensions ['colcon_meta']
[0.115s] Level 1:colcon.colcon_core.package_identification:_identify(isaacpjt/hwia_parking_robot_final_caster_package/configuration) by extension 'colcon_meta'
[0.115s] Level 1:colcon.colcon_core.package_identification:_identify(isaacpjt/hwia_parking_robot_final_caster_package/configuration) by extensions ['ros']
[0.115s] Level 1:colcon.colcon_core.package_identification:_identify(isaacpjt/hwia_parking_robot_final_caster_package/configuration) by extension 'ros'
[0.115s] Level 1:colcon.colcon_core.package_identification:_identify(isaacpjt/hwia_parking_robot_final_caster_package/configuration) by extensions ['cmake', 'python']
[0.115s] Level 1:colcon.colcon_core.package_identification:_identify(isaacpjt/hwia_parking_robot_final_caster_package/configuration) by extension 'cmake'
[0.116s] Level 1:colcon.colcon_core.package_identification:_identify(isaacpjt/hwia_parking_robot_final_caster_package/configuration) by extension 'python'
[0.116s] Level 1:colcon.colcon_core.package_identification:_identify(isaacpjt/hwia_parking_robot_final_caster_package/configuration) by extensions ['python_setup_py']
[0.116s] Level 1:colcon.colcon_core.package_identification:_identify(isaacpjt/hwia_parking_robot_final_caster_package/configuration) by extension 'python_setup_py'
[0.116s] Level 1:colcon.colcon_core.package_identification:_identify(log) by extensions ['ignore', 'ignore_ament_install']
[0.116s] Level 1:colcon.colcon_core.package_identification:_identify(log) by extension 'ignore'
[0.116s] Level 1:colcon.colcon_core.package_identification:_identify(log) ignored
[0.116s] Level 1:colcon.colcon_core.package_identification:_identify(parking_control_mvp) by extensions ['ignore', 'ignore_ament_install']
[0.116s] Level 1:colcon.colcon_core.package_identification:_identify(parking_control_mvp) by extension 'ignore'
[0.116s] Level 1:colcon.colcon_core.package_identification:_identify(parking_control_mvp) by extension 'ignore_ament_install'
[0.116s] Level 1:colcon.colcon_core.package_identification:_identify(parking_control_mvp) by extensions ['colcon_pkg']
[0.116s] Level 1:colcon.colcon_core.package_identification:_identify(parking_control_mvp) by extension 'colcon_pkg'
[0.116s] Level 1:colcon.colcon_core.package_identification:_identify(parking_control_mvp) by extensions ['colcon_meta']
[0.116s] Level 1:colcon.colcon_core.package_identification:_identify(parking_control_mvp) by extension 'colcon_meta'
[0.116s] Level 1:colcon.colcon_core.package_identification:_identify(parking_control_mvp) by extensions ['ros']
[0.116s] Level 1:colcon.colcon_core.package_identification:_identify(parking_control_mvp) by extension 'ros'
[0.116s] Level 1:colcon.colcon_core.package_identification:_identify(parking_control_mvp) by extensions ['cmake', 'python']
[0.116s] Level 1:colcon.colcon_core.package_identification:_identify(parking_control_mvp) by extension 'cmake'
[0.116s] Level 1:colcon.colcon_core.package_identification:_identify(parking_control_mvp) by extension 'python'
[0.116s] Level 1:colcon.colcon_core.package_identification:_identify(parking_control_mvp) by extensions ['python_setup_py']
[0.116s] Level 1:colcon.colcon_core.package_identification:_identify(parking_control_mvp) by extension 'python_setup_py'
[0.116s] Level 1:colcon.colcon_core.package_identification:_identify(parking_control_mvp/__pycache__) by extensions ['ignore', 'ignore_ament_install']
[0.116s] Level 1:colcon.colcon_core.package_identification:_identify(parking_control_mvp/__pycache__) by extension 'ignore'
[0.116s] Level 1:colcon.colcon_core.package_identification:_identify(parking_control_mvp/__pycache__) by extension 'ignore_ament_install'
[0.116s] Level 1:colcon.colcon_core.package_identification:_identify(parking_control_mvp/__pycache__) by extensions ['colcon_pkg']
[0.116s] Level 1:colcon.colcon_core.package_identification:_identify(parking_control_mvp/__pycache__) by extension 'colcon_pkg'
[0.116s] Level 1:colcon.colcon_core.package_identification:_identify(parking_control_mvp/__pycache__) by extensions ['colcon_meta']
[0.116s] Level 1:colcon.colcon_core.package_identification:_identify(parking_control_mvp/__pycache__) by extension 'colcon_meta'
[0.116s] Level 1:colcon.colcon_core.package_identification:_identify(parking_control_mvp/__pycache__) by extensions ['ros']
[0.116s] Level 1:colcon.colcon_core.package_identification:_identify(parking_control_mvp/__pycache__) by extension 'ros'
[0.116s] Level 1:colcon.colcon_core.package_identification:_identify(parking_control_mvp/__pycache__) by extensions ['cmake', 'python']
[0.116s] Level 1:colcon.colcon_core.package_identification:_identify(parking_control_mvp/__pycache__) by extension 'cmake'
[0.116s] Level 1:colcon.colcon_core.package_identification:_identify(parking_control_mvp/__pycache__) by extension 'python'
[0.116s] Level 1:colcon.colcon_core.package_identification:_identify(parking_control_mvp/__pycache__) by extensions ['python_setup_py']
[0.116s] Level 1:colcon.colcon_core.package_identification:_identify(parking_control_mvp/__pycache__) by extension 'python_setup_py'
[0.116s] Level 1:colcon.colcon_core.package_identification:_identify(parking_control_mvp/core) by extensions ['ignore', 'ignore_ament_install']
[0.116s] Level 1:colcon.colcon_core.package_identification:_identify(parking_control_mvp/core) by extension 'ignore'
[0.116s] Level 1:colcon.colcon_core.package_identification:_identify(parking_control_mvp/core) by extension 'ignore_ament_install'
[0.116s] Level 1:colcon.colcon_core.package_identification:_identify(parking_control_mvp/core) by extensions ['colcon_pkg']
[0.116s] Level 1:colcon.colcon_core.package_identification:_identify(parking_control_mvp/core) by extension 'colcon_pkg'
[0.116s] Level 1:colcon.colcon_core.package_identification:_identify(parking_control_mvp/core) by extensions ['colcon_meta']
[0.116s] Level 1:colcon.colcon_core.package_identification:_identify(parking_control_mvp/core) by extension 'colcon_meta'
[0.116s] Level 1:colcon.colcon_core.package_identification:_identify(parking_control_mvp/core) by extensions ['ros']
[0.116s] Level 1:colcon.colcon_core.package_identification:_identify(parking_control_mvp/core) by extension 'ros'
[0.116s] Level 1:colcon.colcon_core.package_identification:_identify(parking_control_mvp/core) by extensions ['cmake', 'python']
[0.116s] Level 1:colcon.colcon_core.package_identification:_identify(parking_control_mvp/core) by extension 'cmake'
[0.116s] Level 1:colcon.colcon_core.package_identification:_identify(parking_control_mvp/core) by extension 'python'
[0.116s] Level 1:colcon.colcon_core.package_identification:_identify(parking_control_mvp/core) by extensions ['python_setup_py']
[0.116s] Level 1:colcon.colcon_core.package_identification:_identify(parking_control_mvp/core) by extension 'python_setup_py'
[0.116s] Level 1:colcon.colcon_core.package_identification:_identify(parking_control_mvp/core/__pycache__) by extensions ['ignore', 'ignore_ament_install']
[0.116s] Level 1:colcon.colcon_core.package_identification:_identify(parking_control_mvp/core/__pycache__) by extension 'ignore'
[0.116s] Level 1:colcon.colcon_core.package_identification:_identify(parking_control_mvp/core/__pycache__) by extension 'ignore_ament_install'
[0.116s] Level 1:colcon.colcon_core.package_identification:_identify(parking_control_mvp/core/__pycache__) by extensions ['colcon_pkg']
[0.116s] Level 1:colcon.colcon_core.package_identification:_identify(parking_control_mvp/core/__pycache__) by extension 'colcon_pkg'
[0.116s] Level 1:colcon.colcon_core.package_identification:_identify(parking_control_mvp/core/__pycache__) by extensions ['colcon_meta']
[0.116s] Level 1:colcon.colcon_core.package_identification:_identify(parking_control_mvp/core/__pycache__) by extension 'colcon_meta'
[0.116s] Level 1:colcon.colcon_core.package_identification:_identify(parking_control_mvp/core/__pycache__) by extensions ['ros']
[0.116s] Level 1:colcon.colcon_core.package_identification:_identify(parking_control_mvp/core/__pycache__) by extension 'ros'
[0.116s] Level 1:colcon.colcon_core.package_identification:_identify(parking_control_mvp/core/__pycache__) by extensions ['cmake', 'python']
[0.116s] Level 1:colcon.colcon_core.package_identification:_identify(parking_control_mvp/core/__pycache__) by extension 'cmake'
[0.117s] Level 1:colcon.colcon_core.package_identification:_identify(parking_control_mvp/core/__pycache__) by extension 'python'
[0.117s] Level 1:colcon.colcon_core.package_identification:_identify(parking_control_mvp/core/__pycache__) by extensions ['python_setup_py']
[0.117s] Level 1:colcon.colcon_core.package_identification:_identify(parking_control_mvp/core/__pycache__) by extension 'python_setup_py'
[0.117s] Level 1:colcon.colcon_core.package_identification:_identify(parking_control_mvp/sources) by extensions ['ignore', 'ignore_ament_install']
[0.117s] Level 1:colcon.colcon_core.package_identification:_identify(parking_control_mvp/sources) by extension 'ignore'
[0.117s] Level 1:colcon.colcon_core.package_identification:_identify(parking_control_mvp/sources) by extension 'ignore_ament_install'
[0.117s] Level 1:colcon.colcon_core.package_identification:_identify(parking_control_mvp/sources) by extensions ['colcon_pkg']
[0.117s] Level 1:colcon.colcon_core.package_identification:_identify(parking_control_mvp/sources) by extension 'colcon_pkg'
[0.117s] Level 1:colcon.colcon_core.package_identification:_identify(parking_control_mvp/sources) by extensions ['colcon_meta']
[0.117s] Level 1:colcon.colcon_core.package_identification:_identify(parking_control_mvp/sources) by extension 'colcon_meta'
[0.117s] Level 1:colcon.colcon_core.package_identification:_identify(parking_control_mvp/sources) by extensions ['ros']
[0.117s] Level 1:colcon.colcon_core.package_identification:_identify(parking_control_mvp/sources) by extension 'ros'
[0.117s] Level 1:colcon.colcon_core.package_identification:_identify(parking_control_mvp/sources) by extensions ['cmake', 'python']
[0.117s] Level 1:colcon.colcon_core.package_identification:_identify(parking_control_mvp/sources) by extension 'cmake'
[0.117s] Level 1:colcon.colcon_core.package_identification:_identify(parking_control_mvp/sources) by extension 'python'
[0.117s] Level 1:colcon.colcon_core.package_identification:_identify(parking_control_mvp/sources) by extensions ['python_setup_py']
[0.117s] Level 1:colcon.colcon_core.package_identification:_identify(parking_control_mvp/sources) by extension 'python_setup_py'
[0.117s] Level 1:colcon.colcon_core.package_identification:_identify(parking_control_mvp/sources/__pycache__) by extensions ['ignore', 'ignore_ament_install']
[0.117s] Level 1:colcon.colcon_core.package_identification:_identify(parking_control_mvp/sources/__pycache__) by extension 'ignore'
[0.117s] Level 1:colcon.colcon_core.package_identification:_identify(parking_control_mvp/sources/__pycache__) by extension 'ignore_ament_install'
[0.117s] Level 1:colcon.colcon_core.package_identification:_identify(parking_control_mvp/sources/__pycache__) by extensions ['colcon_pkg']
[0.117s] Level 1:colcon.colcon_core.package_identification:_identify(parking_control_mvp/sources/__pycache__) by extension 'colcon_pkg'
[0.117s] Level 1:colcon.colcon_core.package_identification:_identify(parking_control_mvp/sources/__pycache__) by extensions ['colcon_meta']
[0.117s] Level 1:colcon.colcon_core.package_identification:_identify(parking_control_mvp/sources/__pycache__) by extension 'colcon_meta'
[0.117s] Level 1:colcon.colcon_core.package_identification:_identify(parking_control_mvp/sources/__pycache__) by extensions ['ros']
[0.117s] Level 1:colcon.colcon_core.package_identification:_identify(parking_control_mvp/sources/__pycache__) by extension 'ros'
[0.117s] Level 1:colcon.colcon_core.package_identification:_identify(parking_control_mvp/sources/__pycache__) by extensions ['cmake', 'python']
[0.117s] Level 1:colcon.colcon_core.package_identification:_identify(parking_control_mvp/sources/__pycache__) by extension 'cmake'
[0.117s] Level 1:colcon.colcon_core.package_identification:_identify(parking_control_mvp/sources/__pycache__) by extension 'python'
[0.117s] Level 1:colcon.colcon_core.package_identification:_identify(parking_control_mvp/sources/__pycache__) by extensions ['python_setup_py']
[0.117s] Level 1:colcon.colcon_core.package_identification:_identify(parking_control_mvp/sources/__pycache__) by extension 'python_setup_py'
[0.117s] Level 1:colcon.colcon_core.package_identification:_identify(parking_control_mvp/static) by extensions ['ignore', 'ignore_ament_install']
[0.117s] Level 1:colcon.colcon_core.package_identification:_identify(parking_control_mvp/static) by extension 'ignore'
[0.117s] Level 1:colcon.colcon_core.package_identification:_identify(parking_control_mvp/static) by extension 'ignore_ament_install'
[0.117s] Level 1:colcon.colcon_core.package_identification:_identify(parking_control_mvp/static) by extensions ['colcon_pkg']
[0.117s] Level 1:colcon.colcon_core.package_identification:_identify(parking_control_mvp/static) by extension 'colcon_pkg'
[0.117s] Level 1:colcon.colcon_core.package_identification:_identify(parking_control_mvp/static) by extensions ['colcon_meta']
[0.117s] Level 1:colcon.colcon_core.package_identification:_identify(parking_control_mvp/static) by extension 'colcon_meta'
[0.117s] Level 1:colcon.colcon_core.package_identification:_identify(parking_control_mvp/static) by extensions ['ros']
[0.117s] Level 1:colcon.colcon_core.package_identification:_identify(parking_control_mvp/static) by extension 'ros'
[0.117s] Level 1:colcon.colcon_core.package_identification:_identify(parking_control_mvp/static) by extensions ['cmake', 'python']
[0.117s] Level 1:colcon.colcon_core.package_identification:_identify(parking_control_mvp/static) by extension 'cmake'
[0.117s] Level 1:colcon.colcon_core.package_identification:_identify(parking_control_mvp/static) by extension 'python'
[0.117s] Level 1:colcon.colcon_core.package_identification:_identify(parking_control_mvp/static) by extensions ['python_setup_py']
[0.117s] Level 1:colcon.colcon_core.package_identification:_identify(parking_control_mvp/static) by extension 'python_setup_py'
[0.117s] Level 1:colcon.colcon_core.package_identification:_identify(src) by extensions ['ignore', 'ignore_ament_install']
[0.117s] Level 1:colcon.colcon_core.package_identification:_identify(src) by extension 'ignore'
[0.117s] Level 1:colcon.colcon_core.package_identification:_identify(src) by extension 'ignore_ament_install'
[0.117s] Level 1:colcon.colcon_core.package_identification:_identify(src) by extensions ['colcon_pkg']
[0.117s] Level 1:colcon.colcon_core.package_identification:_identify(src) by extension 'colcon_pkg'
[0.117s] Level 1:colcon.colcon_core.package_identification:_identify(src) by extensions ['colcon_meta']
[0.117s] Level 1:colcon.colcon_core.package_identification:_identify(src) by extension 'colcon_meta'
[0.117s] Level 1:colcon.colcon_core.package_identification:_identify(src) by extensions ['ros']
[0.117s] Level 1:colcon.colcon_core.package_identification:_identify(src) by extension 'ros'
[0.117s] Level 1:colcon.colcon_core.package_identification:_identify(src) by extensions ['cmake', 'python']
[0.117s] Level 1:colcon.colcon_core.package_identification:_identify(src) by extension 'cmake'
[0.117s] Level 1:colcon.colcon_core.package_identification:_identify(src) by extension 'python'
[0.117s] Level 1:colcon.colcon_core.package_identification:_identify(src) by extensions ['python_setup_py']
[0.117s] Level 1:colcon.colcon_core.package_identification:_identify(src) by extension 'python_setup_py'
[0.117s] Level 1:colcon.colcon_core.package_identification:_identify(src/parkbot_aruco) by extensions ['ignore', 'ignore_ament_install']
[0.117s] Level 1:colcon.colcon_core.package_identification:_identify(src/parkbot_aruco) by extension 'ignore'
[0.118s] Level 1:colcon.colcon_core.package_identification:_identify(src/parkbot_aruco) by extension 'ignore_ament_install'
[0.118s] Level 1:colcon.colcon_core.package_identification:_identify(src/parkbot_aruco) by extensions ['colcon_pkg']
[0.118s] Level 1:colcon.colcon_core.package_identification:_identify(src/parkbot_aruco) by extension 'colcon_pkg'
[0.118s] Level 1:colcon.colcon_core.package_identification:_identify(src/parkbot_aruco) by extensions ['colcon_meta']
[0.118s] Level 1:colcon.colcon_core.package_identification:_identify(src/parkbot_aruco) by extension 'colcon_meta'
[0.118s] Level 1:colcon.colcon_core.package_identification:_identify(src/parkbot_aruco) by extensions ['ros']
[0.118s] Level 1:colcon.colcon_core.package_identification:_identify(src/parkbot_aruco) by extension 'ros'
[0.119s] DEBUG:colcon.colcon_core.package_identification:Package 'src/parkbot_aruco' with type 'ros.ament_python' and name 'parkbot_aruco'
[0.119s] Level 1:colcon.colcon_core.package_identification:_identify(src/parkbot_motion) by extensions ['ignore', 'ignore_ament_install']
[0.119s] Level 1:colcon.colcon_core.package_identification:_identify(src/parkbot_motion) by extension 'ignore'
[0.119s] Level 1:colcon.colcon_core.package_identification:_identify(src/parkbot_motion) by extension 'ignore_ament_install'
[0.119s] Level 1:colcon.colcon_core.package_identification:_identify(src/parkbot_motion) by extensions ['colcon_pkg']
[0.119s] Level 1:colcon.colcon_core.package_identification:_identify(src/parkbot_motion) by extension 'colcon_pkg'
[0.119s] Level 1:colcon.colcon_core.package_identification:_identify(src/parkbot_motion) by extensions ['colcon_meta']
[0.119s] Level 1:colcon.colcon_core.package_identification:_identify(src/parkbot_motion) by extension 'colcon_meta'
[0.119s] Level 1:colcon.colcon_core.package_identification:_identify(src/parkbot_motion) by extensions ['ros']
[0.119s] Level 1:colcon.colcon_core.package_identification:_identify(src/parkbot_motion) by extension 'ros'
[0.120s] DEBUG:colcon.colcon_core.package_identification:Package 'src/parkbot_motion' with type 'ros.ament_python' and name 'parkbot_motion'
[0.120s] Level 1:colcon.colcon_core.package_identification:_identify(src/parking_robot_interfaces) by extensions ['ignore', 'ignore_ament_install']
[0.120s] Level 1:colcon.colcon_core.package_identification:_identify(src/parking_robot_interfaces) by extension 'ignore'
[0.120s] Level 1:colcon.colcon_core.package_identification:_identify(src/parking_robot_interfaces) by extension 'ignore_ament_install'
[0.120s] Level 1:colcon.colcon_core.package_identification:_identify(src/parking_robot_interfaces) by extensions ['colcon_pkg']
[0.120s] Level 1:colcon.colcon_core.package_identification:_identify(src/parking_robot_interfaces) by extension 'colcon_pkg'
[0.120s] Level 1:colcon.colcon_core.package_identification:_identify(src/parking_robot_interfaces) by extensions ['colcon_meta']
[0.120s] Level 1:colcon.colcon_core.package_identification:_identify(src/parking_robot_interfaces) by extension 'colcon_meta'
[0.120s] Level 1:colcon.colcon_core.package_identification:_identify(src/parking_robot_interfaces) by extensions ['ros']
[0.120s] Level 1:colcon.colcon_core.package_identification:_identify(src/parking_robot_interfaces) by extension 'ros'
[0.120s] DEBUG:colcon.colcon_core.package_identification:Package 'src/parking_robot_interfaces' with type 'ros.ament_cmake' and name 'parking_robot_interfaces'
[0.120s] Level 1:colcon.colcon_core.package_discovery:discover_packages(recursive) using defaults
[0.120s] Level 1:colcon.colcon_core.package_discovery:discover_packages(ignore) discover
[0.120s] Level 1:colcon.colcon_core.package_discovery:discover_packages(ignore) using defaults
[0.120s] Level 1:colcon.colcon_core.package_discovery:discover_packages(path) discover
[0.120s] Level 1:colcon.colcon_core.package_discovery:discover_packages(path) using defaults
