running develop
Removing /home/rokey/p3/cobot_ws/install/parkbot_motion/lib/python3.10/site-packages/parkbot-motion.egg-link (link to .)
running egg_info
writing ../../build/parkbot_motion/parkbot_motion.egg-info/PKG-INFO
writing dependency_links to ../../build/parkbot_motion/parkbot_motion.egg-info/dependency_links.txt
writing entry points to ../../build/parkbot_motion/parkbot_motion.egg-info/entry_points.txt
writing requirements to ../../build/parkbot_motion/parkbot_motion.egg-info/requires.txt
writing top-level names to ../../build/parkbot_motion/parkbot_motion.egg-info/top_level.txt
reading manifest file '../../build/parkbot_motion/parkbot_motion.egg-info/SOURCES.txt'
writing manifest file '../../build/parkbot_motion/parkbot_motion.egg-info/SOURCES.txt'
running build
running build_py
copying parkbot_motion/pickup_orchestrator_node.py -> /home/rokey/p3/cobot_ws/build/parkbot_motion/build/lib/parkbot_motion
copying parkbot_motion/carry_action_server.py -> /home/rokey/p3/cobot_ws/build/parkbot_motion/build/lib/parkbot_motion
copying parkbot_motion/pickup_choreography.py -> /home/rokey/p3/cobot_ws/build/parkbot_motion/build/lib/parkbot_motion
copying parkbot_motion/formation.py -> /home/rokey/p3/cobot_ws/build/parkbot_motion/build/lib/parkbot_motion
running install
running install_lib
creating /home/rokey/p3/cobot_ws/install/parkbot_motion/lib/python3.10/site-packages/parkbot_motion
copying /home/rokey/p3/cobot_ws/build/parkbot_motion/build/lib/parkbot_motion/pose_controller_node.py -> /home/rokey/p3/cobot_ws/install/parkbot_motion/lib/python3.10/site-packages/parkbot_motion
copying /home/rokey/p3/cobot_ws/build/parkbot_motion/build/lib/parkbot_motion/pickup_orchestrator_node.py -> /home/rokey/p3/cobot_ws/install/parkbot_motion/lib/python3.10/site-packages/parkbot_motion
copying /home/rokey/p3/cobot_ws/build/parkbot_motion/build/lib/parkbot_motion/mecanum_kinematics.py -> /home/rokey/p3/cobot_ws/install/parkbot_motion/lib/python3.10/site-packages/parkbot_motion
copying /home/rokey/p3/cobot_ws/build/parkbot_motion/build/lib/parkbot_motion/ingress_node.py -> /home/rokey/p3/cobot_ws/install/parkbot_motion/lib/python3.10/site-packages/parkbot_motion
copying /home/rokey/p3/cobot_ws/build/parkbot_motion/build/lib/parkbot_motion/carry_action_server.py -> /home/rokey/p3/cobot_ws/install/parkbot_motion/lib/python3.10/site-packages/parkbot_motion
copying /home/rokey/p3/cobot_ws/build/parkbot_motion/build/lib/parkbot_motion/pickup_choreography.py -> /home/rokey/p3/cobot_ws/install/parkbot_motion/lib/python3.10/site-packages/parkbot_motion
copying /home/rokey/p3/cobot_ws/build/parkbot_motion/build/lib/parkbot_motion/lift_action_server.py -> /home/rokey/p3/cobot_ws/install/parkbot_motion/lib/python3.10/site-packages/parkbot_motion
copying /home/rokey/p3/cobot_ws/build/parkbot_motion/build/lib/parkbot_motion/axle_detector_node.py -> /home/rokey/p3/cobot_ws/install/parkbot_motion/lib/python3.10/site-packages/parkbot_motion
copying /home/rokey/p3/cobot_ws/build/parkbot_motion/build/lib/parkbot_motion/axle_center.py -> /home/rokey/p3/cobot_ws/install/parkbot_motion/lib/python3.10/site-packages/parkbot_motion
copying /home/rokey/p3/cobot_ws/build/parkbot_motion/build/lib/parkbot_motion/__init__.py -> /home/rokey/p3/cobot_ws/install/parkbot_motion/lib/python3.10/site-packages/parkbot_motion
copying /home/rokey/p3/cobot_ws/build/parkbot_motion/build/lib/parkbot_motion/mission_control.py -> /home/rokey/p3/cobot_ws/install/parkbot_motion/lib/python3.10/site-packages/parkbot_motion
copying /home/rokey/p3/cobot_ws/build/parkbot_motion/build/lib/parkbot_motion/pose_controller.py -> /home/rokey/p3/cobot_ws/install/parkbot_motion/lib/python3.10/site-packages/parkbot_motion
copying /home/rokey/p3/cobot_ws/build/parkbot_motion/build/lib/parkbot_motion/formation.py -> /home/rokey/p3/cobot_ws/install/parkbot_motion/lib/python3.10/site-packages/parkbot_motion
copying /home/rokey/p3/cobot_ws/build/parkbot_motion/build/lib/parkbot_motion/wheel_odometry.py -> /home/rokey/p3/cobot_ws/install/parkbot_motion/lib/python3.10/site-packages/parkbot_motion
copying /home/rokey/p3/cobot_ws/build/parkbot_motion/build/lib/parkbot_motion/depth_stop_detector.py -> /home/rokey/p3/cobot_ws/install/parkbot_motion/lib/python3.10/site-packages/parkbot_motion
copying /home/rokey/p3/cobot_ws/build/parkbot_motion/build/lib/parkbot_motion/ingress_control.py -> /home/rokey/p3/cobot_ws/install/parkbot_motion/lib/python3.10/site-packages/parkbot_motion
byte-compiling /home/rokey/p3/cobot_ws/install/parkbot_motion/lib/python3.10/site-packages/parkbot_motion/pose_controller_node.py to pose_controller_node.cpython-310.pyc
byte-compiling /home/rokey/p3/cobot_ws/install/parkbot_motion/lib/python3.10/site-packages/parkbot_motion/pickup_orchestrator_node.py to pickup_orchestrator_node.cpython-310.pyc
byte-compiling /home/rokey/p3/cobot_ws/install/parkbot_motion/lib/python3.10/site-packages/parkbot_motion/mecanum_kinematics.py to mecanum_kinematics.cpython-310.pyc
byte-compiling /home/rokey/p3/cobot_ws/install/parkbot_motion/lib/python3.10/site-packages/parkbot_motion/ingress_node.py to ingress_node.cpython-310.pyc
byte-compiling /home/rokey/p3/cobot_ws/install/parkbot_motion/lib/python3.10/site-packages/parkbot_motion/carry_action_server.py to carry_action_server.cpython-310.pyc
byte-compiling /home/rokey/p3/cobot_ws/install/parkbot_motion/lib/python3.10/site-packages/parkbot_motion/pickup_choreography.py to pickup_choreography.cpython-310.pyc
byte-compiling /home/rokey/p3/cobot_ws/install/parkbot_motion/lib/python3.10/site-packages/parkbot_motion/lift_action_server.py to lift_action_server.cpython-310.pyc
byte-compiling /home/rokey/p3/cobot_ws/install/parkbot_motion/lib/python3.10/site-packages/parkbot_motion/axle_detector_node.py to axle_detector_node.cpython-310.pyc
byte-compiling /home/rokey/p3/cobot_ws/install/parkbot_motion/lib/python3.10/site-packages/parkbot_motion/axle_center.py to axle_center.cpython-310.pyc
byte-compiling /home/rokey/p3/cobot_ws/install/parkbot_motion/lib/python3.10/site-packages/parkbot_motion/__init__.py to __init__.cpython-310.pyc
byte-compiling /home/rokey/p3/cobot_ws/install/parkbot_motion/lib/python3.10/site-packages/parkbot_motion/mission_control.py to mission_control.cpython-310.pyc
byte-compiling /home/rokey/p3/cobot_ws/install/parkbot_motion/lib/python3.10/site-packages/parkbot_motion/pose_controller.py to pose_controller.cpython-310.pyc
byte-compiling /home/rokey/p3/cobot_ws/install/parkbot_motion/lib/python3.10/site-packages/parkbot_motion/formation.py to formation.cpython-310.pyc
byte-compiling /home/rokey/p3/cobot_ws/install/parkbot_motion/lib/python3.10/site-packages/parkbot_motion/wheel_odometry.py to wheel_odometry.cpython-310.pyc
byte-compiling /home/rokey/p3/cobot_ws/install/parkbot_motion/lib/python3.10/site-packages/parkbot_motion/depth_stop_detector.py to depth_stop_detector.cpython-310.pyc
byte-compiling /home/rokey/p3/cobot_ws/install/parkbot_motion/lib/python3.10/site-packages/parkbot_motion/ingress_control.py to ingress_control.cpython-310.pyc
running install_data
copying resource/parkbot_motion -> /home/rokey/p3/cobot_ws/install/parkbot_motion/share/ament_index/resource_index/packages
copying package.xml -> /home/rokey/p3/cobot_ws/install/parkbot_motion/share/parkbot_motion
creating /home/rokey/p3/cobot_ws/install/parkbot_motion/share/parkbot_motion/launch
copying launch/nodes.launch.py -> /home/rokey/p3/cobot_ws/install/parkbot_motion/share/parkbot_motion/launch
running install_egg_info
Copying ../../build/parkbot_motion/parkbot_motion.egg-info to /home/rokey/p3/cobot_ws/install/parkbot_motion/lib/python3.10/site-packages/parkbot_motion-0.1.0-py3.10.egg-info
running install_scripts
Installing axle_detector_node script to /home/rokey/p3/cobot_ws/install/parkbot_motion/lib/parkbot_motion
Installing carry_action_server script to /home/rokey/p3/cobot_ws/install/parkbot_motion/lib/parkbot_motion
Installing ingress_node script to /home/rokey/p3/cobot_ws/install/parkbot_motion/lib/parkbot_motion
Installing lift_action_server script to /home/rokey/p3/cobot_ws/install/parkbot_motion/lib/parkbot_motion
Installing pickup_orchestrator_node script to /home/rokey/p3/cobot_ws/install/parkbot_motion/lib/parkbot_motion
Installing pose_controller_node script to /home/rokey/p3/cobot_ws/install/parkbot_motion/lib/parkbot_motion
writing list of installed files to '/home/rokey/p3/cobot_ws/build/parkbot_motion/install.log'
